Archive member included to satisfy reference by file (symbol)

/usr/lib/gcc/arm-none-eabi/9.2.1/thumb/v7e-m+fp/hard/libgcc.a(_arm_muldf3.o)
                              /home/sachin/Documents/Vaman/qorc-sdk/qf_apps/Vaman_Blink_MotorControl/GCC_Project/output/main.o (__aeabi_dmul)
/usr/lib/gcc/arm-none-eabi/9.2.1/thumb/v7e-m+fp/hard/libgcc.a(_arm_addsubdf3.o)
                              /home/sachin/Documents/Vaman/qorc-sdk/qf_apps/Vaman_Blink_MotorControl/GCC_Project/output/main.o (__aeabi_dsub)
/usr/lib/gcc/arm-none-eabi/9.2.1/thumb/v7e-m+fp/hard/libgcc.a(_arm_muldivdf3.o)
                              /home/sachin/Documents/Vaman/qorc-sdk/qf_apps/Vaman_Blink_MotorControl/GCC_Project/output/eoss3_hal_i2c.o (__aeabi_ddiv)
/usr/lib/gcc/arm-none-eabi/9.2.1/thumb/v7e-m+fp/hard/libgcc.a(_arm_fixdfsi.o)
                              /home/sachin/Documents/Vaman/qorc-sdk/qf_apps/Vaman_Blink_MotorControl/GCC_Project/output/main.o (__aeabi_d2iz)
/usr/lib/gcc/arm-none-eabi/9.2.1/thumb/v7e-m+fp/hard/libgcc.a(_arm_truncdfsf2.o)
                              /home/sachin/Documents/Vaman/qorc-sdk/qf_apps/Vaman_Blink_MotorControl/GCC_Project/output/eoss3_hal_i2c.o (__aeabi_d2f)
/usr/lib/gcc/arm-none-eabi/9.2.1/thumb/v7e-m+fp/hard/libgcc.a(_aeabi_ldivmod.o)
                              /home/sachin/Documents/Vaman/qorc-sdk/qf_apps/Vaman_Blink_MotorControl/GCC_Project/output/dbg_uart.o (__aeabi_ldivmod)
/usr/lib/gcc/arm-none-eabi/9.2.1/thumb/v7e-m+fp/hard/libgcc.a(_aeabi_uldivmod.o)
                              /home/sachin/Documents/Vaman/qorc-sdk/qf_apps/Vaman_Blink_MotorControl/GCC_Project/output/s3x_lpm.o (__aeabi_uldivmod)
/usr/lib/gcc/arm-none-eabi/9.2.1/thumb/v7e-m+fp/hard/libgcc.a(_udivmoddi4.o)
                              /usr/lib/gcc/arm-none-eabi/9.2.1/thumb/v7e-m+fp/hard/libgcc.a(_aeabi_ldivmod.o) (__udivmoddi4)
/usr/lib/gcc/arm-none-eabi/9.2.1/thumb/v7e-m+fp/hard/libgcc.a(_dvmd_tls.o)
                              /usr/lib/gcc/arm-none-eabi/9.2.1/thumb/v7e-m+fp/hard/libgcc.a(_aeabi_ldivmod.o) (__aeabi_ldiv0)
/usr/lib/gcc/arm-none-eabi/9.2.1/../../../arm-none-eabi/lib/thumb/v7e-m+fp/hard/libg_nano.a(lib_a-atexit.o)
                              /usr/lib/gcc/arm-none-eabi/9.2.1/../../../arm-none-eabi/lib/thumb/v7e-m+fp/hard/crt0.o (atexit)
/usr/lib/gcc/arm-none-eabi/9.2.1/../../../arm-none-eabi/lib/thumb/v7e-m+fp/hard/libg_nano.a(lib_a-exit.o)
                              /usr/lib/gcc/arm-none-eabi/9.2.1/../../../arm-none-eabi/lib/thumb/v7e-m+fp/hard/crt0.o (exit)
/usr/lib/gcc/arm-none-eabi/9.2.1/../../../arm-none-eabi/lib/thumb/v7e-m+fp/hard/libg_nano.a(lib_a-fini.o)
                              /usr/lib/gcc/arm-none-eabi/9.2.1/../../../arm-none-eabi/lib/thumb/v7e-m+fp/hard/crt0.o (__libc_fini_array)
/usr/lib/gcc/arm-none-eabi/9.2.1/../../../arm-none-eabi/lib/thumb/v7e-m+fp/hard/libg_nano.a(lib_a-impure.o)
                              /usr/lib/gcc/arm-none-eabi/9.2.1/../../../arm-none-eabi/lib/thumb/v7e-m+fp/hard/libg_nano.a(lib_a-exit.o) (_global_impure_ptr)
/usr/lib/gcc/arm-none-eabi/9.2.1/../../../arm-none-eabi/lib/thumb/v7e-m+fp/hard/libg_nano.a(lib_a-init.o)
                              /usr/lib/gcc/arm-none-eabi/9.2.1/../../../arm-none-eabi/lib/thumb/v7e-m+fp/hard/crt0.o (__libc_init_array)
/usr/lib/gcc/arm-none-eabi/9.2.1/../../../arm-none-eabi/lib/thumb/v7e-m+fp/hard/libg_nano.a(lib_a-malloc.o)
                              /home/sachin/Documents/Vaman/qorc-sdk/qf_apps/Vaman_Blink_MotorControl/GCC_Project/output/circularBuffQueue.o (malloc)
/usr/lib/gcc/arm-none-eabi/9.2.1/../../../arm-none-eabi/lib/thumb/v7e-m+fp/hard/libg_nano.a(lib_a-memcpy.o)
                              /home/sachin/Documents/Vaman/qorc-sdk/qf_apps/Vaman_Blink_MotorControl/GCC_Project/output/cli_args.o (memcpy)
/usr/lib/gcc/arm-none-eabi/9.2.1/../../../arm-none-eabi/lib/thumb/v7e-m+fp/hard/libg_nano.a(lib_a-memset.o)
                              /usr/lib/gcc/arm-none-eabi/9.2.1/../../../arm-none-eabi/lib/thumb/v7e-m+fp/hard/crt0.o (memset)
/usr/lib/gcc/arm-none-eabi/9.2.1/../../../arm-none-eabi/lib/thumb/v7e-m+fp/hard/libg_nano.a(lib_a-nano-freer.o)
                              /usr/lib/gcc/arm-none-eabi/9.2.1/../../../arm-none-eabi/lib/thumb/v7e-m+fp/hard/libg_nano.a(lib_a-malloc.o) (_free_r)
/usr/lib/gcc/arm-none-eabi/9.2.1/../../../arm-none-eabi/lib/thumb/v7e-m+fp/hard/libg_nano.a(lib_a-nano-mallocr.o)
                              /usr/lib/gcc/arm-none-eabi/9.2.1/../../../arm-none-eabi/lib/thumb/v7e-m+fp/hard/libg_nano.a(lib_a-malloc.o) (_malloc_r)
/usr/lib/gcc/arm-none-eabi/9.2.1/../../../arm-none-eabi/lib/thumb/v7e-m+fp/hard/libg_nano.a(lib_a-printf.o)
                              /home/sachin/Documents/Vaman/qorc-sdk/qf_apps/Vaman_Blink_MotorControl/GCC_Project/output/circularBuffQueue.o (printf)
/usr/lib/gcc/arm-none-eabi/9.2.1/../../../arm-none-eabi/lib/thumb/v7e-m+fp/hard/libg_nano.a(lib_a-puts.o)
[...]
Memory Configuration

Name             Origin             Length             Attributes
rom              0x0000000000000000 0x0000000000027000 xr
ram              0x0000000020027000 0x000000000003c800 xrw
spiram           0x0000000020063800 0x0000000000000800 rw
HWA              0x0000000020064000 0x0000000000018000 rw
shm              0x000000002007c000 0x0000000000004000
*default*        0x0000000000000000 0xffffffffffffffff

Linker script and memory map

LOAD /usr/lib/gcc/arm-none-eabi/9.2.1/thumb/v7e-m+fp/hard/crti.o
LOAD /usr/lib/gcc/arm-none-eabi/9.2.1/thumb/v7e-m+fp/hard/crtbegin.o
LOAD /usr/lib/gcc/arm-none-eabi/9.2.1/../../../arm-none-eabi/lib/thumb/v7e-m+fp/hard/crt0.o
LOAD /home/sachin/Documents/Vaman/qorc-sdk/qf_apps/Vaman_Blink_MotorControl/GCC_Project/output/battery_level_monitor.o
LOAD /home/sachin/Documents/Vaman/qorc-sdk/qf_apps/Vaman_Blink_MotorControl/GCC_Project/output/c_lib_retarget.o
LOAD /home/sachin/Documents/Vaman/qorc-sdk/qf_apps/Vaman_Blink_MotorControl/GCC_Project/output/circularBuffQueue.o
LOAD /home/sachin/Documents/Vaman/qorc-sdk/qf_apps/Vaman_Blink_MotorControl/GCC_Project/output/cli_args.o
LOAD /home/sachin/Documents/Vaman/qorc-sdk/qf_apps/Vaman_Blink_MotorControl/GCC_Project/output/cli_hexdump.o
LOAD /home/sachin/Documents/Vaman/qorc-sdk/qf_apps/Vaman_Blink_MotorControl/GCC_Project/output/cli_io.o
LOAD /home/sachin/Documents/Vaman/qorc-sdk/qf_apps/Vaman_Blink_MotorControl/GCC_Project/output/cli_loop.o
LOAD /home/sachin/Documents/Vaman/qorc-sdk/qf_apps/Vaman_Blink_MotorControl/GCC_Project/output/cli_misc.o
LOAD /home/sachin/Documents/Vaman/qorc-sdk/qf_apps/Vaman_Blink_MotorControl/GCC_Project/output/cli_platform.o
LOAD /home/sachin/Documents/Vaman/qorc-sdk/qf_apps/Vaman_Blink_MotorControl/GCC_Project/output/cli_stdcmds.o
LOAD /home/sachin/Documents/Vaman/qorc-sdk/qf_apps/Vaman_Blink_MotorControl/GCC_Project/output/crc16.o
LOAD /home/sachin/Documents/Vaman/qorc-sdk/qf_apps/Vaman_Blink_MotorControl/GCC_Project/output/crc32.o
LOAD /home/sachin/Documents/Vaman/qorc-sdk/qf_apps/Vaman_Blink_MotorControl/GCC_Project/output/croutine.o
LOAD /home/sachin/Documents/Vaman/qorc-sdk/qf_apps/Vaman_Blink_MotorControl/GCC_Project/output/dbg_bufferedprinttask.o
LOAD /home/sachin/Documents/Vaman/qorc-sdk/qf_apps/Vaman_Blink_MotorControl/GCC_Project/output/dbg_queue_monitor.o
LOAD /home/sachin/Documents/Vaman/qorc-sdk/qf_apps/Vaman_Blink_MotorControl/GCC_Project/output/dbg_uart.o
LOAD /home/sachin/Documents/Vaman/qorc-sdk/qf_apps/Vaman_Blink_MotorControl/GCC_Project/output/dbgtrace.o
LOAD /home/sachin/Documents/Vaman/qorc-sdk/qf_apps/Vaman_Blink_MotorControl/GCC_Project/output/eoss3_hal_adc.o
LOAD /home/sachin/Documents/Vaman/qorc-sdk/qf_apps/Vaman_Blink_MotorControl/GCC_Project/output/eoss3_hal_gpio.o
LOAD /home/sachin/Documents/Vaman/qorc-sdk/qf_apps/Vaman_Blink_MotorControl/GCC_Project/output/eoss3_hal_i2c.o
LOAD /home/sachin/Documents/Vaman/qorc-sdk/qf_apps/Vaman_Blink_MotorControl/GCC_Project/output/eoss3_hal_i2s.o
LOAD /home/sachin/Documents/Vaman/qorc-sdk/qf_apps/Vaman_Blink_MotorControl/GCC_Project/output/eoss3_hal_i2s_slave_assp.o
LOAD /home/sachin/Documents/Vaman/qorc-sdk/qf_apps/Vaman_Blink_MotorControl/GCC_Project/output/eoss3_hal_pad_config.o
LOAD /home/sachin/Documents/Vaman/qorc-sdk/qf_apps/Vaman_Blink_MotorControl/GCC_Project/output/eoss3_hal_pkfb.o
LOAD /home/sachin/Documents/Vaman/qorc-sdk/qf_apps/Vaman_Blink_MotorControl/GCC_Project/output/eoss3_hal_rtc.o
LOAD /home/sachin/Documents/Vaman/qorc-sdk/qf_apps/Vaman_Blink_MotorControl/GCC_Project/output/eoss3_hal_sdma.o
LOAD /home/sachin/Documents/Vaman/qorc-sdk/qf_apps/Vaman_Blink_MotorControl/GCC_Project/output/eoss3_hal_spi.o
LOAD /home/sachin/Documents/Vaman/qorc-sdk/qf_apps/Vaman_Blink_MotorControl/GCC_Project/output/eoss3_hal_timer.o
LOAD /home/sachin/Documents/Vaman/qorc-sdk/qf_apps/Vaman_Blink_MotorControl/GCC_Project/output/eoss3_hal_uart.o
LOAD /home/sachin/Documents/Vaman/qorc-sdk/qf_apps/Vaman_Blink_MotorControl/GCC_Project/output/eoss3_hal_wb.o
LOAD /home/sachin/Documents/Vaman/qorc-sdk/qf_apps/Vaman_Blink_MotorControl/GCC_Project/output/eoss3_hal_wdt.o
LOAD /home/sachin/Documents/Vaman/qorc-sdk/qf_apps/Vaman_Blink_MotorControl/GCC_Project/output/event_groups.o
LOAD /home/sachin/Documents/Vaman/qorc-sdk/qf_apps/Vaman_Blink_MotorControl/GCC_Project/output/exceptions.o
LOAD /home/sachin/Documents/Vaman/qorc-sdk/qf_apps/Vaman_Blink_MotorControl/GCC_Project/output/freertos_static_memory.o
LOAD /home/sachin/Documents/Vaman/qorc-sdk/qf_apps/Vaman_Blink_MotorControl/GCC_Project/output/heap_4.o
LOAD /home/sachin/Documents/Vaman/qorc-sdk/qf_apps/Vaman_Blink_MotorControl/GCC_Project/output/hearable_pwrcfg.o
LOAD /home/sachin/Documents/Vaman/qorc-sdk/qf_apps/Vaman_Blink_MotorControl/GCC_Project/output/leds.o
LOAD /home/sachin/Documents/Vaman/qorc-sdk/qf_apps/Vaman_Blink_MotorControl/GCC_Project/output/list.o
LOAD /home/sachin/Documents/Vaman/qorc-sdk/qf_apps/Vaman_Blink_MotorControl/GCC_Project/output/main.o
LOAD /home/sachin/Documents/Vaman/qorc-sdk/qf_apps/Vaman_Blink_MotorControl/GCC_Project/output/main_dbg_cli_menu.o
LOAD /home/sachin/Documents/Vaman/qorc-sdk/qf_apps/Vaman_Blink_MotorControl/GCC_Project/output/pincfg_table.o
LOAD /home/sachin/Documents/Vaman/qorc-sdk/qf_apps/Vaman_Blink_MotorControl/GCC_Project/output/port.o
LOAD /home/sachin/Documents/Vaman/qorc-sdk/qf_apps/Vaman_Blink_MotorControl/GCC_Project/output/qf_baremetalsetup.o
LOAD /home/sachin/Documents/Vaman/qorc-sdk/qf_apps/Vaman_Blink_MotorControl/GCC_Project/output/qf_hardwaresetup.o
LOAD /home/sachin/Documents/Vaman/qorc-sdk/qf_apps/Vaman_Blink_MotorControl/GCC_Project/output/ql_base64.o
LOAD /home/sachin/Documents/Vaman/qorc-sdk/qf_apps/Vaman_Blink_MotorControl/GCC_Project/output/ql_stackwatermark.o
LOAD /home/sachin/Documents/Vaman/qorc-sdk/qf_apps/Vaman_Blink_MotorControl/GCC_Project/output/ql_test_signals.o
LOAD /home/sachin/Documents/Vaman/qorc-sdk/qf_apps/Vaman_Blink_MotorControl/GCC_Project/output/ql_time.o
LOAD /home/sachin/Documents/Vaman/qorc-sdk/qf_apps/Vaman_Blink_MotorControl/GCC_Project/output/queue.o
LOAD /home/sachin/Documents/Vaman/qorc-sdk/qf_apps/Vaman_Blink_MotorControl/GCC_Project/output/s3x_clock.o
LOAD /home/sachin/Documents/Vaman/qorc-sdk/qf_apps/Vaman_Blink_MotorControl/GCC_Project/output/s3x_clock_hal.o
LOAD /home/sachin/Documents/Vaman/qorc-sdk/qf_apps/Vaman_Blink_MotorControl/GCC_Project/output/s3x_cpuload.o
LOAD /home/sachin/Documents/Vaman/qorc-sdk/qf_apps/Vaman_Blink_MotorControl/GCC_Project/output/s3x_dfs.o
LOAD /home/sachin/Documents/Vaman/qorc-sdk/qf_apps/Vaman_Blink_MotorControl/GCC_Project/output/s3x_lpm.o
LOAD /home/sachin/Documents/Vaman/qorc-sdk/qf_apps/Vaman_Blink_MotorControl/GCC_Project/output/s3x_pi.o
LOAD /home/sachin/Documents/Vaman/qorc-sdk/qf_apps/Vaman_Blink_MotorControl/GCC_Project/output/s3x_pwrcfg.o
LOAD /home/sachin/Documents/Vaman/qorc-sdk/qf_apps/Vaman_Blink_MotorControl/GCC_Project/output/s3x_qos.o
LOAD /home/sachin/Documents/Vaman/qorc-sdk/qf_apps/Vaman_Blink_MotorControl/GCC_Project/output/sec_debug.o
LOAD /home/sachin/Documents/Vaman/qorc-sdk/qf_apps/Vaman_Blink_MotorControl/GCC_Project/output/spi_flash.o
LOAD /home/sachin/Documents/Vaman/qorc-sdk/qf_apps/Vaman_Blink_MotorControl/GCC_Project/output/startup_EOSS3B_GCC.o
LOAD /home/sachin/Documents/Vaman/qorc-sdk/qf_apps/Vaman_Blink_MotorControl/GCC_Project/output/stream_buffer.o
LOAD /home/sachin/Documents/Vaman/qorc-sdk/qf_apps/Vaman_Blink_MotorControl/GCC_Project/output/tasks.o
LOAD /home/sachin/Documents/Vaman/qorc-sdk/qf_apps/Vaman_Blink_MotorControl/GCC_Project/output/timers.o
LOAD /home/sachin/Documents/Vaman/qorc-sdk/qf_apps/Vaman_Blink_MotorControl/GCC_Project/output/vectors_CM4F_gcc.o
LOAD /home/sachin/Documents/Vaman/qorc-sdk/qf_apps/Vaman_Blink_MotorControl/GCC_Project/output/watchdog.o
LOAD /usr/lib/gcc/arm-none-eabi/9.2.1/../../../arm-none-eabi/lib/thumb/v7e-m+fp/hard/libm.a
LOAD /home/sachin/Documents/Vaman/qorc-sdk/qf_apps/Vaman_Blink_MotorControl/GCC_Project/../../../Libraries/CMSIS/lib/GCC/libarm_cortexM4lf_math.a
START GROUP
LOAD /usr/lib/gcc/arm-none-eabi/9.2.1/thumb/v7e-m+fp/hard/libgcc.a
LOAD /usr/lib/gcc/arm-none-eabi/9.2.1/../../../arm-none-eabi/lib/thumb/v7e-m+fp/hard/libg_nano.a
LOAD /usr/lib/gcc/arm-none-eabi/9.2.1/../../../arm-none-eabi/lib/thumb/v7e-m+fp/hard/libc_nano.a
END GROUP
START GROUP
LOAD /usr/lib/gcc/arm-none-eabi/9.2.1/thumb/v7e-m+fp/hard/libgcc.a
LOAD /usr/lib/gcc/arm-none-eabi/9.2.1/../../../arm-none-eabi/lib/thumb/v7e-m+fp/hard/libc_nano.a
LOAD /usr/lib/gcc/arm-none-eabi/9.2.1/../../../arm-none-eabi/lib/thumb/v7e-m+fp/hard/libnosys.a
END GROUP
START GROUP
LOAD /usr/lib/gcc/arm-none-eabi/9.2.1/thumb/v7e-m+fp/hard/libgcc.a
LOAD /usr/lib/gcc/arm-none-eabi/9.2.1/../../../arm-none-eabi/lib/thumb/v7e-m+fp/hard/libc_nano.a
LOAD /usr/lib/gcc/arm-none-eabi/9.2.1/../../../arm-none-eabi/lib/thumb/v7e-m+fp/hard/libnosys.a
END GROUP
LOAD /usr/lib/gcc/arm-none-eabi/9.2.1/thumb/v7e-m+fp/hard/crtend.o
LOAD /usr/lib/gcc/arm-none-eabi/9.2.1/thumb/v7e-m+fp/hard/crtn.o

.text           0x0000000000000000     0xa185
 *(.isr_vector)
 .isr_vector    0x0000000000000000      0x124 /home/sachin/Documents/Vaman/qorc-sdk/qf_apps/Vaman_Blink_MotorControl/GCC_Project/output/vectors_CM4F_gcc.o
                0x0000000000000000                __Vectors
 *(.text*)
 .text          0x0000000000000124       0x88 /usr/lib/gcc/arm-none-eabi/9.2.1/thumb/v7e-m+fp/hard/crtbegin.o
 .text          0x00000000000001ac       0x70 /usr/lib/gcc/arm-none-eabi/9.2.1/../../../arm-none-eabi/lib/thumb/v7e-m+fp/hard/crt0.o
                0x00000000000001ac                _stack_init
                0x00000000000001b4                _mainCRTStartup
                0x00000000000001b4                _start
 .text._write   0x000000000000021c        0xe /home/sachin/Documents/Vaman/qorc-sdk/qf_apps/Vaman_Blink_MotorControl/GCC_Project/output/c_lib_retarget.o
                0x000000000000021c                _write
 .text._close   0x000000000000022a        0x6 /home/sachin/Documents/Vaman/qorc-sdk/qf_apps/Vaman_Blink_MotorControl/GCC_Project/output/c_lib_retarget.o
                0x000000000000022a                _close
 .text._lseek   0x0000000000000230        0x4 /home/sachin/Documents/Vaman/qorc-sdk/qf_apps/Vaman_Blink_MotorControl/GCC_Project/output/c_lib_retarget.o
                0x0000000000000230                _lseek
 .text._read    0x0000000000000234        0x4 /home/sachin/Documents/Vaman/qorc-sdk/qf_apps/Vaman_Blink_MotorControl/GCC_Project/output/c_lib_retarget.o
                0x0000000000000234                _read
 .text.do_str_fetch
                0x0000000000000238       0x38 /home/sachin/Documents/Vaman/qorc-sdk/qf_apps/Vaman_Blink_MotorControl/GCC_Project/output/cli_args.o
 .text.CLI_string_ptr_get_subcmd
                0x0000000000000270       0x20 /home/sachin/Documents/Vaman/qorc-sdk/qf_apps/Vaman_Blink_MotorControl/GCC_Project/output/cli_args.o
                0x0000000000000270                CLI_string_ptr_get_subcmd
 .text.CLI_numX_getshow_X
                0x0000000000000290      0x188 /home/sachin/Documents/Vaman/qorc-sdk/qf_apps/Vaman_Blink_MotorControl/GCC_Project/output/cli_args.o
                0x0000000000000290                CLI_numX_getshow_X
 .text.CLI_uint8_getshow
                0x0000000000000418        0x8 /home/sachin/Documents/Vaman/qorc-sdk/qf_apps/Vaman_Blink_MotorControl/GCC_Project/output/cli_args.o
                0x0000000000000418                CLI_uint8_getshow
 .text.append_key
                0x0000000000000420       0x30 /home/sachin/Documents/Vaman/qorc-sdk/qf_apps/Vaman_Blink_MotorControl/GCC_Project/output/cli_io.o
 .text.get_key_ignore_null
                0x0000000000000450       0x18 /home/sachin/Documents/Vaman/qorc-sdk/qf_apps/Vaman_Blink_MotorControl/GCC_Project/output/cli_io.o
 .text.CLI_getkey_peek
                0x0000000000000468      0x110 /home/sachin/Documents/Vaman/qorc-sdk/qf_apps/Vaman_Blink_MotorControl/GCC_Project/output/cli_io.o
                0x0000000000000468                CLI_getkey_peek
 .text.CLI_getkey
                0x0000000000000578       0x30 /home/sachin/Documents/Vaman/qorc-sdk/qf_apps/Vaman_Blink_MotorControl/GCC_Project/output/cli_io.o
                0x0000000000000578                CLI_getkey
 .text.CLI_col0_timestamp
                0x00000000000005a8       0x78 /home/sachin/Documents/Vaman/qorc-sdk/qf_apps/Vaman_Blink_MotorControl/GCC_Project/output/cli_io.o
                0x00000000000005a8                CLI_col0_timestamp
 .text.CLI_putc
                0x0000000000000620       0x4c /home/sachin/Documents/Vaman/qorc-sdk/qf_apps/Vaman_Blink_MotorControl/GCC_Project/output/cli_io.o
                0x0000000000000620                CLI_putc
 .text.CLI_puts_no_nl
                0x000000000000066c       0x12 /home/sachin/Documents/Vaman/qorc-sdk/qf_apps/Vaman_Blink_MotorControl/GCC_Project/output/cli_io.o
                0x000000000000066c                CLI_puts_no_nl
 *fill*         0x000000000000067e        0x2 
 .text.CLI_vprintf
                0x0000000000000680       0x24 /home/sachin/Documents/Vaman/qorc-sdk/qf_apps/Vaman_Blink_MotorControl/GCC_Project/output/cli_io.o
                0x0000000000000680                CLI_vprintf
 .text.CLI_printf
                0x00000000000006a4       0x1a /home/sachin/Documents/Vaman/qorc-sdk/qf_apps/Vaman_Blink_MotorControl/GCC_Project/output/cli_io.o
                0x00000000000006a4                CLI_printf
 *fill*         0x00000000000006be        0x2 
 .text.handle_help
                0x00000000000006c0       0xc4 /home/sachin/Documents/Vaman/qorc-sdk/qf_apps/Vaman_Blink_MotorControl/GCC_Project/output/cli_loop.o
 .text.CLI_cmd_stack_replace
                0x0000000000000784       0x10 /home/sachin/Documents/Vaman/qorc-sdk/qf_apps/Vaman_Blink_MotorControl/GCC_Project/output/cli_loop.o
                0x0000000000000784                CLI_cmd_stack_replace
 .text.CLI_cmd_stack_push
                0x0000000000000794       0x30 /home/sachin/Documents/Vaman/qorc-sdk/qf_apps/Vaman_Blink_MotorControl/GCC_Project/output/cli_loop.o
                0x0000000000000794                CLI_cmd_stack_push
 .text.CLI_cmd_stack_clear
                0x00000000000007c4       0x24 /home/sachin/Documents/Vaman/qorc-sdk/qf_apps/Vaman_Blink_MotorControl/GCC_Project/output/cli_loop.o
                0x00000000000007c4                CLI_cmd_stack_clear
 .text.CLI_cmd_stack_pop
                0x00000000000007e8       0x40 /home/sachin/Documents/Vaman/qorc-sdk/qf_apps/Vaman_Blink_MotorControl/GCC_Project/output/cli_loop.o
                0x00000000000007e8                CLI_cmd_stack_pop
 .text.handle_exit
                0x0000000000000828       0x1c /home/sachin/Documents/Vaman/qorc-sdk/qf_apps/Vaman_Blink_MotorControl/GCC_Project/output/cli_loop.o
 .text.CLI_init
                0x0000000000000844       0x24 /home/sachin/Documents/Vaman/qorc-sdk/qf_apps/Vaman_Blink_MotorControl/GCC_Project/output/cli_loop.o
                0x0000000000000844                CLI_init
 .text.CLI_print_prompt
                0x0000000000000868       0x44 /home/sachin/Documents/Vaman/qorc-sdk/qf_apps/Vaman_Blink_MotorControl/GCC_Project/output/cli_loop.o
                0x0000000000000868                CLI_print_prompt
 .text.CLI_dispatch_subcmd
                0x00000000000008ac       0x84 /home/sachin/Documents/Vaman/qorc-sdk/qf_apps/Vaman_Blink_MotorControl/GCC_Project/output/cli_loop.o
                0x00000000000008ac                CLI_dispatch_subcmd
 .text.CLI_dispatch
                0x0000000000000930       0xc0 /home/sachin/Documents/Vaman/qorc-sdk/qf_apps/Vaman_Blink_MotorControl/GCC_Project/output/cli_loop.o
 .text.CLI_submenu_handler
                0x00000000000009f0       0x30 /home/sachin/Documents/Vaman/qorc-sdk/qf_apps/Vaman_Blink_MotorControl/GCC_Project/output/cli_loop.o
                0x00000000000009f0                CLI_submenu_handler
 .text.CLI_verror
                0x0000000000000a20       0x40 /home/sachin/Documents/Vaman/qorc-sdk/qf_apps/Vaman_Blink_MotorControl/GCC_Project/output/cli_loop.o
                0x0000000000000a20                CLI_verror
 .text.CLI_rx_byte
                0x0000000000000a60       0xec /home/sachin/Documents/Vaman/qorc-sdk/qf_apps/Vaman_Blink_MotorControl/GCC_Project/output/cli_loop.o
                0x0000000000000a60                CLI_rx_byte
 .text.CLI_is_more_args
                0x0000000000000b4c       0x14 /home/sachin/Documents/Vaman/qorc-sdk/qf_apps/Vaman_Blink_MotorControl/GCC_Project/output/cli_misc.o
                0x0000000000000b4c                CLI_is_more_args
 .text.CLI_error
                0x0000000000000b60       0x1a /home/sachin/Documents/Vaman/qorc-sdk/qf_apps/Vaman_Blink_MotorControl/GCC_Project/output/cli_misc.o
                0x0000000000000b60                CLI_error
 *fill*         0x0000000000000b7a        0x2 
 .text.CLI_error_missing_parameter
                0x0000000000000b7c        0xc /home/sachin/Documents/Vaman/qorc-sdk/qf_apps/Vaman_Blink_MotorControl/GCC_Project/output/cli_misc.o
                0x0000000000000b7c                CLI_error_missing_parameter
 .text.CLI_error_not_a_number
                0x0000000000000b88       0x10 /home/sachin/Documents/Vaman/qorc-sdk/qf_apps/Vaman_Blink_MotorControl/GCC_Project/output/cli_misc.o
                0x0000000000000b88                CLI_error_not_a_number
 .text.CLI_task
                0x0000000000000b98       0x54 /home/sachin/Documents/Vaman/qorc-sdk/qf_apps/Vaman_Blink_MotorControl/GCC_Project/output/cli_platform.o
                0x0000000000000b98                CLI_task
 .text.CLI_time_now
                0x0000000000000bec        0x4 /home/sachin/Documents/Vaman/qorc-sdk/qf_apps/Vaman_Blink_MotorControl/GCC_Project/output/cli_platform.o
                0x0000000000000bec                CLI_time_now
 .text.CLI_beep
                0x0000000000000bf0        0x6 /home/sachin/Documents/Vaman/qorc-sdk/qf_apps/Vaman_Blink_MotorControl/GCC_Project/output/cli_platform.o
                0x0000000000000bf0                CLI_beep
 .text.CLI_timeout_expired
                0x0000000000000bf6       0x22 /home/sachin/Documents/Vaman/qorc-sdk/qf_apps/Vaman_Blink_MotorControl/GCC_Project/output/cli_platform.o
                0x0000000000000bf6                CLI_timeout_expired
 .text.CLI_putc_raw
                0x0000000000000c18        0x8 /home/sachin/Documents/Vaman/qorc-sdk/qf_apps/Vaman_Blink_MotorControl/GCC_Project/output/cli_platform.o
                0x0000000000000c18                CLI_putc_raw
 .text.CLI_getkey_raw
                0x0000000000000c20       0x3c /home/sachin/Documents/Vaman/qorc-sdk/qf_apps/Vaman_Blink_MotorControl/GCC_Project/output/cli_platform.o
                0x0000000000000c20                CLI_getkey_raw
 .text.CLI_start_task
                0x0000000000000c5c       0x58 /home/sachin/Documents/Vaman/qorc-sdk/qf_apps/Vaman_Blink_MotorControl/GCC_Project/output/cli_platform.o
                0x0000000000000c5c                CLI_start_task
 .text.__debug_lockup
                0x0000000000000cb4       0x14 /home/sachin/Documents/Vaman/qorc-sdk/qf_apps/Vaman_Blink_MotorControl/GCC_Project/output/dbg_uart.o
 .text._semihost_write
                0x0000000000000cc8       0x54 /home/sachin/Documents/Vaman/qorc-sdk/qf_apps/Vaman_Blink_MotorControl/GCC_Project/output/dbg_uart.o
                0x0000000000000cc8                _semihost_write
 .text.dbg_ch_raw
                0x0000000000000d1c       0x74 /home/sachin/Documents/Vaman/qorc-sdk/qf_apps/Vaman_Blink_MotorControl/GCC_Project/output/dbg_uart.o
                0x0000000000000d1c                dbg_ch_raw
 .text.dbg_nl   0x0000000000000d90       0x12 /home/sachin/Documents/Vaman/qorc-sdk/qf_apps/Vaman_Blink_MotorControl/GCC_Project/output/dbg_uart.o
                0x0000000000000d90                dbg_nl
 .text.dbg_ch   0x0000000000000da2        0xc /home/sachin/Documents/Vaman/qorc-sdk/qf_apps/Vaman_Blink_MotorControl/GCC_Project/output/dbg_uart.o
                0x0000000000000da2                dbg_ch
 .text.dbg_hex4
                0x0000000000000dae       0x14 /home/sachin/Documents/Vaman/qorc-sdk/qf_apps/Vaman_Blink_MotorControl/GCC_Project/output/dbg_uart.o
 .text.dbg_hex8
                0x0000000000000dc2       0x14 /home/sachin/Documents/Vaman/qorc-sdk/qf_apps/Vaman_Blink_MotorControl/GCC_Project/output/dbg_uart.o
                0x0000000000000dc2                dbg_hex8
 .text.dbg_hex16
                0x0000000000000dd6       0x14 /home/sachin/Documents/Vaman/qorc-sdk/qf_apps/Vaman_Blink_MotorControl/GCC_Project/output/dbg_uart.o
                0x0000000000000dd6                dbg_hex16
 .text.dbg_hex32
                0x0000000000000dea       0x14 /home/sachin/Documents/Vaman/qorc-sdk/qf_apps/Vaman_Blink_MotorControl/GCC_Project/output/dbg_uart.o
                0x0000000000000dea                dbg_hex32
 .text._dbg_int
                0x0000000000000dfe       0x20 /home/sachin/Documents/Vaman/qorc-sdk/qf_apps/Vaman_Blink_MotorControl/GCC_Project/output/dbg_uart.o
 .text.dbg_memdumpx
                0x0000000000000e1e       0xea /home/sachin/Documents/Vaman/qorc-sdk/qf_apps/Vaman_Blink_MotorControl/GCC_Project/output/dbg_uart.o
 .text.dbg_str  0x0000000000000f08       0x84 /home/sachin/Documents/Vaman/qorc-sdk/qf_apps/Vaman_Blink_MotorControl/GCC_Project/output/dbg_uart.o
                0x0000000000000f08                dbg_str
 .text._dbg_str_xxx
                0x0000000000000f8c       0x16 /home/sachin/Documents/Vaman/qorc-sdk/qf_apps/Vaman_Blink_MotorControl/GCC_Project/output/dbg_uart.o
 .text.dbg_str_hexXX
                0x0000000000000fa2       0x22 /home/sachin/Documents/Vaman/qorc-sdk/qf_apps/Vaman_Blink_MotorControl/GCC_Project/output/dbg_uart.o
 .text.dbg_int  0x0000000000000fc4       0x24 /home/sachin/Documents/Vaman/qorc-sdk/qf_apps/Vaman_Blink_MotorControl/GCC_Project/output/dbg_uart.o
                0x0000000000000fc4                dbg_int
 .text.dbg_str_str
                0x0000000000000fe8       0x16 /home/sachin/Documents/Vaman/qorc-sdk/qf_apps/Vaman_Blink_MotorControl/GCC_Project/output/dbg_uart.o
                0x0000000000000fe8                dbg_str_str
 .text.dbg_str_int
                0x0000000000000ffe       0x16 /home/sachin/Documents/Vaman/qorc-sdk/qf_apps/Vaman_Blink_MotorControl/GCC_Project/output/dbg_uart.o
                0x0000000000000ffe                dbg_str_int
 .text.dbg_str_int_noln
                0x0000000000001014       0x12 /home/sachin/Documents/Vaman/qorc-sdk/qf_apps/Vaman_Blink_MotorControl/GCC_Project/output/dbg_uart.o
                0x0000000000001014                dbg_str_int_noln
 *fill*         0x0000000000001026        0x2 
 .text.dbg_str_hex32
                0x0000000000001028        0xc /home/sachin/Documents/Vaman/qorc-sdk/qf_apps/Vaman_Blink_MotorControl/GCC_Project/output/dbg_uart.o
                0x0000000000001028                dbg_str_hex32
 .text.dbg_fatal_error
                0x0000000000001034       0x12 /home/sachin/Documents/Vaman/qorc-sdk/qf_apps/Vaman_Blink_MotorControl/GCC_Project/output/dbg_uart.o
                0x0000000000001034                dbg_fatal_error
 .text.dbg_fatal_error_int
                0x0000000000001046        0xe /home/sachin/Documents/Vaman/qorc-sdk/qf_apps/Vaman_Blink_MotorControl/GCC_Project/output/dbg_uart.o
                0x0000000000001046                dbg_fatal_error_int
 .text.dbg_memdump32
                0x0000000000001054       0x1e /home/sachin/Documents/Vaman/qorc-sdk/qf_apps/Vaman_Blink_MotorControl/GCC_Project/output/dbg_uart.o
                0x0000000000001054                dbg_memdump32
 *fill*         0x0000000000001072        0x2 
 .text.HAL_GPIO_Write
                0x0000000000001074       0x28 /home/sachin/Documents/Vaman/qorc-sdk/qf_apps/Vaman_Blink_MotorControl/GCC_Project/output/eoss3_hal_gpio.o
                0x0000000000001074                HAL_GPIO_Write
 .text.HAL_PAD_Config
                0x000000000000109c      0x190 /home/sachin/Documents/Vaman/qorc-sdk/qf_apps/Vaman_Blink_MotorControl/GCC_Project/output/eoss3_hal_pad_config.o
                0x000000000000109c                HAL_PAD_Config
 .text.configure_s3_pads
                0x000000000000122c       0x1a /home/sachin/Documents/Vaman/qorc-sdk/qf_apps/Vaman_Blink_MotorControl/GCC_Project/output/eoss3_hal_pad_config.o
                0x000000000000122c                configure_s3_pads
 *fill*         0x0000000000001246        0x2 
 .text.eoss3_rtc_enable_irq
                0x0000000000001248       0x28 /home/sachin/Documents/Vaman/qorc-sdk/qf_apps/Vaman_Blink_MotorControl/GCC_Project/output/eoss3_hal_rtc.o
 .text.write_rtc_reg
                0x0000000000001270       0x18 /home/sachin/Documents/Vaman/qorc-sdk/qf_apps/Vaman_Blink_MotorControl/GCC_Project/output/eoss3_hal_rtc.o
 .text.__rtc_setup_alarm.isra.0
                0x0000000000001288       0x44 /home/sachin/Documents/Vaman/qorc-sdk/qf_apps/Vaman_Blink_MotorControl/GCC_Project/output/eoss3_hal_rtc.o
 .text.HAL_RTC_ISR
                0x00000000000012cc       0x24 /home/sachin/Documents/Vaman/qorc-sdk/qf_apps/Vaman_Blink_MotorControl/GCC_Project/output/eoss3_hal_rtc.o
                0x00000000000012cc                HAL_RTC_ISR
 .text.unlock_spi1_bus
                0x00000000000012f0       0x58 /home/sachin/Documents/Vaman/qorc-sdk/qf_apps/Vaman_Blink_MotorControl/GCC_Project/output/eoss3_hal_spi.o
                0x00000000000012f0                unlock_spi1_bus
 .text.SPI_DMA_Complete
                0x0000000000001348       0x88 /home/sachin/Documents/Vaman/qorc-sdk/qf_apps/Vaman_Blink_MotorControl/GCC_Project/output/eoss3_hal_spi.o
                0x0000000000001348                SPI_DMA_Complete
 .text.HAL_SPI_IRQHandler
                0x00000000000013d0       0x6c /home/sachin/Documents/Vaman/qorc-sdk/qf_apps/Vaman_Blink_MotorControl/GCC_Project/output/eoss3_hal_spi.o
                0x00000000000013d0                HAL_SPI_IRQHandler
 .text.HAL_Delay_Init
                0x000000000000143c       0x54 /home/sachin/Documents/Vaman/qorc-sdk/qf_apps/Vaman_Blink_MotorControl/GCC_Project/output/eoss3_hal_timer.o
                0x000000000000143c                HAL_Delay_Init
 .text.HAL_DelayUSec
                0x0000000000001490       0x28 /home/sachin/Documents/Vaman/qorc-sdk/qf_apps/Vaman_Blink_MotorControl/GCC_Project/output/eoss3_hal_timer.o
                0x0000000000001490                HAL_DelayUSec
 .text.HAL_Timer_ISR
                0x00000000000014b8       0x88 /home/sachin/Documents/Vaman/qorc-sdk/qf_apps/Vaman_Blink_MotorControl/GCC_Project/output/eoss3_hal_timer.o
                0x00000000000014b8                HAL_Timer_ISR
 .text.uart_baud_rate
                0x0000000000001540       0x60 /home/sachin/Documents/Vaman/qorc-sdk/qf_apps/Vaman_Blink_MotorControl/GCC_Project/output/eoss3_hal_uart.o
 .text.is_hw_uart_enabled
                0x00000000000015a0       0x20 /home/sachin/Documents/Vaman/qorc-sdk/qf_apps/Vaman_Blink_MotorControl/GCC_Project/output/eoss3_hal_uart.o
 .text.uart_disable
                0x00000000000015c0       0x1c /home/sachin/Documents/Vaman/qorc-sdk/qf_apps/Vaman_Blink_MotorControl/GCC_Project/output/eoss3_hal_uart.o
 .text.uart_lpm_callback
                0x00000000000015dc       0x70 /home/sachin/Documents/Vaman/qorc-sdk/qf_apps/Vaman_Blink_MotorControl/GCC_Project/output/eoss3_hal_uart.o
 .text.uart_init
                0x000000000000164c      0x168 /home/sachin/Documents/Vaman/qorc-sdk/qf_apps/Vaman_Blink_MotorControl/GCC_Project/output/eoss3_hal_uart.o
                0x000000000000164c                uart_init
 .text.uart_isr_handler
                0x00000000000017b4       0x84 /home/sachin/Documents/Vaman/qorc-sdk/qf_apps/Vaman_Blink_MotorControl/GCC_Project/output/eoss3_hal_uart.o
                0x00000000000017b4                uart_isr_handler
 .text.uart_tx_raw
                0x0000000000001838       0x38 /home/sachin/Documents/Vaman/qorc-sdk/qf_apps/Vaman_Blink_MotorControl/GCC_Project/output/eoss3_hal_uart.o
                0x0000000000001838                uart_tx_raw
 .text.uart_tx  0x0000000000001870       0x1c /home/sachin/Documents/Vaman/qorc-sdk/qf_apps/Vaman_Blink_MotorControl/GCC_Project/output/eoss3_hal_uart.o
                0x0000000000001870                uart_tx
 .text.uart_tx_buf
                0x000000000000188c       0x1a /home/sachin/Documents/Vaman/qorc-sdk/qf_apps/Vaman_Blink_MotorControl/GCC_Project/output/eoss3_hal_uart.o
                0x000000000000188c                uart_tx_buf
 *fill*         0x00000000000018a6        0x2 
 .text.uart_rx_wait
                0x00000000000018a8       0x34 /home/sachin/Documents/Vaman/qorc-sdk/qf_apps/Vaman_Blink_MotorControl/GCC_Project/output/eoss3_hal_uart.o
                0x00000000000018a8                uart_rx_wait
 .text.uart_rx_available
                0x00000000000018dc       0x34 /home/sachin/Documents/Vaman/qorc-sdk/qf_apps/Vaman_Blink_MotorControl/GCC_Project/output/eoss3_hal_uart.o
                0x00000000000018dc                uart_rx_available
 .text.uart_rx  0x0000000000001910       0x60 /home/sachin/Documents/Vaman/qorc-sdk/qf_apps/Vaman_Blink_MotorControl/GCC_Project/output/eoss3_hal_uart.o
                0x0000000000001910                uart_rx
 .text.WDT_ISR  0x0000000000001970       0x8c /home/sachin/Documents/Vaman/qorc-sdk/qf_apps/Vaman_Blink_MotorControl/GCC_Project/output/eoss3_hal_wdt.o
                0x0000000000001970                WDT_ISR
 .text.spurious_interrupt
                0x00000000000019fc        0xc /home/sachin/Documents/Vaman/qorc-sdk/qf_apps/Vaman_Blink_MotorControl/GCC_Project/output/exceptions.o
 .text.prvGetRegistersFromStack
                0x0000000000001a08       0xf0 /home/sachin/Documents/Vaman/qorc-sdk/qf_apps/Vaman_Blink_MotorControl/GCC_Project/output/exceptions.o
                0x0000000000001a08                prvGetRegistersFromStack
 .text.HardFault_Handler
                0x0000000000001af8       0x16 /home/sachin/Documents/Vaman/qorc-sdk/qf_apps/Vaman_Blink_MotorControl/GCC_Project/output/exceptions.o
                0x0000000000001af8                HardFault_Handler
 .text.NMI_Handler
                0x0000000000001b0e        0x6 /home/sachin/Documents/Vaman/qorc-sdk/qf_apps/Vaman_Blink_MotorControl/GCC_Project/output/exceptions.o
                0x0000000000001b0e                NMI_Handler
 .text.MemManage_Handler
                0x0000000000001b14        0x6 /home/sachin/Documents/Vaman/qorc-sdk/qf_apps/Vaman_Blink_MotorControl/GCC_Project/output/exceptions.o
                0x0000000000001b14                MemManage_Handler
 .text.BusFault_Handler
                0x0000000000001b1a        0x6 /home/sachin/Documents/Vaman/qorc-sdk/qf_apps/Vaman_Blink_MotorControl/GCC_Project/output/exceptions.o
                0x0000000000001b1a                BusFault_Handler
 .text.UsageFault_Handler
                0x0000000000001b20        0x6 /home/sachin/Documents/Vaman/qorc-sdk/qf_apps/Vaman_Blink_MotorControl/GCC_Project/output/exceptions.o
                0x0000000000001b20                UsageFault_Handler
 .text.DebugMon_Handler
                0x0000000000001b26        0x6 /home/sachin/Documents/Vaman/qorc-sdk/qf_apps/Vaman_Blink_MotorControl/GCC_Project/output/exceptions.o
                0x0000000000001b26                DebugMon_Handler
 .text.Uart_Handler
                0x0000000000001b2c       0x50 /home/sachin/Documents/Vaman/qorc-sdk/qf_apps/Vaman_Blink_MotorControl/GCC_Project/output/exceptions.o
                0x0000000000001b2c                Uart_Handler
 .text.Timer_Handler
                0x0000000000001b7c       0x24 /home/sachin/Documents/Vaman/qorc-sdk/qf_apps/Vaman_Blink_MotorControl/GCC_Project/output/exceptions.o
                0x0000000000001b7c                Timer_Handler
 .text.CpuWdtInt_Handler
                0x0000000000001ba0       0x24 /home/sachin/Documents/Vaman/qorc-sdk/qf_apps/Vaman_Blink_MotorControl/GCC_Project/output/exceptions.o
                0x0000000000001ba0                CpuWdtInt_Handler
 .text.CpuWdtRst_Handler
                0x0000000000001bc4        0x6 /home/sachin/Documents/Vaman/qorc-sdk/qf_apps/Vaman_Blink_MotorControl/GCC_Project/output/exceptions.o
                0x0000000000001bc4                CpuWdtRst_Handler
 .text.BusTimeout_Handler
                0x0000000000001bca        0x6 /home/sachin/Documents/Vaman/qorc-sdk/qf_apps/Vaman_Blink_MotorControl/GCC_Project/output/exceptions.o
                0x0000000000001bca                BusTimeout_Handler
 .text.Fpu_Handler
                0x0000000000001bd0        0x6 /home/sachin/Documents/Vaman/qorc-sdk/qf_apps/Vaman_Blink_MotorControl/GCC_Project/output/exceptions.o
                0x0000000000001bd0                Fpu_Handler
 *fill*         0x0000000000001bd6        0x2 
 .text.Pkfb_Handler
                0x0000000000001bd8       0x10 /home/sachin/Documents/Vaman/qorc-sdk/qf_apps/Vaman_Blink_MotorControl/GCC_Project/output/exceptions.o
                0x0000000000001bd8                Pkfb_Handler
 .text.I2s_Handler
                0x0000000000001be8        0x6 /home/sachin/Documents/Vaman/qorc-sdk/qf_apps/Vaman_Blink_MotorControl/GCC_Project/output/exceptions.o
                0x0000000000001be8                I2s_Handler
 .text.Audio_Handler
                0x0000000000001bee        0x6 /home/sachin/Documents/Vaman/qorc-sdk/qf_apps/Vaman_Blink_MotorControl/GCC_Project/output/exceptions.o
                0x0000000000001bee                Audio_Handler
 .text.SpiMs_Handler
                0x0000000000001bf4       0x5c /home/sachin/Documents/Vaman/qorc-sdk/qf_apps/Vaman_Blink_MotorControl/GCC_Project/output/exceptions.o
                0x0000000000001bf4                SpiMs_Handler
 .text.CfgDma_Handler
                0x0000000000001c50       0x28 /home/sachin/Documents/Vaman/qorc-sdk/qf_apps/Vaman_Blink_MotorControl/GCC_Project/output/exceptions.o
                0x0000000000001c50                CfgDma_Handler
 .text.PmuTimer_Handler
                0x0000000000001c78        0x2 /home/sachin/Documents/Vaman/qorc-sdk/qf_apps/Vaman_Blink_MotorControl/GCC_Project/output/exceptions.o
                0x0000000000001c78                PmuTimer_Handler
 .text.AdcDone_Handler
                0x0000000000001c7a        0x8 /home/sachin/Documents/Vaman/qorc-sdk/qf_apps/Vaman_Blink_MotorControl/GCC_Project/output/exceptions.o
                0x0000000000001c7a                AdcDone_Handler
 *fill*         0x0000000000001c82        0x2 
 .text.RtcAlarm_Handler
                0x0000000000001c84       0x1c /home/sachin/Documents/Vaman/qorc-sdk/qf_apps/Vaman_Blink_MotorControl/GCC_Project/output/exceptions.o
                0x0000000000001c84                RtcAlarm_Handler
 .text.ResetInt_Handler
                0x0000000000001ca0        0x8 /home/sachin/Documents/Vaman/qorc-sdk/qf_apps/Vaman_Blink_MotorControl/GCC_Project/output/exceptions.o
                0x0000000000001ca0                ResetInt_Handler
 .text.Ffe0_Handler
                0x0000000000001ca8       0x18 /home/sachin/Documents/Vaman/qorc-sdk/qf_apps/Vaman_Blink_MotorControl/GCC_Project/output/exceptions.o
                0x0000000000001ca8                Ffe0_Handler
 .text.FbMsg_Handler
                0x0000000000001cc0       0x6c /home/sachin/Documents/Vaman/qorc-sdk/qf_apps/Vaman_Blink_MotorControl/GCC_Project/output/exceptions.o
                0x0000000000001cc0                FbMsg_Handler
 .text.SensorGpio_Handler
                0x0000000000001d2c        0x8 /home/sachin/Documents/Vaman/qorc-sdk/qf_apps/Vaman_Blink_MotorControl/GCC_Project/output/exceptions.o
                0x0000000000001d2c                SensorGpio_Handler
 .text.M4SramSleep_Handler
                0x0000000000001d34        0x8 /home/sachin/Documents/Vaman/qorc-sdk/qf_apps/Vaman_Blink_MotorControl/GCC_Project/output/exceptions.o
                0x0000000000001d34                M4SramSleep_Handler
 .text.LDO30_PG_Handler
                0x0000000000001d3c        0x8 /home/sachin/Documents/Vaman/qorc-sdk/qf_apps/Vaman_Blink_MotorControl/GCC_Project/output/exceptions.o
                0x0000000000001d3c                LDO30_PG_Handler
 .text.LDO50_PG_Handler
                0x0000000000001d44        0x8 /home/sachin/Documents/Vaman/qorc-sdk/qf_apps/Vaman_Blink_MotorControl/GCC_Project/output/exceptions.o
                0x0000000000001d44                LDO50_PG_Handler
 .text.DMIC_Voice_Det_Handler
                0x0000000000001d4c        0x8 /home/sachin/Documents/Vaman/qorc-sdk/qf_apps/Vaman_Blink_MotorControl/GCC_Project/output/exceptions.o
                0x0000000000001d4c                DMIC_Voice_Det_Handler
 .text.ApPDMClkOn_Handler
                0x0000000000001d54        0x8 /home/sachin/Documents/Vaman/qorc-sdk/qf_apps/Vaman_Blink_MotorControl/GCC_Project/output/exceptions.o
                0x0000000000001d54                ApPDMClkOn_Handler
 .text.ApPDMClkOff_Handler
                0x0000000000001d5c        0x8 /home/sachin/Documents/Vaman/qorc-sdk/qf_apps/Vaman_Blink_MotorControl/GCC_Project/output/exceptions.o
                0x0000000000001d5c                ApPDMClkOff_Handler
 .text.Dmac0BlkDone_Handler
                0x0000000000001d64        0x8 /home/sachin/Documents/Vaman/qorc-sdk/qf_apps/Vaman_Blink_MotorControl/GCC_Project/output/exceptions.o
                0x0000000000001d64                Dmac0BlkDone_Handler
 .text.Dmac0BufDone_Handler
                0x0000000000001d6c        0x8 /home/sachin/Documents/Vaman/qorc-sdk/qf_apps/Vaman_Blink_MotorControl/GCC_Project/output/exceptions.o
                0x0000000000001d6c                Dmac0BufDone_Handler
 .text.Dmac1BlkDone_Handler
                0x0000000000001d74        0x8 /home/sachin/Documents/Vaman/qorc-sdk/qf_apps/Vaman_Blink_MotorControl/GCC_Project/output/exceptions.o
                0x0000000000001d74                Dmac1BlkDone_Handler
 .text.Dmac1BufDone_Handler
                0x0000000000001d7c        0x8 /home/sachin/Documents/Vaman/qorc-sdk/qf_apps/Vaman_Blink_MotorControl/GCC_Project/output/exceptions.o
                0x0000000000001d7c                Dmac1BufDone_Handler
 .text.Sdma0Done_Handler
                0x0000000000001d84        0x8 /home/sachin/Documents/Vaman/qorc-sdk/qf_apps/Vaman_Blink_MotorControl/GCC_Project/output/exceptions.o
                0x0000000000001d84                Sdma0Done_Handler
 .text.Sdma1Done_Handler
                0x0000000000001d8c        0x8 /home/sachin/Documents/Vaman/qorc-sdk/qf_apps/Vaman_Blink_MotorControl/GCC_Project/output/exceptions.o
                0x0000000000001d8c                Sdma1Done_Handler
 .text.Sdma2Done_Handler
                0x0000000000001d94        0x8 /home/sachin/Documents/Vaman/qorc-sdk/qf_apps/Vaman_Blink_MotorControl/GCC_Project/output/exceptions.o
                0x0000000000001d94                Sdma2Done_Handler
 .text.Sdma3Done_Handler
                0x0000000000001d9c        0x8 /home/sachin/Documents/Vaman/qorc-sdk/qf_apps/Vaman_Blink_MotorControl/GCC_Project/output/exceptions.o
                0x0000000000001d9c                Sdma3Done_Handler
 .text.Sdma4Done_Handler
                0x0000000000001da4        0x8 /home/sachin/Documents/Vaman/qorc-sdk/qf_apps/Vaman_Blink_MotorControl/GCC_Project/output/exceptions.o
                0x0000000000001da4                Sdma4Done_Handler
 .text.Sdma5Done_Handler
                0x0000000000001dac        0x8 /home/sachin/Documents/Vaman/qorc-sdk/qf_apps/Vaman_Blink_MotorControl/GCC_Project/output/exceptions.o
                0x0000000000001dac                Sdma5Done_Handler
 .text.Sdma6Done_Handler
                0x0000000000001db4        0x8 /home/sachin/Documents/Vaman/qorc-sdk/qf_apps/Vaman_Blink_MotorControl/GCC_Project/output/exceptions.o
                0x0000000000001db4                Sdma6Done_Handler
 .text.Sdma7Done_Handler
                0x0000000000001dbc        0x8 /home/sachin/Documents/Vaman/qorc-sdk/qf_apps/Vaman_Blink_MotorControl/GCC_Project/output/exceptions.o
                0x0000000000001dbc                Sdma7Done_Handler
 .text.Sdma8Done_Handler
                0x0000000000001dc4        0x8 /home/sachin/Documents/Vaman/qorc-sdk/qf_apps/Vaman_Blink_MotorControl/GCC_Project/output/exceptions.o
                0x0000000000001dc4                Sdma8Done_Handler
 .text.Sdma9Done_Handler
                0x0000000000001dcc        0x8 /home/sachin/Documents/Vaman/qorc-sdk/qf_apps/Vaman_Blink_MotorControl/GCC_Project/output/exceptions.o
                0x0000000000001dcc                Sdma9Done_Handler
 .text.Sdma10Done_Handler
                0x0000000000001dd4        0x8 /home/sachin/Documents/Vaman/qorc-sdk/qf_apps/Vaman_Blink_MotorControl/GCC_Project/output/exceptions.o
                0x0000000000001dd4                Sdma10Done_Handler
 .text.Sdma11Done_Handler
                0x0000000000001ddc        0x8 /home/sachin/Documents/Vaman/qorc-sdk/qf_apps/Vaman_Blink_MotorControl/GCC_Project/output/exceptions.o
                0x0000000000001ddc                Sdma11Done_Handler
 .text.SdmaErr_Handler
                0x0000000000001de4        0x8 /home/sachin/Documents/Vaman/qorc-sdk/qf_apps/Vaman_Blink_MotorControl/GCC_Project/output/exceptions.o
                0x0000000000001de4                SdmaErr_Handler
 .text.I2S_SlvM4TxOr_Handler
                0x0000000000001dec        0x8 /home/sachin/Documents/Vaman/qorc-sdk/qf_apps/Vaman_Blink_MotorControl/GCC_Project/output/exceptions.o
                0x0000000000001dec                I2S_SlvM4TxOr_Handler
 .text.SRAM_128KB_Handler
                0x0000000000001df4        0x8 /home/sachin/Documents/Vaman/qorc-sdk/qf_apps/Vaman_Blink_MotorControl/GCC_Project/output/exceptions.o
                0x0000000000001df4                SRAM_128KB_Handler
 .text.LPSD_Voice_Det_Handler
                0x0000000000001dfc        0x8 /home/sachin/Documents/Vaman/qorc-sdk/qf_apps/Vaman_Blink_MotorControl/GCC_Project/output/exceptions.o
                0x0000000000001dfc                LPSD_Voice_Det_Handler
 .text.FfeWdt_Handler
                0x0000000000001e04        0x8 /home/sachin/Documents/Vaman/qorc-sdk/qf_apps/Vaman_Blink_MotorControl/GCC_Project/output/exceptions.o
                0x0000000000001e04                FfeWdt_Handler
 .text.ApBoot_Handler
                0x0000000000001e0c        0x8 /home/sachin/Documents/Vaman/qorc-sdk/qf_apps/Vaman_Blink_MotorControl/GCC_Project/output/exceptions.o
                0x0000000000001e0c                ApBoot_Handler
 .text.SwInt2_Handler
                0x0000000000001e14        0x8 /home/sachin/Documents/Vaman/qorc-sdk/qf_apps/Vaman_Blink_MotorControl/GCC_Project/output/exceptions.o
                0x0000000000001e14                SwInt2_Handler
 .text.SwInt1_Handler
                0x0000000000001e1c       0x24 /home/sachin/Documents/Vaman/qorc-sdk/qf_apps/Vaman_Blink_MotorControl/GCC_Project/output/exceptions.o
                0x0000000000001e1c                SwInt1_Handler
 .text.Ffe0Msg_Handler
                0x0000000000001e40        0x8 /home/sachin/Documents/Vaman/qorc-sdk/qf_apps/Vaman_Blink_MotorControl/GCC_Project/output/exceptions.o
                0x0000000000001e40                Ffe0Msg_Handler
 .text.lpsdVoiceOffHandler
                0x0000000000001e48        0x8 /home/sachin/Documents/Vaman/qorc-sdk/qf_apps/Vaman_Blink_MotorControl/GCC_Project/output/exceptions.o
                0x0000000000001e48                lpsdVoiceOffHandler
 .text.dmicVoiceOffHandler
                0x0000000000001e50        0x8 /home/sachin/Documents/Vaman/qorc-sdk/qf_apps/Vaman_Blink_MotorControl/GCC_Project/output/exceptions.o
                0x0000000000001e50                dmicVoiceOffHandler
 .text.vApplicationMallocFailedHook
                0x0000000000001e58       0x24 /home/sachin/Documents/Vaman/qorc-sdk/qf_apps/Vaman_Blink_MotorControl/GCC_Project/output/exceptions.o
                0x0000000000001e58                vApplicationMallocFailedHook
 .text.vApplicationStackOverflowHook
                0x0000000000001e7c       0x24 /home/sachin/Documents/Vaman/qorc-sdk/qf_apps/Vaman_Blink_MotorControl/GCC_Project/output/exceptions.o
                0x0000000000001e7c                vApplicationStackOverflowHook
 .text.vApplicationTickHook
                0x0000000000001ea0        0x2 /home/sachin/Documents/Vaman/qorc-sdk/qf_apps/Vaman_Blink_MotorControl/GCC_Project/output/exceptions.o
                0x0000000000001ea0                vApplicationTickHook
 .text.vApplicationIdleHook
                0x0000000000001ea2        0x2 /home/sachin/Documents/Vaman/qorc-sdk/qf_apps/Vaman_Blink_MotorControl/GCC_Project/output/exceptions.o
                0x0000000000001ea2                vApplicationIdleHook
 .text.prvInsertBlockIntoFreeList
                0x0000000000001ea4       0x74 /home/sachin/Documents/Vaman/qorc-sdk/qf_apps/Vaman_Blink_MotorControl/GCC_Project/output/heap_4.o
 .text.pvPortMalloc
                0x0000000000001f18      0x198 /home/sachin/Documents/Vaman/qorc-sdk/qf_apps/Vaman_Blink_MotorControl/GCC_Project/output/heap_4.o
                0x0000000000001f18                pvPortMalloc
 .text.vPortFree
                0x00000000000020b0       0xa0 /home/sachin/Documents/Vaman/qorc-sdk/qf_apps/Vaman_Blink_MotorControl/GCC_Project/output/heap_4.o
                0x00000000000020b0                vPortFree
 .text.vListInitialise
                0x0000000000002150       0x16 /home/sachin/Documents/Vaman/qorc-sdk/qf_apps/Vaman_Blink_MotorControl/GCC_Project/output/list.o
                0x0000000000002150                vListInitialise
 .text.vListInitialiseItem
                0x0000000000002166        0x6 /home/sachin/Documents/Vaman/qorc-sdk/qf_apps/Vaman_Blink_MotorControl/GCC_Project/output/list.o
                0x0000000000002166                vListInitialiseItem
 .text.vListInsertEnd
                0x000000000000216c       0x18 /home/sachin/Documents/Vaman/qorc-sdk/qf_apps/Vaman_Blink_MotorControl/GCC_Project/output/list.o
                0x000000000000216c                vListInsertEnd
 .text.vListInsert
                0x0000000000002184       0x2e /home/sachin/Documents/Vaman/qorc-sdk/qf_apps/Vaman_Blink_MotorControl/GCC_Project/output/list.o
                0x0000000000002184                vListInsert
 .text.uxListRemove
                0x00000000000021b2       0x20 /home/sachin/Documents/Vaman/qorc-sdk/qf_apps/Vaman_Blink_MotorControl/GCC_Project/output/list.o
                0x00000000000021b2                uxListRemove
 .text.SystemInit
                0x00000000000021d2        0x2 /home/sachin/Documents/Vaman/qorc-sdk/qf_apps/Vaman_Blink_MotorControl/GCC_Project/output/main.o
                0x00000000000021d2                SystemInit
 .text.PyHal_GPIO_Set
                0x00000000000021d4       0x34 /home/sachin/Documents/Vaman/qorc-sdk/qf_apps/Vaman_Blink_MotorControl/GCC_Project/output/main.o
                0x00000000000021d4                PyHal_GPIO_Set
 .text.startup.main
                0x0000000000002208       0xec /home/sachin/Documents/Vaman/qorc-sdk/qf_apps/Vaman_Blink_MotorControl/GCC_Project/output/main.o
                0x0000000000002208                main
 .text.Blink    0x00000000000022f4       0x28 /home/sachin/Documents/Vaman/qorc-sdk/qf_apps/Vaman_Blink_MotorControl/GCC_Project/output/main.o
                0x00000000000022f4                Blink
 *fill*         0x000000000000231c        0x4 
 .text.MotorSpeed
                0x0000000000002320       0x94 /home/sachin/Documents/Vaman/qorc-sdk/qf_apps/Vaman_Blink_MotorControl/GCC_Project/output/main.o
                0x0000000000002320                MotorSpeed
 .text.set_gpio_input
                0x00000000000023b4       0x34 /home/sachin/Documents/Vaman/qorc-sdk/qf_apps/Vaman_Blink_MotorControl/GCC_Project/output/main_dbg_cli_menu.o
 .text.set_gpio_output
                0x00000000000023e8       0x60 /home/sachin/Documents/Vaman/qorc-sdk/qf_apps/Vaman_Blink_MotorControl/GCC_Project/output/main_dbg_cli_menu.o
 .text.get_gpio_value
                0x0000000000002448       0x50 /home/sachin/Documents/Vaman/qorc-sdk/qf_apps/Vaman_Blink_MotorControl/GCC_Project/output/main_dbg_cli_menu.o
 .text.prvPortStartFirstTask
                0x0000000000002498       0x28 /home/sachin/Documents/Vaman/qorc-sdk/qf_apps/Vaman_Blink_MotorControl/GCC_Project/output/port.o
 .text.vPortEnableVFP
                0x00000000000024c0       0x14 /home/sachin/Documents/Vaman/qorc-sdk/qf_apps/Vaman_Blink_MotorControl/GCC_Project/output/port.o
 .text.prvTaskExitError
                0x00000000000024d4       0x50 /home/sachin/Documents/Vaman/qorc-sdk/qf_apps/Vaman_Blink_MotorControl/GCC_Project/output/port.o
 .text.pxPortInitialiseStack
                0x0000000000002524       0x2c /home/sachin/Documents/Vaman/qorc-sdk/qf_apps/Vaman_Blink_MotorControl/GCC_Project/output/port.o
                0x0000000000002524                pxPortInitialiseStack
 .text.SVC_Handler
                0x0000000000002550       0x24 /home/sachin/Documents/Vaman/qorc-sdk/qf_apps/Vaman_Blink_MotorControl/GCC_Project/output/port.o
                0x0000000000002550                SVC_Handler
 .text.vPortEnterCritical
                0x0000000000002574       0x58 /home/sachin/Documents/Vaman/qorc-sdk/qf_apps/Vaman_Blink_MotorControl/GCC_Project/output/port.o
                0x0000000000002574                vPortEnterCritical
 .text.vPortExitCritical
                0x00000000000025cc       0x3c /home/sachin/Documents/Vaman/qorc-sdk/qf_apps/Vaman_Blink_MotorControl/GCC_Project/output/port.o
                0x00000000000025cc                vPortExitCritical
 *fill*         0x0000000000002608        0x8 
 .text.PendSV_Handler
                0x0000000000002610       0x64 /home/sachin/Documents/Vaman/qorc-sdk/qf_apps/Vaman_Blink_MotorControl/GCC_Project/output/port.o
                0x0000000000002610                PendSV_Handler
 .text.xPortSysTickHandler
                0x0000000000002674       0x2c /home/sachin/Documents/Vaman/qorc-sdk/qf_apps/Vaman_Blink_MotorControl/GCC_Project/output/port.o
                0x0000000000002674                xPortSysTickHandler
 .text.xPortStartScheduler
                0x00000000000026a0      0x158 /home/sachin/Documents/Vaman/qorc-sdk/qf_apps/Vaman_Blink_MotorControl/GCC_Project/output/port.o
                0x00000000000026a0                xPortStartScheduler
 .text.vPortValidateInterruptPriority
                0x00000000000027f8       0x7c /home/sachin/Documents/Vaman/qorc-sdk/qf_apps/Vaman_Blink_MotorControl/GCC_Project/output/port.o
                0x00000000000027f8                vPortValidateInterruptPriority
 .text.system_init
                0x0000000000002874       0x6c /home/sachin/Documents/Vaman/qorc-sdk/qf_apps/Vaman_Blink_MotorControl/GCC_Project/output/qf_hardwaresetup.o
                0x0000000000002874                system_init
 .text.qf_hardwareSetup
                0x00000000000028e0       0x78 /home/sachin/Documents/Vaman/qorc-sdk/qf_apps/Vaman_Blink_MotorControl/GCC_Project/output/qf_hardwaresetup.o
                0x00000000000028e0                qf_hardwareSetup
 .text.prvIsQueueEmpty
                0x0000000000002958       0x16 /home/sachin/Documents/Vaman/qorc-sdk/qf_apps/Vaman_Blink_MotorControl/GCC_Project/output/queue.o
 .text.prvCopyDataToQueue
                0x000000000000296e       0x78 /home/sachin/Documents/Vaman/qorc-sdk/qf_apps/Vaman_Blink_MotorControl/GCC_Project/output/queue.o
 .text.prvCopyDataFromQueue
                0x00000000000029e6       0x2c /home/sachin/Documents/Vaman/qorc-sdk/qf_apps/Vaman_Blink_MotorControl/GCC_Project/output/queue.o
 .text.prvUnlockQueue
                0x0000000000002a12       0x70 /home/sachin/Documents/Vaman/qorc-sdk/qf_apps/Vaman_Blink_MotorControl/GCC_Project/output/queue.o
 *fill*         0x0000000000002a82        0x2 
 .text.xQueueGenericReset
                0x0000000000002a84       0x90 /home/sachin/Documents/Vaman/qorc-sdk/qf_apps/Vaman_Blink_MotorControl/GCC_Project/output/queue.o
                0x0000000000002a84                xQueueGenericReset
 .text.xQueueGenericCreate
                0x0000000000002b14       0x74 /home/sachin/Documents/Vaman/qorc-sdk/qf_apps/Vaman_Blink_MotorControl/GCC_Project/output/queue.o
                0x0000000000002b14                xQueueGenericCreate
 .text.xQueueGenericSend
                0x0000000000002b88      0x19c /home/sachin/Documents/Vaman/qorc-sdk/qf_apps/Vaman_Blink_MotorControl/GCC_Project/output/queue.o
                0x0000000000002b88                xQueueGenericSend
 .text.xQueueGenericSendFromISR
                0x0000000000002d24       0xf0 /home/sachin/Documents/Vaman/qorc-sdk/qf_apps/Vaman_Blink_MotorControl/GCC_Project/output/queue.o
                0x0000000000002d24                xQueueGenericSendFromISR
 .text.xQueueGenericSendFromISRDebug
                0x0000000000002e14       0x30 /home/sachin/Documents/Vaman/qorc-sdk/qf_apps/Vaman_Blink_MotorControl/GCC_Project/output/queue.o
                0x0000000000002e14                xQueueGenericSendFromISRDebug
 .text.xQueueGiveFromISR
                0x0000000000002e44       0xdc /home/sachin/Documents/Vaman/qorc-sdk/qf_apps/Vaman_Blink_MotorControl/GCC_Project/output/queue.o
                0x0000000000002e44                xQueueGiveFromISR
 .text.xQueueReceive
                0x0000000000002f20      0x160 /home/sachin/Documents/Vaman/qorc-sdk/qf_apps/Vaman_Blink_MotorControl/GCC_Project/output/queue.o
                0x0000000000002f20                xQueueReceive
 .text.xQueueSemaphoreTake
                0x0000000000003080      0x1b0 /home/sachin/Documents/Vaman/qorc-sdk/qf_apps/Vaman_Blink_MotorControl/GCC_Project/output/queue.o
                0x0000000000003080                xQueueSemaphoreTake
 .text.xQueuePeek
                0x0000000000003230      0x160 /home/sachin/Documents/Vaman/qorc-sdk/qf_apps/Vaman_Blink_MotorControl/GCC_Project/output/queue.o
                0x0000000000003230                xQueuePeek
 .text.uxQueueMessagesWaiting
                0x0000000000003390       0x3c /home/sachin/Documents/Vaman/qorc-sdk/qf_apps/Vaman_Blink_MotorControl/GCC_Project/output/queue.o
                0x0000000000003390                uxQueueMessagesWaiting
 .text.vQueueAddToRegistry
                0x00000000000033cc       0x24 /home/sachin/Documents/Vaman/qorc-sdk/qf_apps/Vaman_Blink_MotorControl/GCC_Project/output/queue.o
                0x00000000000033cc                vQueueAddToRegistry
 .text.vQueueWaitForMessageRestricted
                0x00000000000033f0       0x46 /home/sachin/Documents/Vaman/qorc-sdk/qf_apps/Vaman_Blink_MotorControl/GCC_Project/output/queue.o
                0x00000000000033f0                vQueueWaitForMessageRestricted
 .text.s3x_clkd_write_div
                0x0000000000003436       0xa8 /home/sachin/Documents/Vaman/qorc-sdk/qf_apps/Vaman_Blink_MotorControl/GCC_Project/output/s3x_clock.o
 .text.s3x_clkd_read_div
                0x00000000000034de       0x44 /home/sachin/Documents/Vaman/qorc-sdk/qf_apps/Vaman_Blink_MotorControl/GCC_Project/output/s3x_clock.o
 *fill*         0x0000000000003522        0x2 
 .text.s3x_clkd_cal_div.part.0
                0x0000000000003524       0x30 /home/sachin/Documents/Vaman/qorc-sdk/qf_apps/Vaman_Blink_MotorControl/GCC_Project/output/s3x_clock.o
 .text.S3x_Id_To_Domain
                0x0000000000003554       0x1c /home/sachin/Documents/Vaman/qorc-sdk/qf_apps/Vaman_Blink_MotorControl/GCC_Project/output/s3x_clock.o
                0x0000000000003554                S3x_Id_To_Domain
 .text.S3x_Clkd_Get_Cpu_Rate
                0x0000000000003570        0xc /home/sachin/Documents/Vaman/qorc-sdk/qf_apps/Vaman_Blink_MotorControl/GCC_Project/output/s3x_clock.o
                0x0000000000003570                S3x_Clkd_Get_Cpu_Rate
 .text.s3x_clkd_get_init_rate
                0x000000000000357c       0x28 /home/sachin/Documents/Vaman/qorc-sdk/qf_apps/Vaman_Blink_MotorControl/GCC_Project/output/s3x_clock.o
                0x000000000000357c                s3x_clkd_get_init_rate
 .text.s3x_clkd_update_div_val
                0x00000000000035a4       0x4c /home/sachin/Documents/Vaman/qorc-sdk/qf_apps/Vaman_Blink_MotorControl/GCC_Project/output/s3x_clock.o
                0x00000000000035a4                s3x_clkd_update_div_val
 .text.s3x_clkd_update_fd_rate
                0x00000000000035f0        0xe /home/sachin/Documents/Vaman/qorc-sdk/qf_apps/Vaman_Blink_MotorControl/GCC_Project/output/s3x_clock.o
                0x00000000000035f0                s3x_clkd_update_fd_rate
 *fill*         0x00000000000035fe        0x2 
 .text.s3x_clkd_update_sd_div
                0x0000000000003600       0x5c /home/sachin/Documents/Vaman/qorc-sdk/qf_apps/Vaman_Blink_MotorControl/GCC_Project/output/s3x_clock.o
 .text.s3x_clkd_update_all_src_div
                0x000000000000365c       0xd0 /home/sachin/Documents/Vaman/qorc-sdk/qf_apps/Vaman_Blink_MotorControl/GCC_Project/output/s3x_clock.o
                0x000000000000365c                s3x_clkd_update_all_src_div
 .text.S3x_Clkd_Get_Hsosc_Rate
                0x000000000000372c       0x34 /home/sachin/Documents/Vaman/qorc-sdk/qf_apps/Vaman_Blink_MotorControl/GCC_Project/output/s3x_clock.o
                0x000000000000372c                S3x_Clkd_Get_Hsosc_Rate
 .text.s3x_clkd_get_active_HSOSC_qos
                0x0000000000003760        0xc /home/sachin/Documents/Vaman/qorc-sdk/qf_apps/Vaman_Blink_MotorControl/GCC_Project/output/s3x_clock.o
                0x0000000000003760                s3x_clkd_get_active_HSOSC_qos
 .text.S3x_Clkd_Change_Hsosc
                0x000000000000376c       0x70 /home/sachin/Documents/Vaman/qorc-sdk/qf_apps/Vaman_Blink_MotorControl/GCC_Project/output/s3x_clock.o
                0x000000000000376c                S3x_Clkd_Change_Hsosc
 .text.s3x_clkd_get_src_rate
                0x00000000000037dc       0x12 /home/sachin/Documents/Vaman/qorc-sdk/qf_apps/Vaman_Blink_MotorControl/GCC_Project/output/s3x_clock.o
                0x00000000000037dc                s3x_clkd_get_src_rate
 *fill*         0x00000000000037ee        0x2 
 .text.s3x_clkd_get_div
                0x00000000000037f0       0x74 /home/sachin/Documents/Vaman/qorc-sdk/qf_apps/Vaman_Blink_MotorControl/GCC_Project/output/s3x_clock.o
                0x00000000000037f0                s3x_clkd_get_div
 .text.s3x_clkd_srate
                0x0000000000003864      0x158 /home/sachin/Documents/Vaman/qorc-sdk/qf_apps/Vaman_Blink_MotorControl/GCC_Project/output/s3x_clock.o
 .text.s3x_clkd_grate
                0x00000000000039bc       0x8c /home/sachin/Documents/Vaman/qorc-sdk/qf_apps/Vaman_Blink_MotorControl/GCC_Project/output/s3x_clock.o
 .text.s3x_clkd_set_src_div_st
                0x0000000000003a48       0x4c /home/sachin/Documents/Vaman/qorc-sdk/qf_apps/Vaman_Blink_MotorControl/GCC_Project/output/s3x_clock.o
 .text.s3x_update_clk_rate
                0x0000000000003a94       0xb0 /home/sachin/Documents/Vaman/qorc-sdk/qf_apps/Vaman_Blink_MotorControl/GCC_Project/output/s3x_clock.o
                0x0000000000003a94                s3x_update_clk_rate
 .text.s3x_clkd_get_gate_mask_st
                0x0000000000003b44       0x16 /home/sachin/Documents/Vaman/qorc-sdk/qf_apps/Vaman_Blink_MotorControl/GCC_Project/output/s3x_clock.o
                0x0000000000003b44                s3x_clkd_get_gate_mask_st
 *fill*         0x0000000000003b5a        0x2 
 .text.s3x_clkd_set_gate_mask
                0x0000000000003b5c       0x50 /home/sachin/Documents/Vaman/qorc-sdk/qf_apps/Vaman_Blink_MotorControl/GCC_Project/output/s3x_clock.o
                0x0000000000003b5c                s3x_clkd_set_gate_mask
 .text.s3x_clkd_enable_gate
                0x0000000000003bac       0x68 /home/sachin/Documents/Vaman/qorc-sdk/qf_apps/Vaman_Blink_MotorControl/GCC_Project/output/s3x_clock.o
 .text.s3x_clkd_disable_gate
                0x0000000000003c14       0x54 /home/sachin/Documents/Vaman/qorc-sdk/qf_apps/Vaman_Blink_MotorControl/GCC_Project/output/s3x_clock.o
 .text._S3x_Clk_Enable
                0x0000000000003c68       0xb8 /home/sachin/Documents/Vaman/qorc-sdk/qf_apps/Vaman_Blink_MotorControl/GCC_Project/output/s3x_clock.o
                0x0000000000003c68                _S3x_Clk_Enable
 .text._S3x_Clk_Disable
                0x0000000000003d20       0xc8 /home/sachin/Documents/Vaman/qorc-sdk/qf_apps/Vaman_Blink_MotorControl/GCC_Project/output/s3x_clock.o
                0x0000000000003d20                _S3x_Clk_Disable
 .text._S3x_Clk_Get_Status
                0x0000000000003de8       0x2c /home/sachin/Documents/Vaman/qorc-sdk/qf_apps/Vaman_Blink_MotorControl/GCC_Project/output/s3x_clock.o
                0x0000000000003de8                _S3x_Clk_Get_Status
 .text._S3x_Clk_Get_Rate
                0x0000000000003e14       0x28 /home/sachin/Documents/Vaman/qorc-sdk/qf_apps/Vaman_Blink_MotorControl/GCC_Project/output/s3x_clock.o
                0x0000000000003e14                _S3x_Clk_Get_Rate
 .text._S3x_Clk_Set_Rate
                0x0000000000003e3c       0x48 /home/sachin/Documents/Vaman/qorc-sdk/qf_apps/Vaman_Blink_MotorControl/GCC_Project/output/s3x_clock.o
                0x0000000000003e3c                _S3x_Clk_Set_Rate
 .text.S3x_Clk_Init
                0x0000000000003e84      0x15c /home/sachin/Documents/Vaman/qorc-sdk/qf_apps/Vaman_Blink_MotorControl/GCC_Project/output/s3x_clock.o
                0x0000000000003e84                S3x_Clk_Init
 .text.S3x_Clk_Enable
                0x0000000000003fe0        0x4 /home/sachin/Documents/Vaman/qorc-sdk/qf_apps/Vaman_Blink_MotorControl/GCC_Project/output/s3x_clock_hal.o
                0x0000000000003fe0                S3x_Clk_Enable
 .text.S3x_Clk_Disable
                0x0000000000003fe4        0x4 /home/sachin/Documents/Vaman/qorc-sdk/qf_apps/Vaman_Blink_MotorControl/GCC_Project/output/s3x_clock_hal.o
                0x0000000000003fe4                S3x_Clk_Disable
 .text.S3x_Clk_Get_Rate
                0x0000000000003fe8        0x4 /home/sachin/Documents/Vaman/qorc-sdk/qf_apps/Vaman_Blink_MotorControl/GCC_Project/output/s3x_clock_hal.o
                0x0000000000003fe8                S3x_Clk_Get_Rate
 .text.DFS_cpuload
                0x0000000000003fec       0x4c /home/sachin/Documents/Vaman/qorc-sdk/qf_apps/Vaman_Blink_MotorControl/GCC_Project/output/s3x_cpuload.o
                0x0000000000003fec                DFS_cpuload
 .text.DFS_updatesleepticks
                0x0000000000004038       0x10 /home/sachin/Documents/Vaman/qorc-sdk/qf_apps/Vaman_Blink_MotorControl/GCC_Project/output/s3x_cpuload.o
                0x0000000000004038                DFS_updatesleepticks
 .text.DFS_resetsleepticks
                0x0000000000004048        0xc /home/sachin/Documents/Vaman/qorc-sdk/qf_apps/Vaman_Blink_MotorControl/GCC_Project/output/s3x_cpuload.o
                0x0000000000004048                DFS_resetsleepticks
 .text.DFS_UpdateTimer
                0x0000000000004054       0x5c /home/sachin/Documents/Vaman/qorc-sdk/qf_apps/Vaman_Blink_MotorControl/GCC_Project/output/s3x_dfs.o
 .text.DFS_StartTimer
                0x00000000000040b0       0x88 /home/sachin/Documents/Vaman/qorc-sdk/qf_apps/Vaman_Blink_MotorControl/GCC_Project/output/s3x_dfs.o
                0x00000000000040b0                DFS_StartTimer
 .text.s3x_suspend_dfs
                0x0000000000004138        0xc /home/sachin/Documents/Vaman/qorc-sdk/qf_apps/Vaman_Blink_MotorControl/GCC_Project/output/s3x_dfs.o
                0x0000000000004138                s3x_suspend_dfs
 .text.S3x_Set_Policy
                0x0000000000004144      0x108 /home/sachin/Documents/Vaman/qorc-sdk/qf_apps/Vaman_Blink_MotorControl/GCC_Project/output/s3x_dfs.o
                0x0000000000004144                S3x_Set_Policy
 .text.S3x_get_max_rate_dfs_node
                0x000000000000424c       0x28 /home/sachin/Documents/Vaman/qorc-sdk/qf_apps/Vaman_Blink_MotorControl/GCC_Project/output/s3x_dfs.o
                0x000000000000424c                S3x_get_max_rate_dfs_node
 .text.S3x_Stepup_Policy
                0x0000000000004274       0x7c /home/sachin/Documents/Vaman/qorc-sdk/qf_apps/Vaman_Blink_MotorControl/GCC_Project/output/s3x_dfs.o
 .text.DFS_TimerCB
                0x00000000000042f0        0xe /home/sachin/Documents/Vaman/qorc-sdk/qf_apps/Vaman_Blink_MotorControl/GCC_Project/output/s3x_dfs.o
 *fill*         0x00000000000042fe        0x2 
 .text.DFS_AlignPolicy
                0x0000000000004300       0x38 /home/sachin/Documents/Vaman/qorc-sdk/qf_apps/Vaman_Blink_MotorControl/GCC_Project/output/s3x_dfs.o
                0x0000000000004300                DFS_AlignPolicy
 .text.S3x_Reduce_Hsosc
                0x0000000000004338       0x50 /home/sachin/Documents/Vaman/qorc-sdk/qf_apps/Vaman_Blink_MotorControl/GCC_Project/output/s3x_dfs.o
                0x0000000000004338                S3x_Reduce_Hsosc
 .text.DFS_fPolicyHasDeepSleep
                0x0000000000004388       0x1c /home/sachin/Documents/Vaman/qorc-sdk/qf_apps/Vaman_Blink_MotorControl/GCC_Project/output/s3x_dfs.o
                0x0000000000004388                DFS_fPolicyHasDeepSleep
 .text.DFS_SwitchToSleepPolicy
                0x00000000000043a4       0x7c /home/sachin/Documents/Vaman/qorc-sdk/qf_apps/Vaman_Blink_MotorControl/GCC_Project/output/s3x_dfs.o
                0x00000000000043a4                DFS_SwitchToSleepPolicy
 .text.DFS_RestoreFromSleep
                0x0000000000004420       0x34 /home/sachin/Documents/Vaman/qorc-sdk/qf_apps/Vaman_Blink_MotorControl/GCC_Project/output/s3x_dfs.o
                0x0000000000004420                DFS_RestoreFromSleep
 .text.s3x_get_index_in_dfs_node
                0x0000000000004454       0x20 /home/sachin/Documents/Vaman/qorc-sdk/qf_apps/Vaman_Blink_MotorControl/GCC_Project/output/s3x_dfs.o
                0x0000000000004454                s3x_get_index_in_dfs_node
 .text.s3x_get_policy_max_rate
                0x0000000000004474       0x2c /home/sachin/Documents/Vaman/qorc-sdk/qf_apps/Vaman_Blink_MotorControl/GCC_Project/output/s3x_dfs.o
                0x0000000000004474                s3x_get_policy_max_rate
 .text.S3x_Is_Dfs_En
                0x00000000000044a0       0x10 /home/sachin/Documents/Vaman/qorc-sdk/qf_apps/Vaman_Blink_MotorControl/GCC_Project/output/s3x_dfs.o
                0x00000000000044a0                S3x_Is_Dfs_En
 .text.S3x_Set_Dfs_st
                0x00000000000044b0        0xc /home/sachin/Documents/Vaman/qorc-sdk/qf_apps/Vaman_Blink_MotorControl/GCC_Project/output/s3x_dfs.o
                0x00000000000044b0                S3x_Set_Dfs_st
 .text.DFS_Get_Curr_Policy
                0x00000000000044bc        0xc /home/sachin/Documents/Vaman/qorc-sdk/qf_apps/Vaman_Blink_MotorControl/GCC_Project/output/s3x_dfs.o
                0x00000000000044bc                DFS_Get_Curr_Policy
 .text.DFS_Initialize
                0x00000000000044c8       0x14 /home/sachin/Documents/Vaman/qorc-sdk/qf_apps/Vaman_Blink_MotorControl/GCC_Project/output/s3x_dfs.o
                0x00000000000044c8                DFS_Initialize
 .text.trace_this
                0x00000000000044dc       0x28 /home/sachin/Documents/Vaman/qorc-sdk/qf_apps/Vaman_Blink_MotorControl/GCC_Project/output/s3x_lpm.o
 .text.S3x_Register_Lpm_Cb
                0x0000000000004504       0x40 /home/sachin/Documents/Vaman/qorc-sdk/qf_apps/Vaman_Blink_MotorControl/GCC_Project/output/s3x_lpm.o
                0x0000000000004504                S3x_Register_Lpm_Cb
 .text.s3x_setup_systick_interrupt
                0x0000000000004544       0x54 /home/sachin/Documents/Vaman/qorc-sdk/qf_apps/Vaman_Blink_MotorControl/GCC_Project/output/s3x_lpm.o
                0x0000000000004544                s3x_setup_systick_interrupt
 .text.prvStopTickInterruptTimer
                0x0000000000004598       0x10 /home/sachin/Documents/Vaman/qorc-sdk/qf_apps/Vaman_Blink_MotorControl/GCC_Project/output/s3x_lpm.o
                0x0000000000004598                prvStopTickInterruptTimer
 .text.prvStartTickInterruptTimer
                0x00000000000045a8        0x8 /home/sachin/Documents/Vaman/qorc-sdk/qf_apps/Vaman_Blink_MotorControl/GCC_Project/output/s3x_lpm.o
                0x00000000000045a8                prvStartTickInterruptTimer
 .text.SysTick_Handler
                0x00000000000045b0       0x12 /home/sachin/Documents/Vaman/qorc-sdk/qf_apps/Vaman_Blink_MotorControl/GCC_Project/output/s3x_lpm.o
                0x00000000000045b0                SysTick_Handler
 .text.vPortSetupTimerInterrupt
                0x00000000000045c2        0x6 /home/sachin/Documents/Vaman/qorc-sdk/qf_apps/Vaman_Blink_MotorControl/GCC_Project/output/s3x_lpm.o
                0x00000000000045c2                vPortSetupTimerInterrupt
 .text.S3x_Pre_Lpm
                0x00000000000045c8       0x20 /home/sachin/Documents/Vaman/qorc-sdk/qf_apps/Vaman_Blink_MotorControl/GCC_Project/output/s3x_lpm.o
                0x00000000000045c8                S3x_Pre_Lpm
 .text.S3x_Post_Lpm
                0x00000000000045e8       0x18 /home/sachin/Documents/Vaman/qorc-sdk/qf_apps/Vaman_Blink_MotorControl/GCC_Project/output/s3x_lpm.o
                0x00000000000045e8                S3x_Post_Lpm
 .text.S3x_Lpm_Handler
                0x0000000000004600      0x3ac /home/sachin/Documents/Vaman/qorc-sdk/qf_apps/Vaman_Blink_MotorControl/GCC_Project/output/s3x_lpm.o
                0x0000000000004600                S3x_Lpm_Handler
 .text.s3x_get_pi
                0x00000000000049ac       0x20 /home/sachin/Documents/Vaman/qorc-sdk/qf_apps/Vaman_Blink_MotorControl/GCC_Project/output/s3x_pi.o
                0x00000000000049ac                s3x_get_pi
 .text.s3x_get_pi_gindex
                0x00000000000049cc       0x14 /home/sachin/Documents/Vaman/qorc-sdk/qf_apps/Vaman_Blink_MotorControl/GCC_Project/output/s3x_pi.o
                0x00000000000049cc                s3x_get_pi_gindex
 .text.s3x_pi_get_st
                0x00000000000049e0       0x24 /home/sachin/Documents/Vaman/qorc-sdk/qf_apps/Vaman_Blink_MotorControl/GCC_Project/output/s3x_pi.o
                0x00000000000049e0                s3x_pi_get_st
 .text.s3x_pi_set_cfg_st
                0x0000000000004a04       0x94 /home/sachin/Documents/Vaman/qorc-sdk/qf_apps/Vaman_Blink_MotorControl/GCC_Project/output/s3x_pi.o
                0x0000000000004a04                s3x_pi_set_cfg_st
 .text.s3x_pi_set_active_st
                0x0000000000004a98       0xa8 /home/sachin/Documents/Vaman/qorc-sdk/qf_apps/Vaman_Blink_MotorControl/GCC_Project/output/s3x_pi.o
                0x0000000000004a98                s3x_pi_set_active_st
 .text.s3x_pi_get_clkg_st
                0x0000000000004b40       0x36 /home/sachin/Documents/Vaman/qorc-sdk/qf_apps/Vaman_Blink_MotorControl/GCC_Project/output/s3x_pi.o
                0x0000000000004b40                s3x_pi_get_clkg_st
 .text.s3x_pi_set_clkg_st
                0x0000000000004b76       0x26 /home/sachin/Documents/Vaman/qorc-sdk/qf_apps/Vaman_Blink_MotorControl/GCC_Project/output/s3x_pi.o
                0x0000000000004b76                s3x_pi_set_clkg_st
 .text.s3x_set_pi_state
                0x0000000000004b9c        0xc /home/sachin/Documents/Vaman/qorc-sdk/qf_apps/Vaman_Blink_MotorControl/GCC_Project/output/s3x_pi.o
                0x0000000000004b9c                s3x_set_pi_state
 .text.s3x_get_pi_init_state
                0x0000000000004ba8       0x18 /home/sachin/Documents/Vaman/qorc-sdk/qf_apps/Vaman_Blink_MotorControl/GCC_Project/output/s3x_pi.o
                0x0000000000004ba8                s3x_get_pi_init_state
 .text.S3x_pi_init
                0x0000000000004bc0       0x20 /home/sachin/Documents/Vaman/qorc-sdk/qf_apps/Vaman_Blink_MotorControl/GCC_Project/output/s3x_pi.o
                0x0000000000004bc0                S3x_pi_init
 .text.S3x_pwrcfg_init
                0x0000000000004be0       0x2c /home/sachin/Documents/Vaman/qorc-sdk/qf_apps/Vaman_Blink_MotorControl/GCC_Project/output/s3x_pwrcfg.o
                0x0000000000004be0                S3x_pwrcfg_init
 .text.s3x_sram_in_lpm
                0x0000000000004c0c       0x1c /home/sachin/Documents/Vaman/qorc-sdk/qf_apps/Vaman_Blink_MotorControl/GCC_Project/output/s3x_pwrcfg.o
                0x0000000000004c0c                s3x_sram_in_lpm
 .text.S3x_get_qos_rate
                0x0000000000004c28       0x38 /home/sachin/Documents/Vaman/qorc-sdk/qf_apps/Vaman_Blink_MotorControl/GCC_Project/output/s3x_qos.o
                0x0000000000004c28                S3x_get_qos_rate
 .text.save_assert_info
                0x0000000000004c60       0x74 /home/sachin/Documents/Vaman/qorc-sdk/qf_apps/Vaman_Blink_MotorControl/GCC_Project/output/sec_debug.o
                0x0000000000004c60                save_assert_info
 .text.invoke_soft_fault
                0x0000000000004cd4       0x20 /home/sachin/Documents/Vaman/qorc-sdk/qf_apps/Vaman_Blink_MotorControl/GCC_Project/output/sec_debug.o
                0x0000000000004cd4                invoke_soft_fault
 .text.Reset_Handler
                0x0000000000004cf4       0x2c /home/sachin/Documents/Vaman/qorc-sdk/qf_apps/Vaman_Blink_MotorControl/GCC_Project/output/startup_EOSS3B_GCC.o
                0x0000000000004cf4                Reset_Handler
 .text.__semihost_call
                0x0000000000004d20        0x6 /home/sachin/Documents/Vaman/qorc-sdk/qf_apps/Vaman_Blink_MotorControl/GCC_Project/output/startup_EOSS3B_GCC.o
                0x0000000000004d20                __semihost_call
 *fill*         0x0000000000004d26        0x2 
 .text.prvGetExpectedIdleTime
                0x0000000000004d28       0x3c /home/sachin/Documents/Vaman/qorc-sdk/qf_apps/Vaman_Blink_MotorControl/GCC_Project/output/tasks.o
 .text.prvResetNextTaskUnblockTime
                0x0000000000004d64       0x24 /home/sachin/Documents/Vaman/qorc-sdk/qf_apps/Vaman_Blink_MotorControl/GCC_Project/output/tasks.o
 .text.prvAddCurrentTaskToDelayedList
                0x0000000000004d88       0x8c /home/sachin/Documents/Vaman/qorc-sdk/qf_apps/Vaman_Blink_MotorControl/GCC_Project/output/tasks.o
 .text.xTaskCreate
                0x0000000000004e14      0x1e0 /home/sachin/Documents/Vaman/qorc-sdk/qf_apps/Vaman_Blink_MotorControl/GCC_Project/output/tasks.o
                0x0000000000004e14                xTaskCreate
 .text.vTaskStartScheduler
                0x0000000000004ff4       0x98 /home/sachin/Documents/Vaman/qorc-sdk/qf_apps/Vaman_Blink_MotorControl/GCC_Project/output/tasks.o
                0x0000000000004ff4                vTaskStartScheduler
 .text.vTaskSuspendAll
                0x000000000000508c       0x10 /home/sachin/Documents/Vaman/qorc-sdk/qf_apps/Vaman_Blink_MotorControl/GCC_Project/output/tasks.o
                0x000000000000508c                vTaskSuspendAll
 .text.xTaskGetTickCount
                0x000000000000509c        0xc /home/sachin/Documents/Vaman/qorc-sdk/qf_apps/Vaman_Blink_MotorControl/GCC_Project/output/tasks.o
                0x000000000000509c                xTaskGetTickCount
 .text.vTaskStepTick
                0x00000000000050a8       0x44 /home/sachin/Documents/Vaman/qorc-sdk/qf_apps/Vaman_Blink_MotorControl/GCC_Project/output/tasks.o
                0x00000000000050a8                vTaskStepTick
 .text.xTaskIncrementTick
                0x00000000000050ec      0x14c /home/sachin/Documents/Vaman/qorc-sdk/qf_apps/Vaman_Blink_MotorControl/GCC_Project/output/tasks.o
                0x00000000000050ec                xTaskIncrementTick
 .text.xTaskResumeAll
                0x0000000000005238      0x100 /home/sachin/Documents/Vaman/qorc-sdk/qf_apps/Vaman_Blink_MotorControl/GCC_Project/output/tasks.o
                0x0000000000005238                xTaskResumeAll
 .text.vTaskDelay
                0x0000000000005338       0x60 /home/sachin/Documents/Vaman/qorc-sdk/qf_apps/Vaman_Blink_MotorControl/GCC_Project/output/tasks.o
                0x0000000000005338                vTaskDelay
 .text.prvIdleTask
                0x0000000000005398       0xc4 /home/sachin/Documents/Vaman/qorc-sdk/qf_apps/Vaman_Blink_MotorControl/GCC_Project/output/tasks.o
 .text.vTaskSwitchContext
                0x000000000000545c       0xb8 /home/sachin/Documents/Vaman/qorc-sdk/qf_apps/Vaman_Blink_MotorControl/GCC_Project/output/tasks.o
                0x000000000000545c                vTaskSwitchContext
 .text.vTaskPlaceOnEventList
                0x0000000000005514       0x48 /home/sachin/Documents/Vaman/qorc-sdk/qf_apps/Vaman_Blink_MotorControl/GCC_Project/output/tasks.o
                0x0000000000005514                vTaskPlaceOnEventList
 .text.vTaskPlaceOnEventListRestricted
                0x000000000000555c       0x50 /home/sachin/Documents/Vaman/qorc-sdk/qf_apps/Vaman_Blink_MotorControl/GCC_Project/output/tasks.o
                0x000000000000555c                vTaskPlaceOnEventListRestricted
 .text.xTaskRemoveFromEventList
                0x00000000000055ac       0x9c /home/sachin/Documents/Vaman/qorc-sdk/qf_apps/Vaman_Blink_MotorControl/GCC_Project/output/tasks.o
                0x00000000000055ac                xTaskRemoveFromEventList
 .text.vTaskInternalSetTimeOutState
                0x0000000000005648       0x18 /home/sachin/Documents/Vaman/qorc-sdk/qf_apps/Vaman_Blink_MotorControl/GCC_Project/output/tasks.o
                0x0000000000005648                vTaskInternalSetTimeOutState
 .text.xTaskCheckForTimeOut
                0x0000000000005660       0x94 /home/sachin/Documents/Vaman/qorc-sdk/qf_apps/Vaman_Blink_MotorControl/GCC_Project/output/tasks.o
                0x0000000000005660                xTaskCheckForTimeOut
 .text.vTaskMissedYield
                0x00000000000056f4        0xc /home/sachin/Documents/Vaman/qorc-sdk/qf_apps/Vaman_Blink_MotorControl/GCC_Project/output/tasks.o
                0x00000000000056f4                vTaskMissedYield
 .text.uxTaskGetTCBNumber
                0x0000000000005700       0x14 /home/sachin/Documents/Vaman/qorc-sdk/qf_apps/Vaman_Blink_MotorControl/GCC_Project/output/tasks.o
                0x0000000000005700                uxTaskGetTCBNumber
 .text.eTaskConfirmSleepModeStatus
                0x0000000000005714       0x34 /home/sachin/Documents/Vaman/qorc-sdk/qf_apps/Vaman_Blink_MotorControl/GCC_Project/output/tasks.o
                0x0000000000005714                eTaskConfirmSleepModeStatus
 .text.xTaskGetCurrentTaskHandle
                0x0000000000005748        0xc /home/sachin/Documents/Vaman/qorc-sdk/qf_apps/Vaman_Blink_MotorControl/GCC_Project/output/tasks.o
                0x0000000000005748                xTaskGetCurrentTaskHandle
 .text.xTaskGetSchedulerState
                0x0000000000005754       0x20 /home/sachin/Documents/Vaman/qorc-sdk/qf_apps/Vaman_Blink_MotorControl/GCC_Project/output/tasks.o
                0x0000000000005754                xTaskGetSchedulerState
 .text.xTaskPriorityInherit
                0x0000000000005774       0xa8 /home/sachin/Documents/Vaman/qorc-sdk/qf_apps/Vaman_Blink_MotorControl/GCC_Project/output/tasks.o
                0x0000000000005774                xTaskPriorityInherit
 .text.xTaskPriorityDisinherit
                0x000000000000581c       0xc4 /home/sachin/Documents/Vaman/qorc-sdk/qf_apps/Vaman_Blink_MotorControl/GCC_Project/output/tasks.o
                0x000000000000581c                xTaskPriorityDisinherit
 .text.vTaskPriorityDisinheritAfterTimeout
                0x00000000000058e0       0xd8 /home/sachin/Documents/Vaman/qorc-sdk/qf_apps/Vaman_Blink_MotorControl/GCC_Project/output/tasks.o
                0x00000000000058e0                vTaskPriorityDisinheritAfterTimeout
 .text.pvTaskIncrementMutexHeldCount
                0x00000000000059b8       0x18 /home/sachin/Documents/Vaman/qorc-sdk/qf_apps/Vaman_Blink_MotorControl/GCC_Project/output/tasks.o
                0x00000000000059b8                pvTaskIncrementMutexHeldCount
 .text.prvCheckForValidListAndQueue
                0x00000000000059d0       0x58 /home/sachin/Documents/Vaman/qorc-sdk/qf_apps/Vaman_Blink_MotorControl/GCC_Project/output/timers.o
 .text.prvInsertTimerInActiveList
                0x0000000000005a28       0x3c /home/sachin/Documents/Vaman/qorc-sdk/qf_apps/Vaman_Blink_MotorControl/GCC_Project/output/timers.o
 .text.xTimerCreateTimerTask
                0x0000000000005a64       0x64 /home/sachin/Documents/Vaman/qorc-sdk/qf_apps/Vaman_Blink_MotorControl/GCC_Project/output/timers.o
                0x0000000000005a64                xTimerCreateTimerTask
 .text.xTimerCreate
                0x0000000000005ac8       0x58 /home/sachin/Documents/Vaman/qorc-sdk/qf_apps/Vaman_Blink_MotorControl/GCC_Project/output/timers.o
                0x0000000000005ac8                xTimerCreate
 .text.xTimerGenericCommand
                0x0000000000005b20       0x70 /home/sachin/Documents/Vaman/qorc-sdk/qf_apps/Vaman_Blink_MotorControl/GCC_Project/output/timers.o
                0x0000000000005b20                xTimerGenericCommand
 .text.prvSwitchTimerLists
                0x0000000000005b90       0x90 /home/sachin/Documents/Vaman/qorc-sdk/qf_apps/Vaman_Blink_MotorControl/GCC_Project/output/timers.o
 .text.prvTimerTask
                0x0000000000005c20      0x218 /home/sachin/Documents/Vaman/qorc-sdk/qf_apps/Vaman_Blink_MotorControl/GCC_Project/output/timers.o
 .text          0x0000000000005e38      0x378 /usr/lib/gcc/arm-none-eabi/9.2.1/thumb/v7e-m+fp/hard/libgcc.a(_arm_addsubdf3.o)
                0x0000000000005e38                __aeabi_drsub
                0x0000000000005e40                __aeabi_dsub
                0x0000000000005e40                __subdf3
                0x0000000000005e44                __adddf3
                0x0000000000005e44                __aeabi_dadd
                0x00000000000060bc                __aeabi_ui2d
                0x00000000000060bc                __floatunsidf
                0x00000000000060dc                __floatsidf
                0x00000000000060dc                __aeabi_i2d
                0x0000000000006100                __extendsfdf2
                0x0000000000006100                __aeabi_f2d
                0x0000000000006144                __aeabi_ul2d
                0x0000000000006144                __floatundidf
                0x0000000000006154                __floatdidf
                0x0000000000006154                __aeabi_l2d
 .text          0x00000000000061b0      0x424 /usr/lib/gcc/arm-none-eabi/9.2.1/thumb/v7e-m+fp/hard/libgcc.a(_arm_muldivdf3.o)
                0x00000000000061b0                __aeabi_dmul
                0x00000000000061b0                __muldf3
                0x0000000000006404                __aeabi_ddiv
                0x0000000000006404                __divdf3
 .text          0x00000000000065d4       0x50 /usr/lib/gcc/arm-none-eabi/9.2.1/thumb/v7e-m+fp/hard/libgcc.a(_arm_fixdfsi.o)
                0x00000000000065d4                __fixdfsi
                0x00000000000065d4                __aeabi_d2iz
 .text          0x0000000000006624       0x30 /usr/lib/gcc/arm-none-eabi/9.2.1/thumb/v7e-m+fp/hard/libgcc.a(_aeabi_uldivmod.o)
                0x0000000000006624                __aeabi_uldivmod
 .text          0x0000000000006654      0x2c4 /usr/lib/gcc/arm-none-eabi/9.2.1/thumb/v7e-m+fp/hard/libgcc.a(_udivmoddi4.o)
                0x0000000000006654                __udivmoddi4
 .text          0x0000000000006918        0x4 /usr/lib/gcc/arm-none-eabi/9.2.1/thumb/v7e-m+fp/hard/libgcc.a(_dvmd_tls.o)
                0x0000000000006918                __aeabi_ldiv0
                0x0000000000006918                __aeabi_idiv0
 .text          0x000000000000691c        0xc /usr/lib/gcc/arm-none-eabi/9.2.1/../../../arm-none-eabi/lib/thumb/v7e-m+fp/hard/libg_nano.a(lib_a-atexit.o)
                0x000000000000691c                atexit
 .text          0x0000000000006928       0x28 /usr/lib/gcc/arm-none-eabi/9.2.1/../../../arm-none-eabi/lib/thumb/v7e-m+fp/hard/libg_nano.a(lib_a-exit.o)
                0x0000000000006928                exit
 .text          0x0000000000006950       0x34 /usr/lib/gcc/arm-none-eabi/9.2.1/../../../arm-none-eabi/lib/thumb/v7e-m+fp/hard/libg_nano.a(lib_a-fini.o)
                0x0000000000006950                __libc_fini_array
 .text          0x0000000000006984       0x48 /usr/lib/gcc/arm-none-eabi/9.2.1/../../../arm-none-eabi/lib/thumb/v7e-m+fp/hard/libg_nano.a(lib_a-init.o)
                0x0000000000006984                __libc_init_array
 .text          0x00000000000069cc       0x20 /usr/lib/gcc/arm-none-eabi/9.2.1/../../../arm-none-eabi/lib/thumb/v7e-m+fp/hard/libg_nano.a(lib_a-malloc.o)
                0x00000000000069cc                malloc
                0x00000000000069dc                free
 .text          0x00000000000069ec      0x134 /usr/lib/gcc/arm-none-eabi/9.2.1/../../../arm-none-eabi/lib/thumb/v7e-m+fp/hard/libg_nano.a(lib_a-memcpy.o)
                0x00000000000069ec                memcpy
 .text          0x0000000000006b20       0xa0 /usr/lib/gcc/arm-none-eabi/9.2.1/../../../arm-none-eabi/lib/thumb/v7e-m+fp/hard/libg_nano.a(lib_a-memset.o)
                0x0000000000006b20                memset
 .text          0x0000000000006bc0       0xac /usr/lib/gcc/arm-none-eabi/9.2.1/../../../arm-none-eabi/lib/thumb/v7e-m+fp/hard/libg_nano.a(lib_a-nano-freer.o)
                0x0000000000006bc0                _free_r
 .text          0x0000000000006c6c       0xc8 /usr/lib/gcc/arm-none-eabi/9.2.1/../../../arm-none-eabi/lib/thumb/v7e-m+fp/hard/libg_nano.a(lib_a-nano-mallocr.o)
                0x0000000000006c6c                _malloc_r
 .text          0x0000000000006d34       0x68 /usr/lib/gcc/arm-none-eabi/9.2.1/../../../arm-none-eabi/lib/thumb/v7e-m+fp/hard/libg_nano.a(lib_a-printf.o)
                0x0000000000006d34                _printf_r
                0x0000000000006d34                _iprintf_r
                0x0000000000006d64                printf
                0x0000000000006d64                iprintf
 .text          0x0000000000006d9c       0xe8 /usr/lib/gcc/arm-none-eabi/9.2.1/../../../arm-none-eabi/lib/thumb/v7e-m+fp/hard/libg_nano.a(lib_a-puts.o)
                0x0000000000006d9c                _puts_r
                0x0000000000006e74                puts
 .text          0x0000000000006e84       0x24 /usr/lib/gcc/arm-none-eabi/9.2.1/../../../arm-none-eabi/lib/thumb/v7e-m+fp/hard/libg_nano.a(lib_a-sbrkr.o)
                0x0000000000006e84                _sbrk_r
 .text          0x0000000000006ea8       0x1c /usr/lib/gcc/arm-none-eabi/9.2.1/../../../arm-none-eabi/lib/thumb/v7e-m+fp/hard/libg_nano.a(lib_a-setjmp.o)
                0x0000000000006ea8                setjmp
                0x0000000000006eb4                longjmp
 .text          0x0000000000006ec4      0x110 /usr/lib/gcc/arm-none-eabi/9.2.1/../../../arm-none-eabi/lib/thumb/v7e-m+fp/hard/libg_nano.a(lib_a-snprintf.o)
                0x0000000000006ec4                _sniprintf_r
                0x0000000000006ec4                _snprintf_r
                0x0000000000006f48                snprintf
                0x0000000000006f48                sniprintf
 .text          0x0000000000006fd4       0x80 /usr/lib/gcc/arm-none-eabi/9.2.1/../../../arm-none-eabi/lib/thumb/v7e-m+fp/hard/libg_nano.a(lib_a-sprintf.o)
                0x0000000000006fd4                _siprintf_r
                0x0000000000006fd4                _sprintf_r
                0x0000000000007010                sprintf
                0x0000000000007010                siprintf
 .text          0x0000000000007054       0xc8 /usr/lib/gcc/arm-none-eabi/9.2.1/../../../arm-none-eabi/lib/thumb/v7e-m+fp/hard/libg_nano.a(lib_a-strchr.o)
                0x0000000000007054                strchr
 *fill*         0x000000000000711c        0x4 
 .text          0x0000000000007120      0x2dc /usr/lib/gcc/arm-none-eabi/9.2.1/../../../arm-none-eabi/lib/thumb/v7e-m+fp/hard/libg_nano.a(lib_a-strcmp.o)
                0x0000000000007128                strcmp
 .text          0x00000000000073fc       0xbc /usr/lib/gcc/arm-none-eabi/9.2.1/../../../arm-none-eabi/lib/thumb/v7e-m+fp/hard/libg_nano.a(lib_a-strcpy.o)
                0x00000000000073fc                strcpy
 *fill*         0x00000000000074b8        0x8 
 .text          0x00000000000074c0       0xdc /usr/lib/gcc/arm-none-eabi/9.2.1/../../../arm-none-eabi/lib/thumb/v7e-m+fp/hard/libg_nano.a(lib_a-strlen.o)
                0x00000000000074c0                strlen
 .text          0x000000000000759c       0x74 /usr/lib/gcc/arm-none-eabi/9.2.1/../../../arm-none-eabi/lib/thumb/v7e-m+fp/hard/libg_nano.a(lib_a-strncpy.o)
                0x000000000000759c                strncpy
 .text          0x0000000000007610       0x24 /usr/lib/gcc/arm-none-eabi/9.2.1/../../../arm-none-eabi/lib/thumb/v7e-m+fp/hard/libg_nano.a(lib_a-strrchr.o)
                0x0000000000007610                strrchr
 .text          0x0000000000007634       0x70 /usr/lib/gcc/arm-none-eabi/9.2.1/../../../arm-none-eabi/lib/thumb/v7e-m+fp/hard/libg_nano.a(lib_a-strtok_r.o)
                0x0000000000007634                __strtok_r
                0x000000000000769c                strtok_r
 .text          0x00000000000076a4      0x1c4 /usr/lib/gcc/arm-none-eabi/9.2.1/../../../arm-none-eabi/lib/thumb/v7e-m+fp/hard/libg_nano.a(lib_a-strtoll.o)
                0x0000000000007834                _strtoll_r
                0x0000000000007838                strtoll_l
                0x0000000000007850                strtoll
 .text          0x0000000000007868      0x1f8 /usr/lib/gcc/arm-none-eabi/9.2.1/../../../arm-none-eabi/lib/thumb/v7e-m+fp/hard/libg_nano.a(lib_a-strtoull.o)
                0x0000000000007a2c                _strtoull_r
                0x0000000000007a30                strtoull_l
                0x0000000000007a48                strtoull
 .text          0x0000000000007a60       0x88 /usr/lib/gcc/arm-none-eabi/9.2.1/../../../arm-none-eabi/lib/thumb/v7e-m+fp/hard/libg_nano.a(lib_a-vsnprintf.o)
                0x0000000000007a60                _vsnprintf_r
                0x0000000000007a60                _vsniprintf_r
                0x0000000000007acc                vsnprintf
                0x0000000000007acc                vsniprintf
 .text          0x0000000000007ae8       0xc0 /usr/lib/gcc/arm-none-eabi/9.2.1/../../../arm-none-eabi/lib/thumb/v7e-m+fp/hard/libg_nano.a(lib_a-wbuf.o)
                0x0000000000007ae8                __swbuf_r
                0x0000000000007b98                __swbuf
 .text          0x0000000000007ba8      0x100 /usr/lib/gcc/arm-none-eabi/9.2.1/../../../arm-none-eabi/lib/thumb/v7e-m+fp/hard/libg_nano.a(lib_a-wsetup.o)
                0x0000000000007ba8                __swsetup_r
 .text          0x0000000000007ca8       0xa0 /usr/lib/gcc/arm-none-eabi/9.2.1/../../../arm-none-eabi/lib/thumb/v7e-m+fp/hard/libg_nano.a(lib_a-__atexit.o)
                0x0000000000007ca8                __register_exitproc
 .text          0x0000000000007d48       0x9c /usr/lib/gcc/arm-none-eabi/9.2.1/../../../arm-none-eabi/lib/thumb/v7e-m+fp/hard/libg_nano.a(lib_a-__call_atexit.o)
                0x0000000000007d48                __call_exitprocs
 .text          0x0000000000007de4      0x1b0 /usr/lib/gcc/arm-none-eabi/9.2.1/../../../arm-none-eabi/lib/thumb/v7e-m+fp/hard/libg_nano.a(lib_a-fflush.o)
                0x0000000000007de4                __sflush_r
                0x0000000000007f10                _fflush_r
                0x0000000000007f70                fflush
 .text          0x0000000000007f94      0x210 /usr/lib/gcc/arm-none-eabi/9.2.1/../../../arm-none-eabi/lib/thumb/v7e-m+fp/hard/libg_nano.a(lib_a-findfp.o)
                0x0000000000007f98                _cleanup_r
                0x0000000000007fa8                __sfmoreglue
                0x0000000000007fd8                __sfp
                0x0000000000008150                _cleanup
                0x0000000000008164                __sinit
                0x000000000000816c                __sfp_lock_acquire
                0x0000000000008170                __sfp_lock_release
                0x0000000000008174                __sinit_lock_acquire
                0x0000000000008178                __sinit_lock_release
                0x000000000000817c                __fp_lock_all
                0x0000000000008190                __fp_unlock_all
 .text          0x00000000000081a4       0xa0 /usr/lib/gcc/arm-none-eabi/9.2.1/../../../arm-none-eabi/lib/thumb/v7e-m+fp/hard/libg_nano.a(lib_a-fwalk.o)
                0x00000000000081a4                _fwalk
                0x00000000000081f0                _fwalk_reent
 .text          0x0000000000008244       0xf0 /usr/lib/gcc/arm-none-eabi/9.2.1/../../../arm-none-eabi/lib/thumb/v7e-m+fp/hard/libg_nano.a(lib_a-makebuf.o)
                0x0000000000008244                __swhatbuf_r
                0x00000000000082a0                __smakebuf_r
 .text          0x0000000000008334        0x8 /usr/lib/gcc/arm-none-eabi/9.2.1/../../../arm-none-eabi/lib/thumb/v7e-m+fp/hard/libg_nano.a(lib_a-mlock.o)
                0x0000000000008334                __malloc_lock
                0x0000000000008338                __malloc_unlock
 .text          0x000000000000833c      0x42c /usr/lib/gcc/arm-none-eabi/9.2.1/../../../arm-none-eabi/lib/thumb/v7e-m+fp/hard/libg_nano.a(lib_a-nano-svfprintf.o)
                0x000000000000833c                __ssputs_r
                0x00000000000083fc                __ssprint_r
                0x00000000000084f4                _svfprintf_r
                0x00000000000084f4                _svfiprintf_r
 .text          0x0000000000008768      0x364 /usr/lib/gcc/arm-none-eabi/9.2.1/../../../arm-none-eabi/lib/thumb/v7e-m+fp/hard/libg_nano.a(lib_a-nano-vfprintf.o)
                0x00000000000087a4                __sfputs_r
                0x00000000000087d4                __sprint_r
                0x00000000000087f0                _vfiprintf_r
                0x00000000000087f0                _vfprintf_r
                0x0000000000008ab4                vfiprintf
                0x0000000000008ab4                vfprintf
 .text          0x0000000000008acc      0x3c4 /usr/lib/gcc/arm-none-eabi/9.2.1/../../../arm-none-eabi/lib/thumb/v7e-m+fp/hard/libg_nano.a(lib_a-nano-vfprintf_i.o)
                0x0000000000008acc                _printf_common
                0x0000000000008bf8                _printf_i
 .text          0x0000000000008e90       0x90 /usr/lib/gcc/arm-none-eabi/9.2.1/../../../arm-none-eabi/lib/thumb/v7e-m+fp/hard/libg_nano.a(lib_a-stdio.o)
                0x0000000000008e90                __sread
                0x0000000000008eb4                __seofread
                0x0000000000008eb8                __swrite
                0x0000000000008ef8                __sseek
                0x0000000000008f18                __sclose