Archive member included to satisfy reference by file (symbol)

/usr/lib/gcc/arm-none-eabi/9.2.1/thumb/v7e-m+fp/hard/libgcc.a(_arm_muldf3.o)
                              /home/sachin/Documents/Vaman/qorc-sdk/qf_apps/Vaman_UGV_flysky/GCC_Project/output/ql_test_signals.o (__aeabi_dmul)
/usr/lib/gcc/arm-none-eabi/9.2.1/thumb/v7e-m+fp/hard/libgcc.a(_arm_addsubdf3.o)
                              /home/sachin/Documents/Vaman/qorc-sdk/qf_apps/Vaman_UGV_flysky/GCC_Project/output/ql_test_signals.o (__aeabi_dadd)
/usr/lib/gcc/arm-none-eabi/9.2.1/thumb/v7e-m+fp/hard/libgcc.a(_arm_muldivdf3.o)
                              /home/sachin/Documents/Vaman/qorc-sdk/qf_apps/Vaman_UGV_flysky/GCC_Project/output/eoss3_hal_i2c.o (__aeabi_ddiv)
/usr/lib/gcc/arm-none-eabi/9.2.1/thumb/v7e-m+fp/hard/libgcc.a(_arm_fixdfsi.o)
                              /home/sachin/Documents/Vaman/qorc-sdk/qf_apps/Vaman_UGV_flysky/GCC_Project/output/ql_test_signals.o (__aeabi_d2iz)
/usr/lib/gcc/arm-none-eabi/9.2.1/thumb/v7e-m+fp/hard/libgcc.a(_arm_truncdfsf2.o)
                              /home/sachin/Documents/Vaman/qorc-sdk/qf_apps/Vaman_UGV_flysky/GCC_Project/output/eoss3_hal_i2c.o (__aeabi_d2f)
/usr/lib/gcc/arm-none-eabi/9.2.1/thumb/v7e-m+fp/hard/libgcc.a(_aeabi_ldivmod.o)
                              /home/sachin/Documents/Vaman/qorc-sdk/qf_apps/Vaman_UGV_flysky/GCC_Project/output/dbg_uart.o (__aeabi_ldivmod)
/usr/lib/gcc/arm-none-eabi/9.2.1/thumb/v7e-m+fp/hard/libgcc.a(_aeabi_uldivmod.o)
                              /home/sachin/Documents/Vaman/qorc-sdk/qf_apps/Vaman_UGV_flysky/GCC_Project/output/s3x_lpm.o (__aeabi_uldivmod)
/usr/lib/gcc/arm-none-eabi/9.2.1/thumb/v7e-m+fp/hard/libgcc.a(_udivmoddi4.o)
                              /usr/lib/gcc/arm-none-eabi/9.2.1/thumb/v7e-m+fp/hard/libgcc.a(_aeabi_ldivmod.o) (__udivmoddi4)
/usr/lib/gcc/arm-none-eabi/9.2.1/thumb/v7e-m+fp/hard/libgcc.a(_dvmd_tls.o)
                              /usr/lib/gcc/arm-none-eabi/9.2.1/thumb/v7e-m+fp/hard/libgcc.a(_aeabi_ldivmod.o) (__aeabi_ldiv0)
/usr/lib/gcc/arm-none-eabi/9.2.1/../../../arm-none-eabi/lib/thumb/v7e-m+fp/hard/libg_nano.a(lib_a-atexit.o)
                              /usr/lib/gcc/arm-none-eabi/9.2.1/../../../arm-none-eabi/lib/thumb/v7e-m+fp/hard/crt0.o (atexit)
/usr/lib/gcc/arm-none-eabi/9.2.1/../../../arm-none-eabi/lib/thumb/v7e-m+fp/hard/libg_nano.a(lib_a-exit.o)
                              /usr/lib/gcc/arm-none-eabi/9.2.1/../../../arm-none-eabi/lib/thumb/v7e-m+fp/hard/crt0.o (exit)
/usr/lib/gcc/arm-none-eabi/9.2.1/../../../arm-none-eabi/lib/thumb/v7e-m+fp/hard/libg_nano.a(lib_a-fini.o)
                              /usr/lib/gcc/arm-none-eabi/9.2.1/../../../arm-none-eabi/lib/thumb/v7e-m+fp/hard/crt0.o (__libc_fini_array)
/usr/lib/gcc/arm-none-eabi/9.2.1/../../../arm-none-eabi/lib/thumb/v7e-m+fp/hard/libg_nano.a(lib_a-impure.o)
                              /usr/lib/gcc/arm-none-eabi/9.2.1/../../../arm-none-eabi/lib/thumb/v7e-m+fp/hard/libg_nano.a(lib_a-exit.o) (_global_impure_ptr)
/usr/lib/gcc/arm-none-eabi/9.2.1/../../../arm-none-eabi/lib/thumb/v7e-m+fp/hard/libg_nano.a(lib_a-init.o)
                              /usr/lib/gcc/arm-none-eabi/9.2.1/../../../arm-none-eabi/lib/thumb/v7e-m+fp/hard/crt0.o (__libc_init_array)
/usr/lib/gcc/arm-none-eabi/9.2.1/../../../arm-none-eabi/lib/thumb/v7e-m+fp/hard/libg_nano.a(lib_a-malloc.o)
                              /home/sachin/Documents/Vaman/qorc-sdk/qf_apps/Vaman_UGV_flysky/GCC_Project/output/circularBuffQueue.o (malloc)
/usr/lib/gcc/arm-none-eabi/9.2.1/../../../arm-none-eabi/lib/thumb/v7e-m+fp/hard/libg_nano.a(lib_a-memcpy.o)
                              /home/sachin/Documents/Vaman/qorc-sdk/qf_apps/Vaman_UGV_flysky/GCC_Project/output/cli_args.o (memcpy)
/usr/lib/gcc/arm-none-eabi/9.2.1/../../../arm-none-eabi/lib/thumb/v7e-m+fp/hard/libg_nano.a(lib_a-memset.o)
                              /usr/lib/gcc/arm-none-eabi/9.2.1/../../../arm-none-eabi/lib/thumb/v7e-m+fp/hard/crt0.o (memset)
/usr/lib/gcc/arm-none-eabi/9.2.1/../../../arm-none-eabi/lib/thumb/v7e-m+fp/hard/libg_nano.a(lib_a-nano-freer.o)
                              /usr/lib/gcc/arm-none-eabi/9.2.1/../../../arm-none-eabi/lib/thumb/v7e-m+fp/hard/libg_nano.a(lib_a-malloc.o) (_free_r)
/usr/lib/gcc/arm-none-eabi/9.2.1/../../../arm-none-eabi/lib/thumb/v7e-m+fp/hard/libg_nano.a(lib_a-nano-mallocr.o)
                              /usr/lib/gcc/arm-none-eabi/9.2.1/../../../arm-none-eabi/lib/thumb/v7e-m+fp/hard/libg_nano.a(lib_a-malloc.o) (_malloc_r)
/usr/lib/gcc/arm-none-eabi/9.2.1/../../../arm-none-eabi/lib/thumb/v7e-m+fp/hard/libg_nano.a(lib_a-printf.o)
                              /home/sachin/Documents/Vaman/qorc-sdk/qf_apps/Vaman_UGV_flysky/GCC_Project/output/circularBuffQueue.o (printf)
/usr/lib/gcc/arm-none-eabi/9.2.1/../../../arm-none-eabi/lib/thumb/v7e-m+fp/hard/libg_nano.a(lib_a-puts.o)
                              /home/sachin/Documents/Vaman/qorc-sdk/qf_apps/Vaman_UGV_flysky/GCC_Project/output/eoss3_hal_i2s_slave_assp.o (puts)
[...]
Memory Configuration

Name             Origin             Length             Attributes
rom              0x0000000000000000 0x0000000000027000 xr
ram              0x0000000020027000 0x000000000003c800 xrw
spiram           0x0000000020063800 0x0000000000000800 rw
HWA              0x0000000020064000 0x0000000000018000 rw
shm              0x000000002007c000 0x0000000000004000
*default*        0x0000000000000000 0xffffffffffffffff

Linker script and memory map

LOAD /usr/lib/gcc/arm-none-eabi/9.2.1/thumb/v7e-m+fp/hard/crti.o
LOAD /usr/lib/gcc/arm-none-eabi/9.2.1/thumb/v7e-m+fp/hard/crtbegin.o
LOAD /usr/lib/gcc/arm-none-eabi/9.2.1/../../../arm-none-eabi/lib/thumb/v7e-m+fp/hard/crt0.o
LOAD /home/sachin/Documents/Vaman/qorc-sdk/qf_apps/Vaman_UGV_flysky/GCC_Project/output/battery_level_monitor.o
LOAD /home/sachin/Documents/Vaman/qorc-sdk/qf_apps/Vaman_UGV_flysky/GCC_Project/output/c_lib_retarget.o
LOAD /home/sachin/Documents/Vaman/qorc-sdk/qf_apps/Vaman_UGV_flysky/GCC_Project/output/circularBuffQueue.o
LOAD /home/sachin/Documents/Vaman/qorc-sdk/qf_apps/Vaman_UGV_flysky/GCC_Project/output/cli_args.o
LOAD /home/sachin/Documents/Vaman/qorc-sdk/qf_apps/Vaman_UGV_flysky/GCC_Project/output/cli_hexdump.o
LOAD /home/sachin/Documents/Vaman/qorc-sdk/qf_apps/Vaman_UGV_flysky/GCC_Project/output/cli_io.o
LOAD /home/sachin/Documents/Vaman/qorc-sdk/qf_apps/Vaman_UGV_flysky/GCC_Project/output/cli_loop.o
LOAD /home/sachin/Documents/Vaman/qorc-sdk/qf_apps/Vaman_UGV_flysky/GCC_Project/output/cli_misc.o
LOAD /home/sachin/Documents/Vaman/qorc-sdk/qf_apps/Vaman_UGV_flysky/GCC_Project/output/cli_platform.o
LOAD /home/sachin/Documents/Vaman/qorc-sdk/qf_apps/Vaman_UGV_flysky/GCC_Project/output/cli_stdcmds.o
LOAD /home/sachin/Documents/Vaman/qorc-sdk/qf_apps/Vaman_UGV_flysky/GCC_Project/output/crc16.o
LOAD /home/sachin/Documents/Vaman/qorc-sdk/qf_apps/Vaman_UGV_flysky/GCC_Project/output/crc32.o
LOAD /home/sachin/Documents/Vaman/qorc-sdk/qf_apps/Vaman_UGV_flysky/GCC_Project/output/croutine.o
LOAD /home/sachin/Documents/Vaman/qorc-sdk/qf_apps/Vaman_UGV_flysky/GCC_Project/output/dbg_bufferedprinttask.o
LOAD /home/sachin/Documents/Vaman/qorc-sdk/qf_apps/Vaman_UGV_flysky/GCC_Project/output/dbg_queue_monitor.o
LOAD /home/sachin/Documents/Vaman/qorc-sdk/qf_apps/Vaman_UGV_flysky/GCC_Project/output/dbg_uart.o
LOAD /home/sachin/Documents/Vaman/qorc-sdk/qf_apps/Vaman_UGV_flysky/GCC_Project/output/dbgtrace.o
LOAD /home/sachin/Documents/Vaman/qorc-sdk/qf_apps/Vaman_UGV_flysky/GCC_Project/output/eoss3_hal_adc.o
LOAD /home/sachin/Documents/Vaman/qorc-sdk/qf_apps/Vaman_UGV_flysky/GCC_Project/output/eoss3_hal_gpio.o
LOAD /home/sachin/Documents/Vaman/qorc-sdk/qf_apps/Vaman_UGV_flysky/GCC_Project/output/eoss3_hal_i2c.o
LOAD /home/sachin/Documents/Vaman/qorc-sdk/qf_apps/Vaman_UGV_flysky/GCC_Project/output/eoss3_hal_i2s.o
LOAD /home/sachin/Documents/Vaman/qorc-sdk/qf_apps/Vaman_UGV_flysky/GCC_Project/output/eoss3_hal_i2s_slave_assp.o
LOAD /home/sachin/Documents/Vaman/qorc-sdk/qf_apps/Vaman_UGV_flysky/GCC_Project/output/eoss3_hal_pad_config.o
LOAD /home/sachin/Documents/Vaman/qorc-sdk/qf_apps/Vaman_UGV_flysky/GCC_Project/output/eoss3_hal_pkfb.o
LOAD /home/sachin/Documents/Vaman/qorc-sdk/qf_apps/Vaman_UGV_flysky/GCC_Project/output/eoss3_hal_rtc.o
LOAD /home/sachin/Documents/Vaman/qorc-sdk/qf_apps/Vaman_UGV_flysky/GCC_Project/output/eoss3_hal_sdma.o
LOAD /home/sachin/Documents/Vaman/qorc-sdk/qf_apps/Vaman_UGV_flysky/GCC_Project/output/eoss3_hal_spi.o
LOAD /home/sachin/Documents/Vaman/qorc-sdk/qf_apps/Vaman_UGV_flysky/GCC_Project/output/eoss3_hal_timer.o
LOAD /home/sachin/Documents/Vaman/qorc-sdk/qf_apps/Vaman_UGV_flysky/GCC_Project/output/eoss3_hal_uart.o
LOAD /home/sachin/Documents/Vaman/qorc-sdk/qf_apps/Vaman_UGV_flysky/GCC_Project/output/eoss3_hal_wb.o
LOAD /home/sachin/Documents/Vaman/qorc-sdk/qf_apps/Vaman_UGV_flysky/GCC_Project/output/eoss3_hal_wdt.o
LOAD /home/sachin/Documents/Vaman/qorc-sdk/qf_apps/Vaman_UGV_flysky/GCC_Project/output/event_groups.o
LOAD /home/sachin/Documents/Vaman/qorc-sdk/qf_apps/Vaman_UGV_flysky/GCC_Project/output/exceptions.o
LOAD /home/sachin/Documents/Vaman/qorc-sdk/qf_apps/Vaman_UGV_flysky/GCC_Project/output/freertos_static_memory.o
LOAD /home/sachin/Documents/Vaman/qorc-sdk/qf_apps/Vaman_UGV_flysky/GCC_Project/output/heap_4.o
LOAD /home/sachin/Documents/Vaman/qorc-sdk/qf_apps/Vaman_UGV_flysky/GCC_Project/output/hearable_pwrcfg.o
LOAD /home/sachin/Documents/Vaman/qorc-sdk/qf_apps/Vaman_UGV_flysky/GCC_Project/output/leds.o
LOAD /home/sachin/Documents/Vaman/qorc-sdk/qf_apps/Vaman_UGV_flysky/GCC_Project/output/list.o
LOAD /home/sachin/Documents/Vaman/qorc-sdk/qf_apps/Vaman_UGV_flysky/GCC_Project/output/main.o
LOAD /home/sachin/Documents/Vaman/qorc-sdk/qf_apps/Vaman_UGV_flysky/GCC_Project/output/main_dbg_cli_menu.o
LOAD /home/sachin/Documents/Vaman/qorc-sdk/qf_apps/Vaman_UGV_flysky/GCC_Project/output/pincfg_table.o
LOAD /home/sachin/Documents/Vaman/qorc-sdk/qf_apps/Vaman_UGV_flysky/GCC_Project/output/port.o
LOAD /home/sachin/Documents/Vaman/qorc-sdk/qf_apps/Vaman_UGV_flysky/GCC_Project/output/qf_baremetalsetup.o
LOAD /home/sachin/Documents/Vaman/qorc-sdk/qf_apps/Vaman_UGV_flysky/GCC_Project/output/qf_hardwaresetup.o
LOAD /home/sachin/Documents/Vaman/qorc-sdk/qf_apps/Vaman_UGV_flysky/GCC_Project/output/ql_base64.o
LOAD /home/sachin/Documents/Vaman/qorc-sdk/qf_apps/Vaman_UGV_flysky/GCC_Project/output/ql_stackwatermark.o
LOAD /home/sachin/Documents/Vaman/qorc-sdk/qf_apps/Vaman_UGV_flysky/GCC_Project/output/ql_test_signals.o
LOAD /home/sachin/Documents/Vaman/qorc-sdk/qf_apps/Vaman_UGV_flysky/GCC_Project/output/ql_time.o
LOAD /home/sachin/Documents/Vaman/qorc-sdk/qf_apps/Vaman_UGV_flysky/GCC_Project/output/queue.o
LOAD /home/sachin/Documents/Vaman/qorc-sdk/qf_apps/Vaman_UGV_flysky/GCC_Project/output/s3x_clock.o
LOAD /home/sachin/Documents/Vaman/qorc-sdk/qf_apps/Vaman_UGV_flysky/GCC_Project/output/s3x_clock_hal.o
LOAD /home/sachin/Documents/Vaman/qorc-sdk/qf_apps/Vaman_UGV_flysky/GCC_Project/output/s3x_cpuload.o
LOAD /home/sachin/Documents/Vaman/qorc-sdk/qf_apps/Vaman_UGV_flysky/GCC_Project/output/s3x_dfs.o
LOAD /home/sachin/Documents/Vaman/qorc-sdk/qf_apps/Vaman_UGV_flysky/GCC_Project/output/s3x_lpm.o
LOAD /home/sachin/Documents/Vaman/qorc-sdk/qf_apps/Vaman_UGV_flysky/GCC_Project/output/s3x_pi.o
LOAD /home/sachin/Documents/Vaman/qorc-sdk/qf_apps/Vaman_UGV_flysky/GCC_Project/output/s3x_pwrcfg.o
LOAD /home/sachin/Documents/Vaman/qorc-sdk/qf_apps/Vaman_UGV_flysky/GCC_Project/output/s3x_qos.o
LOAD /home/sachin/Documents/Vaman/qorc-sdk/qf_apps/Vaman_UGV_flysky/GCC_Project/output/sec_debug.o
LOAD /home/sachin/Documents/Vaman/qorc-sdk/qf_apps/Vaman_UGV_flysky/GCC_Project/output/spi_flash.o
LOAD /home/sachin/Documents/Vaman/qorc-sdk/qf_apps/Vaman_UGV_flysky/GCC_Project/output/startup_EOSS3B_GCC.o
LOAD /home/sachin/Documents/Vaman/qorc-sdk/qf_apps/Vaman_UGV_flysky/GCC_Project/output/stream_buffer.o
LOAD /home/sachin/Documents/Vaman/qorc-sdk/qf_apps/Vaman_UGV_flysky/GCC_Project/output/tasks.o
LOAD /home/sachin/Documents/Vaman/qorc-sdk/qf_apps/Vaman_UGV_flysky/GCC_Project/output/timers.o
LOAD /home/sachin/Documents/Vaman/qorc-sdk/qf_apps/Vaman_UGV_flysky/GCC_Project/output/vectors_CM4F_gcc.o
LOAD /home/sachin/Documents/Vaman/qorc-sdk/qf_apps/Vaman_UGV_flysky/GCC_Project/output/watchdog.o
LOAD /usr/lib/gcc/arm-none-eabi/9.2.1/../../../arm-none-eabi/lib/thumb/v7e-m+fp/hard/libm.a
LOAD /home/sachin/Documents/Vaman/qorc-sdk/qf_apps/Vaman_UGV_flysky/GCC_Project/../../../Libraries/CMSIS/lib/GCC/libarm_cortexM4lf_math.a
START GROUP
LOAD /usr/lib/gcc/arm-none-eabi/9.2.1/thumb/v7e-m+fp/hard/libgcc.a
LOAD /usr/lib/gcc/arm-none-eabi/9.2.1/../../../arm-none-eabi/lib/thumb/v7e-m+fp/hard/libg_nano.a
LOAD /usr/lib/gcc/arm-none-eabi/9.2.1/../../../arm-none-eabi/lib/thumb/v7e-m+fp/hard/libc_nano.a
END GROUP
START GROUP
LOAD /usr/lib/gcc/arm-none-eabi/9.2.1/thumb/v7e-m+fp/hard/libgcc.a
LOAD /usr/lib/gcc/arm-none-eabi/9.2.1/../../../arm-none-eabi/lib/thumb/v7e-m+fp/hard/libc_nano.a
LOAD /usr/lib/gcc/arm-none-eabi/9.2.1/../../../arm-none-eabi/lib/thumb/v7e-m+fp/hard/libnosys.a
END GROUP
START GROUP
LOAD /usr/lib/gcc/arm-none-eabi/9.2.1/thumb/v7e-m+fp/hard/libgcc.a
LOAD /usr/lib/gcc/arm-none-eabi/9.2.1/../../../arm-none-eabi/lib/thumb/v7e-m+fp/hard/libc_nano.a
LOAD /usr/lib/gcc/arm-none-eabi/9.2.1/../../../arm-none-eabi/lib/thumb/v7e-m+fp/hard/libnosys.a
END GROUP
LOAD /usr/lib/gcc/arm-none-eabi/9.2.1/thumb/v7e-m+fp/hard/crtend.o
LOAD /usr/lib/gcc/arm-none-eabi/9.2.1/thumb/v7e-m+fp/hard/crtn.o

.text           0x0000000000000000     0x8b09
 *(.isr_vector)
 .isr_vector    0x0000000000000000      0x124 /home/sachin/Documents/Vaman/qorc-sdk/qf_apps/Vaman_UGV_flysky/GCC_Project/output/vectors_CM4F_gcc.o
                0x0000000000000000                __Vectors
 *(.text*)
 .text          0x0000000000000124       0x88 /usr/lib/gcc/arm-none-eabi/9.2.1/thumb/v7e-m+fp/hard/crtbegin.o
 .text          0x00000000000001ac       0x70 /usr/lib/gcc/arm-none-eabi/9.2.1/../../../arm-none-eabi/lib/thumb/v7e-m+fp/hard/crt0.o
                0x00000000000001ac                _stack_init
                0x00000000000001b4                _mainCRTStartup
                0x00000000000001b4                _start
 .text._write   0x000000000000021c        0xe /home/sachin/Documents/Vaman/qorc-sdk/qf_apps/Vaman_UGV_flysky/GCC_Project/output/c_lib_retarget.o
                0x000000000000021c                _write
 .text._close   0x000000000000022a        0x6 /home/sachin/Documents/Vaman/qorc-sdk/qf_apps/Vaman_UGV_flysky/GCC_Project/output/c_lib_retarget.o
                0x000000000000022a                _close
 .text._lseek   0x0000000000000230        0x4 /home/sachin/Documents/Vaman/qorc-sdk/qf_apps/Vaman_UGV_flysky/GCC_Project/output/c_lib_retarget.o
                0x0000000000000230                _lseek
 .text._read    0x0000000000000234        0x4 /home/sachin/Documents/Vaman/qorc-sdk/qf_apps/Vaman_UGV_flysky/GCC_Project/output/c_lib_retarget.o
                0x0000000000000234                _read
 .text.do_str_fetch
                0x0000000000000238       0x38 /home/sachin/Documents/Vaman/qorc-sdk/qf_apps/Vaman_UGV_flysky/GCC_Project/output/cli_args.o
 .text.CLI_string_ptr_get_subcmd
                0x0000000000000270       0x20 /home/sachin/Documents/Vaman/qorc-sdk/qf_apps/Vaman_UGV_flysky/GCC_Project/output/cli_args.o
                0x0000000000000270                CLI_string_ptr_get_subcmd
 .text.CLI_numX_getshow_X
                0x0000000000000290      0x188 /home/sachin/Documents/Vaman/qorc-sdk/qf_apps/Vaman_UGV_flysky/GCC_Project/output/cli_args.o
                0x0000000000000290                CLI_numX_getshow_X
 .text.CLI_uint8_getshow
                0x0000000000000418        0x8 /home/sachin/Documents/Vaman/qorc-sdk/qf_apps/Vaman_UGV_flysky/GCC_Project/output/cli_args.o
                0x0000000000000418                CLI_uint8_getshow
 .text.append_key
                0x0000000000000420       0x30 /home/sachin/Documents/Vaman/qorc-sdk/qf_apps/Vaman_UGV_flysky/GCC_Project/output/cli_io.o
 .text.get_key_ignore_null
                0x0000000000000450       0x18 /home/sachin/Documents/Vaman/qorc-sdk/qf_apps/Vaman_UGV_flysky/GCC_Project/output/cli_io.o
 .text.CLI_getkey_peek
                0x0000000000000468      0x110 /home/sachin/Documents/Vaman/qorc-sdk/qf_apps/Vaman_UGV_flysky/GCC_Project/output/cli_io.o
                0x0000000000000468                CLI_getkey_peek
 .text.CLI_getkey
                0x0000000000000578       0x30 /home/sachin/Documents/Vaman/qorc-sdk/qf_apps/Vaman_UGV_flysky/GCC_Project/output/cli_io.o
                0x0000000000000578                CLI_getkey
 .text.CLI_col0_timestamp
                0x00000000000005a8       0x78 /home/sachin/Documents/Vaman/qorc-sdk/qf_apps/Vaman_UGV_flysky/GCC_Project/output/cli_io.o
                0x00000000000005a8                CLI_col0_timestamp
 .text.CLI_putc
                0x0000000000000620       0x4c /home/sachin/Documents/Vaman/qorc-sdk/qf_apps/Vaman_UGV_flysky/GCC_Project/output/cli_io.o
                0x0000000000000620                CLI_putc
 .text.CLI_puts_no_nl
                0x000000000000066c       0x12 /home/sachin/Documents/Vaman/qorc-sdk/qf_apps/Vaman_UGV_flysky/GCC_Project/output/cli_io.o
                0x000000000000066c                CLI_puts_no_nl
 *fill*         0x000000000000067e        0x2 
 .text.CLI_vprintf
                0x0000000000000680       0x24 /home/sachin/Documents/Vaman/qorc-sdk/qf_apps/Vaman_UGV_flysky/GCC_Project/output/cli_io.o
                0x0000000000000680                CLI_vprintf
 .text.CLI_printf
                0x00000000000006a4       0x1a /home/sachin/Documents/Vaman/qorc-sdk/qf_apps/Vaman_UGV_flysky/GCC_Project/output/cli_io.o
                0x00000000000006a4                CLI_printf
 *fill*         0x00000000000006be        0x2 
 .text.handle_help
                0x00000000000006c0       0xc4 /home/sachin/Documents/Vaman/qorc-sdk/qf_apps/Vaman_UGV_flysky/GCC_Project/output/cli_loop.o
 .text.CLI_cmd_stack_replace
                0x0000000000000784       0x10 /home/sachin/Documents/Vaman/qorc-sdk/qf_apps/Vaman_UGV_flysky/GCC_Project/output/cli_loop.o
                0x0000000000000784                CLI_cmd_stack_replace
 .text.CLI_cmd_stack_push
                0x0000000000000794       0x30 /home/sachin/Documents/Vaman/qorc-sdk/qf_apps/Vaman_UGV_flysky/GCC_Project/output/cli_loop.o
                0x0000000000000794                CLI_cmd_stack_push
 .text.CLI_cmd_stack_clear
                0x00000000000007c4       0x24 /home/sachin/Documents/Vaman/qorc-sdk/qf_apps/Vaman_UGV_flysky/GCC_Project/output/cli_loop.o
                0x00000000000007c4                CLI_cmd_stack_clear
 .text.CLI_cmd_stack_pop
                0x00000000000007e8       0x40 /home/sachin/Documents/Vaman/qorc-sdk/qf_apps/Vaman_UGV_flysky/GCC_Project/output/cli_loop.o
                0x00000000000007e8                CLI_cmd_stack_pop
 .text.handle_exit
                0x0000000000000828       0x1c /home/sachin/Documents/Vaman/qorc-sdk/qf_apps/Vaman_UGV_flysky/GCC_Project/output/cli_loop.o
 .text.CLI_init
                0x0000000000000844       0x24 /home/sachin/Documents/Vaman/qorc-sdk/qf_apps/Vaman_UGV_flysky/GCC_Project/output/cli_loop.o
                0x0000000000000844                CLI_init
 .text.CLI_print_prompt
                0x0000000000000868       0x44 /home/sachin/Documents/Vaman/qorc-sdk/qf_apps/Vaman_UGV_flysky/GCC_Project/output/cli_loop.o
                0x0000000000000868                CLI_print_prompt
 .text.CLI_dispatch_subcmd
                0x00000000000008ac       0x84 /home/sachin/Documents/Vaman/qorc-sdk/qf_apps/Vaman_UGV_flysky/GCC_Project/output/cli_loop.o
                0x00000000000008ac                CLI_dispatch_subcmd
 .text.CLI_dispatch
                0x0000000000000930       0xc0 /home/sachin/Documents/Vaman/qorc-sdk/qf_apps/Vaman_UGV_flysky/GCC_Project/output/cli_loop.o
 .text.CLI_submenu_handler
                0x00000000000009f0       0x30 /home/sachin/Documents/Vaman/qorc-sdk/qf_apps/Vaman_UGV_flysky/GCC_Project/output/cli_loop.o
                0x00000000000009f0                CLI_submenu_handler
 .text.CLI_verror
                0x0000000000000a20       0x40 /home/sachin/Documents/Vaman/qorc-sdk/qf_apps/Vaman_UGV_flysky/GCC_Project/output/cli_loop.o
                0x0000000000000a20                CLI_verror
 .text.CLI_rx_byte
                0x0000000000000a60       0xec /home/sachin/Documents/Vaman/qorc-sdk/qf_apps/Vaman_UGV_flysky/GCC_Project/output/cli_loop.o
                0x0000000000000a60                CLI_rx_byte
 .text.CLI_is_more_args
                0x0000000000000b4c       0x14 /home/sachin/Documents/Vaman/qorc-sdk/qf_apps/Vaman_UGV_flysky/GCC_Project/output/cli_misc.o
                0x0000000000000b4c                CLI_is_more_args
 .text.CLI_error
                0x0000000000000b60       0x1a /home/sachin/Documents/Vaman/qorc-sdk/qf_apps/Vaman_UGV_flysky/GCC_Project/output/cli_misc.o
                0x0000000000000b60                CLI_error
 *fill*         0x0000000000000b7a        0x2 
 .text.CLI_error_missing_parameter
                0x0000000000000b7c        0xc /home/sachin/Documents/Vaman/qorc-sdk/qf_apps/Vaman_UGV_flysky/GCC_Project/output/cli_misc.o
                0x0000000000000b7c                CLI_error_missing_parameter
 .text.CLI_error_not_a_number
                0x0000000000000b88       0x10 /home/sachin/Documents/Vaman/qorc-sdk/qf_apps/Vaman_UGV_flysky/GCC_Project/output/cli_misc.o
                0x0000000000000b88                CLI_error_not_a_number
 .text.CLI_task
                0x0000000000000b98       0x54 /home/sachin/Documents/Vaman/qorc-sdk/qf_apps/Vaman_UGV_flysky/GCC_Project/output/cli_platform.o
                0x0000000000000b98                CLI_task
 .text.CLI_time_now
                0x0000000000000bec        0x4 /home/sachin/Documents/Vaman/qorc-sdk/qf_apps/Vaman_UGV_flysky/GCC_Project/output/cli_platform.o
                0x0000000000000bec                CLI_time_now
 .text.CLI_beep
                0x0000000000000bf0        0x6 /home/sachin/Documents/Vaman/qorc-sdk/qf_apps/Vaman_UGV_flysky/GCC_Project/output/cli_platform.o
                0x0000000000000bf0                CLI_beep
 .text.CLI_timeout_expired
                0x0000000000000bf6       0x22 /home/sachin/Documents/Vaman/qorc-sdk/qf_apps/Vaman_UGV_flysky/GCC_Project/output/cli_platform.o
                0x0000000000000bf6                CLI_timeout_expired
 .text.CLI_putc_raw
                0x0000000000000c18        0x8 /home/sachin/Documents/Vaman/qorc-sdk/qf_apps/Vaman_UGV_flysky/GCC_Project/output/cli_platform.o
                0x0000000000000c18                CLI_putc_raw
 .text.CLI_getkey_raw
                0x0000000000000c20       0x3c /home/sachin/Documents/Vaman/qorc-sdk/qf_apps/Vaman_UGV_flysky/GCC_Project/output/cli_platform.o
                0x0000000000000c20                CLI_getkey_raw
 .text.CLI_start_task
                0x0000000000000c5c       0x58 /home/sachin/Documents/Vaman/qorc-sdk/qf_apps/Vaman_UGV_flysky/GCC_Project/output/cli_platform.o
                0x0000000000000c5c                CLI_start_task
 .text.__debug_lockup
                0x0000000000000cb4       0x14 /home/sachin/Documents/Vaman/qorc-sdk/qf_apps/Vaman_UGV_flysky/GCC_Project/output/dbg_uart.o
 .text._semihost_write
                0x0000000000000cc8       0x54 /home/sachin/Documents/Vaman/qorc-sdk/qf_apps/Vaman_UGV_flysky/GCC_Project/output/dbg_uart.o
                0x0000000000000cc8                _semihost_write
 .text.dbg_ch_raw
                0x0000000000000d1c       0x74 /home/sachin/Documents/Vaman/qorc-sdk/qf_apps/Vaman_UGV_flysky/GCC_Project/output/dbg_uart.o
                0x0000000000000d1c                dbg_ch_raw
 .text.dbg_nl   0x0000000000000d90       0x12 /home/sachin/Documents/Vaman/qorc-sdk/qf_apps/Vaman_UGV_flysky/GCC_Project/output/dbg_uart.o
                0x0000000000000d90                dbg_nl
 .text.dbg_ch   0x0000000000000da2        0xc /home/sachin/Documents/Vaman/qorc-sdk/qf_apps/Vaman_UGV_flysky/GCC_Project/output/dbg_uart.o
                0x0000000000000da2                dbg_ch
 .text.dbg_hex4
                0x0000000000000dae       0x14 /home/sachin/Documents/Vaman/qorc-sdk/qf_apps/Vaman_UGV_flysky/GCC_Project/output/dbg_uart.o
 .text.dbg_hex8
                0x0000000000000dc2       0x14 /home/sachin/Documents/Vaman/qorc-sdk/qf_apps/Vaman_UGV_flysky/GCC_Project/output/dbg_uart.o
                0x0000000000000dc2                dbg_hex8
 .text.dbg_hex16
                0x0000000000000dd6       0x14 /home/sachin/Documents/Vaman/qorc-sdk/qf_apps/Vaman_UGV_flysky/GCC_Project/output/dbg_uart.o
                0x0000000000000dd6                dbg_hex16
 .text.dbg_hex32
                0x0000000000000dea       0x14 /home/sachin/Documents/Vaman/qorc-sdk/qf_apps/Vaman_UGV_flysky/GCC_Project/output/dbg_uart.o
                0x0000000000000dea                dbg_hex32
 .text._dbg_int
                0x0000000000000dfe       0x20 /home/sachin/Documents/Vaman/qorc-sdk/qf_apps/Vaman_UGV_flysky/GCC_Project/output/dbg_uart.o
 .text.dbg_memdumpx
                0x0000000000000e1e       0xea /home/sachin/Documents/Vaman/qorc-sdk/qf_apps/Vaman_UGV_flysky/GCC_Project/output/dbg_uart.o
 .text.dbg_str  0x0000000000000f08       0x84 /home/sachin/Documents/Vaman/qorc-sdk/qf_apps/Vaman_UGV_flysky/GCC_Project/output/dbg_uart.o
                0x0000000000000f08                dbg_str
 .text._dbg_str_xxx
                0x0000000000000f8c       0x16 /home/sachin/Documents/Vaman/qorc-sdk/qf_apps/Vaman_UGV_flysky/GCC_Project/output/dbg_uart.o
 .text.dbg_str_hexXX
                0x0000000000000fa2       0x22 /home/sachin/Documents/Vaman/qorc-sdk/qf_apps/Vaman_UGV_flysky/GCC_Project/output/dbg_uart.o
 .text.dbg_int  0x0000000000000fc4       0x24 /home/sachin/Documents/Vaman/qorc-sdk/qf_apps/Vaman_UGV_flysky/GCC_Project/output/dbg_uart.o
                0x0000000000000fc4                dbg_int
 .text.dbg_str_str
                0x0000000000000fe8       0x16 /home/sachin/Documents/Vaman/qorc-sdk/qf_apps/Vaman_UGV_flysky/GCC_Project/output/dbg_uart.o
                0x0000000000000fe8                dbg_str_str
 .text.dbg_str_int
                0x0000000000000ffe       0x16 /home/sachin/Documents/Vaman/qorc-sdk/qf_apps/Vaman_UGV_flysky/GCC_Project/output/dbg_uart.o
                0x0000000000000ffe                dbg_str_int
 .text.dbg_str_hex32
                0x0000000000001014        0xc /home/sachin/Documents/Vaman/qorc-sdk/qf_apps/Vaman_UGV_flysky/GCC_Project/output/dbg_uart.o
                0x0000000000001014                dbg_str_hex32
 .text.dbg_fatal_error
                0x0000000000001020       0x12 /home/sachin/Documents/Vaman/qorc-sdk/qf_apps/Vaman_UGV_flysky/GCC_Project/output/dbg_uart.o
                0x0000000000001020                dbg_fatal_error
 .text.dbg_fatal_error_int
                0x0000000000001032        0xe /home/sachin/Documents/Vaman/qorc-sdk/qf_apps/Vaman_UGV_flysky/GCC_Project/output/dbg_uart.o
                0x0000000000001032                dbg_fatal_error_int
 .text.dbg_memdump32
                0x0000000000001040       0x1e /home/sachin/Documents/Vaman/qorc-sdk/qf_apps/Vaman_UGV_flysky/GCC_Project/output/dbg_uart.o
                0x0000000000001040                dbg_memdump32
 *fill*         0x000000000000105e        0x2 
 .text.HAL_GPIO_Write
                0x0000000000001060       0x28 /home/sachin/Documents/Vaman/qorc-sdk/qf_apps/Vaman_UGV_flysky/GCC_Project/output/eoss3_hal_gpio.o
                0x0000000000001060                HAL_GPIO_Write
 .text.HAL_PAD_Config
                0x0000000000001088      0x190 /home/sachin/Documents/Vaman/qorc-sdk/qf_apps/Vaman_UGV_flysky/GCC_Project/output/eoss3_hal_pad_config.o
                0x0000000000001088                HAL_PAD_Config
 .text.configure_s3_pads
                0x0000000000001218       0x1a /home/sachin/Documents/Vaman/qorc-sdk/qf_apps/Vaman_UGV_flysky/GCC_Project/output/eoss3_hal_pad_config.o
                0x0000000000001218                configure_s3_pads
 *fill*         0x0000000000001232        0x2 
 .text.eoss3_rtc_enable_irq
                0x0000000000001234       0x28 /home/sachin/Documents/Vaman/qorc-sdk/qf_apps/Vaman_UGV_flysky/GCC_Project/output/eoss3_hal_rtc.o
 .text.write_rtc_reg
                0x000000000000125c       0x18 /home/sachin/Documents/Vaman/qorc-sdk/qf_apps/Vaman_UGV_flysky/GCC_Project/output/eoss3_hal_rtc.o
 .text.__rtc_setup_alarm.isra.0
                0x0000000000001274       0x44 /home/sachin/Documents/Vaman/qorc-sdk/qf_apps/Vaman_UGV_flysky/GCC_Project/output/eoss3_hal_rtc.o
 .text.HAL_RTC_ISR
                0x00000000000012b8       0x24 /home/sachin/Documents/Vaman/qorc-sdk/qf_apps/Vaman_UGV_flysky/GCC_Project/output/eoss3_hal_rtc.o
                0x00000000000012b8                HAL_RTC_ISR
 .text.unlock_spi1_bus
                0x00000000000012dc       0x58 /home/sachin/Documents/Vaman/qorc-sdk/qf_apps/Vaman_UGV_flysky/GCC_Project/output/eoss3_hal_spi.o
                0x00000000000012dc                unlock_spi1_bus
 .text.SPI_DMA_Complete
                0x0000000000001334       0x88 /home/sachin/Documents/Vaman/qorc-sdk/qf_apps/Vaman_UGV_flysky/GCC_Project/output/eoss3_hal_spi.o
                0x0000000000001334                SPI_DMA_Complete
 .text.HAL_SPI_IRQHandler
                0x00000000000013bc       0x6c /home/sachin/Documents/Vaman/qorc-sdk/qf_apps/Vaman_UGV_flysky/GCC_Project/output/eoss3_hal_spi.o
                0x00000000000013bc                HAL_SPI_IRQHandler
 .text.HAL_Delay_Init
                0x0000000000001428       0x54 /home/sachin/Documents/Vaman/qorc-sdk/qf_apps/Vaman_UGV_flysky/GCC_Project/output/eoss3_hal_timer.o
                0x0000000000001428                HAL_Delay_Init
 .text.HAL_Timer_ISR
                0x000000000000147c       0x88 /home/sachin/Documents/Vaman/qorc-sdk/qf_apps/Vaman_UGV_flysky/GCC_Project/output/eoss3_hal_timer.o
                0x000000000000147c                HAL_Timer_ISR
 .text.uart_baud_rate
                0x0000000000001504       0x60 /home/sachin/Documents/Vaman/qorc-sdk/qf_apps/Vaman_UGV_flysky/GCC_Project/output/eoss3_hal_uart.o
 .text.is_hw_uart_enabled
                0x0000000000001564       0x20 /home/sachin/Documents/Vaman/qorc-sdk/qf_apps/Vaman_UGV_flysky/GCC_Project/output/eoss3_hal_uart.o
 .text.uart_disable
                0x0000000000001584       0x1c /home/sachin/Documents/Vaman/qorc-sdk/qf_apps/Vaman_UGV_flysky/GCC_Project/output/eoss3_hal_uart.o
 .text.uart_lpm_callback
                0x00000000000015a0       0x70 /home/sachin/Documents/Vaman/qorc-sdk/qf_apps/Vaman_UGV_flysky/GCC_Project/output/eoss3_hal_uart.o
 .text.uart_init
                0x0000000000001610      0x168 /home/sachin/Documents/Vaman/qorc-sdk/qf_apps/Vaman_UGV_flysky/GCC_Project/output/eoss3_hal_uart.o
                0x0000000000001610                uart_init
 .text.uart_isr_handler
                0x0000000000001778       0x84 /home/sachin/Documents/Vaman/qorc-sdk/qf_apps/Vaman_UGV_flysky/GCC_Project/output/eoss3_hal_uart.o
                0x0000000000001778                uart_isr_handler
 .text.uart_tx_raw
                0x00000000000017fc       0x38 /home/sachin/Documents/Vaman/qorc-sdk/qf_apps/Vaman_UGV_flysky/GCC_Project/output/eoss3_hal_uart.o
                0x00000000000017fc                uart_tx_raw
 .text.uart_tx  0x0000000000001834       0x1c /home/sachin/Documents/Vaman/qorc-sdk/qf_apps/Vaman_UGV_flysky/GCC_Project/output/eoss3_hal_uart.o
                0x0000000000001834                uart_tx
 .text.uart_tx_buf
                0x0000000000001850       0x1a /home/sachin/Documents/Vaman/qorc-sdk/qf_apps/Vaman_UGV_flysky/GCC_Project/output/eoss3_hal_uart.o
                0x0000000000001850                uart_tx_buf
 *fill*         0x000000000000186a        0x2 
 .text.uart_rx_wait
                0x000000000000186c       0x34 /home/sachin/Documents/Vaman/qorc-sdk/qf_apps/Vaman_UGV_flysky/GCC_Project/output/eoss3_hal_uart.o
                0x000000000000186c                uart_rx_wait
 .text.uart_rx_available
                0x00000000000018a0       0x34 /home/sachin/Documents/Vaman/qorc-sdk/qf_apps/Vaman_UGV_flysky/GCC_Project/output/eoss3_hal_uart.o
                0x00000000000018a0                uart_rx_available
 .text.uart_rx  0x00000000000018d4       0x60 /home/sachin/Documents/Vaman/qorc-sdk/qf_apps/Vaman_UGV_flysky/GCC_Project/output/eoss3_hal_uart.o
                0x00000000000018d4                uart_rx
 .text.WDT_ISR  0x0000000000001934       0x8c /home/sachin/Documents/Vaman/qorc-sdk/qf_apps/Vaman_UGV_flysky/GCC_Project/output/eoss3_hal_wdt.o
                0x0000000000001934                WDT_ISR
 .text.spurious_interrupt
                0x00000000000019c0        0xc /home/sachin/Documents/Vaman/qorc-sdk/qf_apps/Vaman_UGV_flysky/GCC_Project/output/exceptions.o
 .text.prvGetRegistersFromStack
                0x00000000000019cc       0xf0 /home/sachin/Documents/Vaman/qorc-sdk/qf_apps/Vaman_UGV_flysky/GCC_Project/output/exceptions.o
                0x00000000000019cc                prvGetRegistersFromStack
 .text.HardFault_Handler
                0x0000000000001abc       0x16 /home/sachin/Documents/Vaman/qorc-sdk/qf_apps/Vaman_UGV_flysky/GCC_Project/output/exceptions.o
                0x0000000000001abc                HardFault_Handler
 .text.NMI_Handler
                0x0000000000001ad2        0x6 /home/sachin/Documents/Vaman/qorc-sdk/qf_apps/Vaman_UGV_flysky/GCC_Project/output/exceptions.o
                0x0000000000001ad2                NMI_Handler
 .text.MemManage_Handler
                0x0000000000001ad8        0x6 /home/sachin/Documents/Vaman/qorc-sdk/qf_apps/Vaman_UGV_flysky/GCC_Project/output/exceptions.o
                0x0000000000001ad8                MemManage_Handler
 .text.BusFault_Handler
                0x0000000000001ade        0x6 /home/sachin/Documents/Vaman/qorc-sdk/qf_apps/Vaman_UGV_flysky/GCC_Project/output/exceptions.o
                0x0000000000001ade                BusFault_Handler
 .text.UsageFault_Handler
                0x0000000000001ae4        0x6 /home/sachin/Documents/Vaman/qorc-sdk/qf_apps/Vaman_UGV_flysky/GCC_Project/output/exceptions.o
                0x0000000000001ae4                UsageFault_Handler
 .text.DebugMon_Handler
                0x0000000000001aea        0x6 /home/sachin/Documents/Vaman/qorc-sdk/qf_apps/Vaman_UGV_flysky/GCC_Project/output/exceptions.o
                0x0000000000001aea                DebugMon_Handler
 .text.Uart_Handler
                0x0000000000001af0       0x50 /home/sachin/Documents/Vaman/qorc-sdk/qf_apps/Vaman_UGV_flysky/GCC_Project/output/exceptions.o
                0x0000000000001af0                Uart_Handler
 .text.Timer_Handler
                0x0000000000001b40       0x24 /home/sachin/Documents/Vaman/qorc-sdk/qf_apps/Vaman_UGV_flysky/GCC_Project/output/exceptions.o
                0x0000000000001b40                Timer_Handler
 .text.CpuWdtInt_Handler
                0x0000000000001b64       0x24 /home/sachin/Documents/Vaman/qorc-sdk/qf_apps/Vaman_UGV_flysky/GCC_Project/output/exceptions.o
                0x0000000000001b64                CpuWdtInt_Handler
 .text.CpuWdtRst_Handler
                0x0000000000001b88        0x6 /home/sachin/Documents/Vaman/qorc-sdk/qf_apps/Vaman_UGV_flysky/GCC_Project/output/exceptions.o
                0x0000000000001b88                CpuWdtRst_Handler
 .text.BusTimeout_Handler
                0x0000000000001b8e        0x6 /home/sachin/Documents/Vaman/qorc-sdk/qf_apps/Vaman_UGV_flysky/GCC_Project/output/exceptions.o
                0x0000000000001b8e                BusTimeout_Handler
 .text.Fpu_Handler
                0x0000000000001b94        0x6 /home/sachin/Documents/Vaman/qorc-sdk/qf_apps/Vaman_UGV_flysky/GCC_Project/output/exceptions.o
                0x0000000000001b94                Fpu_Handler
 *fill*         0x0000000000001b9a        0x2 
 .text.Pkfb_Handler
                0x0000000000001b9c       0x10 /home/sachin/Documents/Vaman/qorc-sdk/qf_apps/Vaman_UGV_flysky/GCC_Project/output/exceptions.o
                0x0000000000001b9c                Pkfb_Handler
 .text.I2s_Handler
                0x0000000000001bac        0x6 /home/sachin/Documents/Vaman/qorc-sdk/qf_apps/Vaman_UGV_flysky/GCC_Project/output/exceptions.o
                0x0000000000001bac                I2s_Handler
 .text.Audio_Handler
                0x0000000000001bb2        0x6 /home/sachin/Documents/Vaman/qorc-sdk/qf_apps/Vaman_UGV_flysky/GCC_Project/output/exceptions.o
                0x0000000000001bb2                Audio_Handler
 .text.SpiMs_Handler
                0x0000000000001bb8       0x5c /home/sachin/Documents/Vaman/qorc-sdk/qf_apps/Vaman_UGV_flysky/GCC_Project/output/exceptions.o
                0x0000000000001bb8                SpiMs_Handler
 .text.CfgDma_Handler
                0x0000000000001c14       0x28 /home/sachin/Documents/Vaman/qorc-sdk/qf_apps/Vaman_UGV_flysky/GCC_Project/output/exceptions.o
                0x0000000000001c14                CfgDma_Handler
 .text.PmuTimer_Handler
                0x0000000000001c3c        0x2 /home/sachin/Documents/Vaman/qorc-sdk/qf_apps/Vaman_UGV_flysky/GCC_Project/output/exceptions.o
                0x0000000000001c3c                PmuTimer_Handler
 .text.AdcDone_Handler
                0x0000000000001c3e        0x8 /home/sachin/Documents/Vaman/qorc-sdk/qf_apps/Vaman_UGV_flysky/GCC_Project/output/exceptions.o
                0x0000000000001c3e                AdcDone_Handler
 *fill*         0x0000000000001c46        0x2 
 .text.RtcAlarm_Handler
                0x0000000000001c48       0x1c /home/sachin/Documents/Vaman/qorc-sdk/qf_apps/Vaman_UGV_flysky/GCC_Project/output/exceptions.o
                0x0000000000001c48                RtcAlarm_Handler
 .text.ResetInt_Handler
                0x0000000000001c64        0x8 /home/sachin/Documents/Vaman/qorc-sdk/qf_apps/Vaman_UGV_flysky/GCC_Project/output/exceptions.o
                0x0000000000001c64                ResetInt_Handler
 .text.Ffe0_Handler
                0x0000000000001c6c       0x18 /home/sachin/Documents/Vaman/qorc-sdk/qf_apps/Vaman_UGV_flysky/GCC_Project/output/exceptions.o
                0x0000000000001c6c                Ffe0_Handler
 .text.FbMsg_Handler
                0x0000000000001c84       0x6c /home/sachin/Documents/Vaman/qorc-sdk/qf_apps/Vaman_UGV_flysky/GCC_Project/output/exceptions.o
                0x0000000000001c84                FbMsg_Handler
 .text.SensorGpio_Handler
                0x0000000000001cf0        0x8 /home/sachin/Documents/Vaman/qorc-sdk/qf_apps/Vaman_UGV_flysky/GCC_Project/output/exceptions.o
                0x0000000000001cf0                SensorGpio_Handler
 .text.M4SramSleep_Handler
                0x0000000000001cf8        0x8 /home/sachin/Documents/Vaman/qorc-sdk/qf_apps/Vaman_UGV_flysky/GCC_Project/output/exceptions.o
                0x0000000000001cf8                M4SramSleep_Handler
 .text.LDO30_PG_Handler
                0x0000000000001d00        0x8 /home/sachin/Documents/Vaman/qorc-sdk/qf_apps/Vaman_UGV_flysky/GCC_Project/output/exceptions.o
                0x0000000000001d00                LDO30_PG_Handler
 .text.LDO50_PG_Handler
                0x0000000000001d08        0x8 /home/sachin/Documents/Vaman/qorc-sdk/qf_apps/Vaman_UGV_flysky/GCC_Project/output/exceptions.o
                0x0000000000001d08                LDO50_PG_Handler
 .text.DMIC_Voice_Det_Handler
                0x0000000000001d10        0x8 /home/sachin/Documents/Vaman/qorc-sdk/qf_apps/Vaman_UGV_flysky/GCC_Project/output/exceptions.o
                0x0000000000001d10                DMIC_Voice_Det_Handler
 .text.ApPDMClkOn_Handler
                0x0000000000001d18        0x8 /home/sachin/Documents/Vaman/qorc-sdk/qf_apps/Vaman_UGV_flysky/GCC_Project/output/exceptions.o
                0x0000000000001d18                ApPDMClkOn_Handler
 .text.ApPDMClkOff_Handler
                0x0000000000001d20        0x8 /home/sachin/Documents/Vaman/qorc-sdk/qf_apps/Vaman_UGV_flysky/GCC_Project/output/exceptions.o
                0x0000000000001d20                ApPDMClkOff_Handler
 .text.Dmac0BlkDone_Handler
                0x0000000000001d28        0x8 /home/sachin/Documents/Vaman/qorc-sdk/qf_apps/Vaman_UGV_flysky/GCC_Project/output/exceptions.o
                0x0000000000001d28                Dmac0BlkDone_Handler
 .text.Dmac0BufDone_Handler
                0x0000000000001d30        0x8 /home/sachin/Documents/Vaman/qorc-sdk/qf_apps/Vaman_UGV_flysky/GCC_Project/output/exceptions.o
                0x0000000000001d30                Dmac0BufDone_Handler
 .text.Dmac1BlkDone_Handler
                0x0000000000001d38        0x8 /home/sachin/Documents/Vaman/qorc-sdk/qf_apps/Vaman_UGV_flysky/GCC_Project/output/exceptions.o
                0x0000000000001d38                Dmac1BlkDone_Handler
 .text.Dmac1BufDone_Handler
                0x0000000000001d40        0x8 /home/sachin/Documents/Vaman/qorc-sdk/qf_apps/Vaman_UGV_flysky/GCC_Project/output/exceptions.o
                0x0000000000001d40                Dmac1BufDone_Handler
 .text.Sdma0Done_Handler
                0x0000000000001d48        0x8 /home/sachin/Documents/Vaman/qorc-sdk/qf_apps/Vaman_UGV_flysky/GCC_Project/output/exceptions.o
                0x0000000000001d48                Sdma0Done_Handler
 .text.Sdma1Done_Handler
                0x0000000000001d50        0x8 /home/sachin/Documents/Vaman/qorc-sdk/qf_apps/Vaman_UGV_flysky/GCC_Project/output/exceptions.o
                0x0000000000001d50                Sdma1Done_Handler
 .text.Sdma2Done_Handler
                0x0000000000001d58        0x8 /home/sachin/Documents/Vaman/qorc-sdk/qf_apps/Vaman_UGV_flysky/GCC_Project/output/exceptions.o
                0x0000000000001d58                Sdma2Done_Handler
 .text.Sdma3Done_Handler
                0x0000000000001d60        0x8 /home/sachin/Documents/Vaman/qorc-sdk/qf_apps/Vaman_UGV_flysky/GCC_Project/output/exceptions.o
                0x0000000000001d60                Sdma3Done_Handler
 .text.Sdma4Done_Handler
                0x0000000000001d68        0x8 /home/sachin/Documents/Vaman/qorc-sdk/qf_apps/Vaman_UGV_flysky/GCC_Project/output/exceptions.o
                0x0000000000001d68                Sdma4Done_Handler
 .text.Sdma5Done_Handler
                0x0000000000001d70        0x8 /home/sachin/Documents/Vaman/qorc-sdk/qf_apps/Vaman_UGV_flysky/GCC_Project/output/exceptions.o
                0x0000000000001d70                Sdma5Done_Handler
 .text.Sdma6Done_Handler
                0x0000000000001d78        0x8 /home/sachin/Documents/Vaman/qorc-sdk/qf_apps/Vaman_UGV_flysky/GCC_Project/output/exceptions.o
                0x0000000000001d78                Sdma6Done_Handler
 .text.Sdma7Done_Handler
                0x0000000000001d80        0x8 /home/sachin/Documents/Vaman/qorc-sdk/qf_apps/Vaman_UGV_flysky/GCC_Project/output/exceptions.o
                0x0000000000001d80                Sdma7Done_Handler
 .text.Sdma8Done_Handler
                0x0000000000001d88        0x8 /home/sachin/Documents/Vaman/qorc-sdk/qf_apps/Vaman_UGV_flysky/GCC_Project/output/exceptions.o
                0x0000000000001d88                Sdma8Done_Handler
 .text.Sdma9Done_Handler
                0x0000000000001d90        0x8 /home/sachin/Documents/Vaman/qorc-sdk/qf_apps/Vaman_UGV_flysky/GCC_Project/output/exceptions.o
                0x0000000000001d90                Sdma9Done_Handler
 .text.Sdma10Done_Handler
                0x0000000000001d98        0x8 /home/sachin/Documents/Vaman/qorc-sdk/qf_apps/Vaman_UGV_flysky/GCC_Project/output/exceptions.o
                0x0000000000001d98                Sdma10Done_Handler
 .text.Sdma11Done_Handler
                0x0000000000001da0        0x8 /home/sachin/Documents/Vaman/qorc-sdk/qf_apps/Vaman_UGV_flysky/GCC_Project/output/exceptions.o
                0x0000000000001da0                Sdma11Done_Handler
 .text.SdmaErr_Handler
                0x0000000000001da8        0x8 /home/sachin/Documents/Vaman/qorc-sdk/qf_apps/Vaman_UGV_flysky/GCC_Project/output/exceptions.o
                0x0000000000001da8                SdmaErr_Handler
 .text.I2S_SlvM4TxOr_Handler
                0x0000000000001db0        0x8 /home/sachin/Documents/Vaman/qorc-sdk/qf_apps/Vaman_UGV_flysky/GCC_Project/output/exceptions.o
                0x0000000000001db0                I2S_SlvM4TxOr_Handler
 .text.SRAM_128KB_Handler
                0x0000000000001db8        0x8 /home/sachin/Documents/Vaman/qorc-sdk/qf_apps/Vaman_UGV_flysky/GCC_Project/output/exceptions.o
                0x0000000000001db8                SRAM_128KB_Handler
 .text.LPSD_Voice_Det_Handler
                0x0000000000001dc0        0x8 /home/sachin/Documents/Vaman/qorc-sdk/qf_apps/Vaman_UGV_flysky/GCC_Project/output/exceptions.o
                0x0000000000001dc0                LPSD_Voice_Det_Handler
 .text.FfeWdt_Handler
                0x0000000000001dc8        0x8 /home/sachin/Documents/Vaman/qorc-sdk/qf_apps/Vaman_UGV_flysky/GCC_Project/output/exceptions.o
                0x0000000000001dc8                FfeWdt_Handler
 .text.ApBoot_Handler
                0x0000000000001dd0        0x8 /home/sachin/Documents/Vaman/qorc-sdk/qf_apps/Vaman_UGV_flysky/GCC_Project/output/exceptions.o
                0x0000000000001dd0                ApBoot_Handler
 .text.SwInt2_Handler
                0x0000000000001dd8        0x8 /home/sachin/Documents/Vaman/qorc-sdk/qf_apps/Vaman_UGV_flysky/GCC_Project/output/exceptions.o
                0x0000000000001dd8                SwInt2_Handler
 .text.SwInt1_Handler
                0x0000000000001de0       0x24 /home/sachin/Documents/Vaman/qorc-sdk/qf_apps/Vaman_UGV_flysky/GCC_Project/output/exceptions.o
                0x0000000000001de0                SwInt1_Handler
 .text.Ffe0Msg_Handler
                0x0000000000001e04        0x8 /home/sachin/Documents/Vaman/qorc-sdk/qf_apps/Vaman_UGV_flysky/GCC_Project/output/exceptions.o
                0x0000000000001e04                Ffe0Msg_Handler
 .text.lpsdVoiceOffHandler
                0x0000000000001e0c        0x8 /home/sachin/Documents/Vaman/qorc-sdk/qf_apps/Vaman_UGV_flysky/GCC_Project/output/exceptions.o
                0x0000000000001e0c                lpsdVoiceOffHandler
 .text.dmicVoiceOffHandler
                0x0000000000001e14        0x8 /home/sachin/Documents/Vaman/qorc-sdk/qf_apps/Vaman_UGV_flysky/GCC_Project/output/exceptions.o
                0x0000000000001e14                dmicVoiceOffHandler
 .text.vApplicationMallocFailedHook
                0x0000000000001e1c       0x24 /home/sachin/Documents/Vaman/qorc-sdk/qf_apps/Vaman_UGV_flysky/GCC_Project/output/exceptions.o
                0x0000000000001e1c                vApplicationMallocFailedHook
 .text.vApplicationStackOverflowHook
                0x0000000000001e40       0x24 /home/sachin/Documents/Vaman/qorc-sdk/qf_apps/Vaman_UGV_flysky/GCC_Project/output/exceptions.o
                0x0000000000001e40                vApplicationStackOverflowHook
 .text.vApplicationTickHook
                0x0000000000001e64        0x2 /home/sachin/Documents/Vaman/qorc-sdk/qf_apps/Vaman_UGV_flysky/GCC_Project/output/exceptions.o
                0x0000000000001e64                vApplicationTickHook
 *fill*         0x0000000000001e66        0x2 
 .text.prvInsertBlockIntoFreeList
                0x0000000000001e68       0x74 /home/sachin/Documents/Vaman/qorc-sdk/qf_apps/Vaman_UGV_flysky/GCC_Project/output/heap_4.o
 .text.pvPortMalloc
                0x0000000000001edc      0x198 /home/sachin/Documents/Vaman/qorc-sdk/qf_apps/Vaman_UGV_flysky/GCC_Project/output/heap_4.o
                0x0000000000001edc                pvPortMalloc
 .text.vPortFree
                0x0000000000002074       0xa0 /home/sachin/Documents/Vaman/qorc-sdk/qf_apps/Vaman_UGV_flysky/GCC_Project/output/heap_4.o
                0x0000000000002074                vPortFree
 .text.vListInitialise
                0x0000000000002114       0x16 /home/sachin/Documents/Vaman/qorc-sdk/qf_apps/Vaman_UGV_flysky/GCC_Project/output/list.o
                0x0000000000002114                vListInitialise
 .text.vListInitialiseItem
                0x000000000000212a        0x6 /home/sachin/Documents/Vaman/qorc-sdk/qf_apps/Vaman_UGV_flysky/GCC_Project/output/list.o
                0x000000000000212a                vListInitialiseItem
 .text.vListInsertEnd
                0x0000000000002130       0x18 /home/sachin/Documents/Vaman/qorc-sdk/qf_apps/Vaman_UGV_flysky/GCC_Project/output/list.o
                0x0000000000002130                vListInsertEnd
 .text.vListInsert
                0x0000000000002148       0x2e /home/sachin/Documents/Vaman/qorc-sdk/qf_apps/Vaman_UGV_flysky/GCC_Project/output/list.o
                0x0000000000002148                vListInsert
 .text.uxListRemove
                0x0000000000002176       0x20 /home/sachin/Documents/Vaman/qorc-sdk/qf_apps/Vaman_UGV_flysky/GCC_Project/output/list.o
                0x0000000000002176                uxListRemove
 .text.SystemInit
                0x0000000000002196        0x2 /home/sachin/Documents/Vaman/qorc-sdk/qf_apps/Vaman_UGV_flysky/GCC_Project/output/main.o
                0x0000000000002196                SystemInit
 .text.PyHal_GPIO_Set
                0x0000000000002198       0x34 /home/sachin/Documents/Vaman/qorc-sdk/qf_apps/Vaman_UGV_flysky/GCC_Project/output/main.o
                0x0000000000002198                PyHal_GPIO_Set
 .text.PyHal_GPIO_Get
                0x00000000000021cc       0x1c /home/sachin/Documents/Vaman/qorc-sdk/qf_apps/Vaman_UGV_flysky/GCC_Project/output/main.o
                0x00000000000021cc                PyHal_GPIO_Get
 .text.pulseIn  0x00000000000021e8       0x48 /home/sachin/Documents/Vaman/qorc-sdk/qf_apps/Vaman_UGV_flysky/GCC_Project/output/main.o
                0x00000000000021e8                pulseIn
 .text.Stop     0x0000000000002230       0x26 /home/sachin/Documents/Vaman/qorc-sdk/qf_apps/Vaman_UGV_flysky/GCC_Project/output/main.o
                0x0000000000002230                Stop
 *fill*         0x0000000000002256        0x2 
 .text.startup.main
                0x0000000000002258      0x134 /home/sachin/Documents/Vaman/qorc-sdk/qf_apps/Vaman_UGV_flysky/GCC_Project/output/main.o
                0x0000000000002258                main
 .text.set_gpio_input
                0x000000000000238c       0x34 /home/sachin/Documents/Vaman/qorc-sdk/qf_apps/Vaman_UGV_flysky/GCC_Project/output/main_dbg_cli_menu.o
 .text.set_gpio_output
                0x00000000000023c0       0x60 /home/sachin/Documents/Vaman/qorc-sdk/qf_apps/Vaman_UGV_flysky/GCC_Project/output/main_dbg_cli_menu.o
 .text.get_gpio_value
                0x0000000000002420       0x50 /home/sachin/Documents/Vaman/qorc-sdk/qf_apps/Vaman_UGV_flysky/GCC_Project/output/main_dbg_cli_menu.o
 .text.prvTaskExitError
                0x0000000000002470       0x50 /home/sachin/Documents/Vaman/qorc-sdk/qf_apps/Vaman_UGV_flysky/GCC_Project/output/port.o
 .text.pxPortInitialiseStack
                0x00000000000024c0       0x2c /home/sachin/Documents/Vaman/qorc-sdk/qf_apps/Vaman_UGV_flysky/GCC_Project/output/port.o
                0x00000000000024c0                pxPortInitialiseStack
 *fill*         0x00000000000024ec        0x4 
 .text.SVC_Handler
                0x00000000000024f0       0x24 /home/sachin/Documents/Vaman/qorc-sdk/qf_apps/Vaman_UGV_flysky/GCC_Project/output/port.o
                0x00000000000024f0                SVC_Handler
 .text.vPortEnterCritical
                0x0000000000002514       0x58 /home/sachin/Documents/Vaman/qorc-sdk/qf_apps/Vaman_UGV_flysky/GCC_Project/output/port.o
                0x0000000000002514                vPortEnterCritical
 .text.vPortExitCritical
                0x000000000000256c       0x3c /home/sachin/Documents/Vaman/qorc-sdk/qf_apps/Vaman_UGV_flysky/GCC_Project/output/port.o
                0x000000000000256c                vPortExitCritical
 *fill*         0x00000000000025a8        0x8 
 .text.PendSV_Handler
                0x00000000000025b0       0x64 /home/sachin/Documents/Vaman/qorc-sdk/qf_apps/Vaman_UGV_flysky/GCC_Project/output/port.o
                0x00000000000025b0                PendSV_Handler
 .text.xPortSysTickHandler
                0x0000000000002614       0x2c /home/sachin/Documents/Vaman/qorc-sdk/qf_apps/Vaman_UGV_flysky/GCC_Project/output/port.o
                0x0000000000002614                xPortSysTickHandler
 .text.vPortValidateInterruptPriority
                0x0000000000002640       0x7c /home/sachin/Documents/Vaman/qorc-sdk/qf_apps/Vaman_UGV_flysky/GCC_Project/output/port.o
                0x0000000000002640                vPortValidateInterruptPriority
 .text.system_init
                0x00000000000026bc       0x6c /home/sachin/Documents/Vaman/qorc-sdk/qf_apps/Vaman_UGV_flysky/GCC_Project/output/qf_hardwaresetup.o
                0x00000000000026bc                system_init
 .text.qf_hardwareSetup
                0x0000000000002728       0x78 /home/sachin/Documents/Vaman/qorc-sdk/qf_apps/Vaman_UGV_flysky/GCC_Project/output/qf_hardwaresetup.o
                0x0000000000002728                qf_hardwareSetup
 .text.prvIsQueueEmpty
                0x00000000000027a0       0x16 /home/sachin/Documents/Vaman/qorc-sdk/qf_apps/Vaman_UGV_flysky/GCC_Project/output/queue.o
 .text.prvCopyDataToQueue
                0x00000000000027b6       0x78 /home/sachin/Documents/Vaman/qorc-sdk/qf_apps/Vaman_UGV_flysky/GCC_Project/output/queue.o
 .text.prvCopyDataFromQueue
                0x000000000000282e       0x2c /home/sachin/Documents/Vaman/qorc-sdk/qf_apps/Vaman_UGV_flysky/GCC_Project/output/queue.o
 .text.prvUnlockQueue
                0x000000000000285a       0x70 /home/sachin/Documents/Vaman/qorc-sdk/qf_apps/Vaman_UGV_flysky/GCC_Project/output/queue.o
 *fill*         0x00000000000028ca        0x2 
 .text.xQueueGenericReset
                0x00000000000028cc       0x90 /home/sachin/Documents/Vaman/qorc-sdk/qf_apps/Vaman_UGV_flysky/GCC_Project/output/queue.o
                0x00000000000028cc                xQueueGenericReset
 .text.xQueueGenericCreate
                0x000000000000295c       0x74 /home/sachin/Documents/Vaman/qorc-sdk/qf_apps/Vaman_UGV_flysky/GCC_Project/output/queue.o
                0x000000000000295c                xQueueGenericCreate
 .text.xQueueGenericSend
                0x00000000000029d0      0x19c /home/sachin/Documents/Vaman/qorc-sdk/qf_apps/Vaman_UGV_flysky/GCC_Project/output/queue.o
                0x00000000000029d0                xQueueGenericSend
 .text.xQueueGenericSendFromISR
                0x0000000000002b6c       0xf0 /home/sachin/Documents/Vaman/qorc-sdk/qf_apps/Vaman_UGV_flysky/GCC_Project/output/queue.o
                0x0000000000002b6c                xQueueGenericSendFromISR
 .text.xQueueGenericSendFromISRDebug
                0x0000000000002c5c       0x30 /home/sachin/Documents/Vaman/qorc-sdk/qf_apps/Vaman_UGV_flysky/GCC_Project/output/queue.o
                0x0000000000002c5c                xQueueGenericSendFromISRDebug
 .text.xQueueGiveFromISR
                0x0000000000002c8c       0xdc /home/sachin/Documents/Vaman/qorc-sdk/qf_apps/Vaman_UGV_flysky/GCC_Project/output/queue.o
                0x0000000000002c8c                xQueueGiveFromISR
 .text.xQueueReceive
                0x0000000000002d68      0x160 /home/sachin/Documents/Vaman/qorc-sdk/qf_apps/Vaman_UGV_flysky/GCC_Project/output/queue.o
                0x0000000000002d68                xQueueReceive
 .text.xQueueSemaphoreTake
                0x0000000000002ec8      0x1b0 /home/sachin/Documents/Vaman/qorc-sdk/qf_apps/Vaman_UGV_flysky/GCC_Project/output/queue.o
                0x0000000000002ec8                xQueueSemaphoreTake
 .text.xQueuePeek
                0x0000000000003078      0x160 /home/sachin/Documents/Vaman/qorc-sdk/qf_apps/Vaman_UGV_flysky/GCC_Project/output/queue.o
                0x0000000000003078                xQueuePeek
 .text.uxQueueMessagesWaiting
                0x00000000000031d8       0x3c /home/sachin/Documents/Vaman/qorc-sdk/qf_apps/Vaman_UGV_flysky/GCC_Project/output/queue.o
                0x00000000000031d8                uxQueueMessagesWaiting
 .text.vQueueAddToRegistry
                0x0000000000003214       0x24 /home/sachin/Documents/Vaman/qorc-sdk/qf_apps/Vaman_UGV_flysky/GCC_Project/output/queue.o
                0x0000000000003214                vQueueAddToRegistry
 .text.s3x_clkd_write_div
                0x0000000000003238       0xa8 /home/sachin/Documents/Vaman/qorc-sdk/qf_apps/Vaman_UGV_flysky/GCC_Project/output/s3x_clock.o
 .text.s3x_clkd_read_div
                0x00000000000032e0       0x44 /home/sachin/Documents/Vaman/qorc-sdk/qf_apps/Vaman_UGV_flysky/GCC_Project/output/s3x_clock.o
 .text.s3x_clkd_cal_div.part.0
                0x0000000000003324       0x30 /home/sachin/Documents/Vaman/qorc-sdk/qf_apps/Vaman_UGV_flysky/GCC_Project/output/s3x_clock.o
 .text.S3x_Id_To_Domain
                0x0000000000003354       0x1c /home/sachin/Documents/Vaman/qorc-sdk/qf_apps/Vaman_UGV_flysky/GCC_Project/output/s3x_clock.o
                0x0000000000003354                S3x_Id_To_Domain
 .text.s3x_clkd_update_div_val
                0x0000000000003370       0x4c /home/sachin/Documents/Vaman/qorc-sdk/qf_apps/Vaman_UGV_flysky/GCC_Project/output/s3x_clock.o
                0x0000000000003370                s3x_clkd_update_div_val
 .text.s3x_clkd_update_fd_rate
                0x00000000000033bc        0xe /home/sachin/Documents/Vaman/qorc-sdk/qf_apps/Vaman_UGV_flysky/GCC_Project/output/s3x_clock.o
                0x00000000000033bc                s3x_clkd_update_fd_rate
 *fill*         0x00000000000033ca        0x2 
 .text.s3x_clkd_update_sd_div
                0x00000000000033cc       0x5c /home/sachin/Documents/Vaman/qorc-sdk/qf_apps/Vaman_UGV_flysky/GCC_Project/output/s3x_clock.o
 .text.s3x_clkd_update_all_src_div
                0x0000000000003428       0xd0 /home/sachin/Documents/Vaman/qorc-sdk/qf_apps/Vaman_UGV_flysky/GCC_Project/output/s3x_clock.o
                0x0000000000003428                s3x_clkd_update_all_src_div
 .text.S3x_Clkd_Get_Hsosc_Rate
                0x00000000000034f8       0x34 /home/sachin/Documents/Vaman/qorc-sdk/qf_apps/Vaman_UGV_flysky/GCC_Project/output/s3x_clock.o
                0x00000000000034f8                S3x_Clkd_Get_Hsosc_Rate
 .text.S3x_Clkd_Change_Hsosc
                0x000000000000352c       0x70 /home/sachin/Documents/Vaman/qorc-sdk/qf_apps/Vaman_UGV_flysky/GCC_Project/output/s3x_clock.o
                0x000000000000352c                S3x_Clkd_Change_Hsosc
 .text.s3x_clkd_get_src_rate
                0x000000000000359c       0x12 /home/sachin/Documents/Vaman/qorc-sdk/qf_apps/Vaman_UGV_flysky/GCC_Project/output/s3x_clock.o
                0x000000000000359c                s3x_clkd_get_src_rate
 *fill*         0x00000000000035ae        0x2 
 .text.s3x_clkd_get_div
                0x00000000000035b0       0x74 /home/sachin/Documents/Vaman/qorc-sdk/qf_apps/Vaman_UGV_flysky/GCC_Project/output/s3x_clock.o
                0x00000000000035b0                s3x_clkd_get_div
 .text.s3x_clkd_srate
                0x0000000000003624      0x158 /home/sachin/Documents/Vaman/qorc-sdk/qf_apps/Vaman_UGV_flysky/GCC_Project/output/s3x_clock.o
 .text.s3x_clkd_grate
                0x000000000000377c       0x8c /home/sachin/Documents/Vaman/qorc-sdk/qf_apps/Vaman_UGV_flysky/GCC_Project/output/s3x_clock.o
 .text.s3x_clkd_set_src_div_st
                0x0000000000003808       0x4c /home/sachin/Documents/Vaman/qorc-sdk/qf_apps/Vaman_UGV_flysky/GCC_Project/output/s3x_clock.o
 .text.s3x_update_clk_rate
                0x0000000000003854       0xb0 /home/sachin/Documents/Vaman/qorc-sdk/qf_apps/Vaman_UGV_flysky/GCC_Project/output/s3x_clock.o
                0x0000000000003854                s3x_update_clk_rate
 .text.s3x_clkd_get_gate_mask_st
                0x0000000000003904       0x16 /home/sachin/Documents/Vaman/qorc-sdk/qf_apps/Vaman_UGV_flysky/GCC_Project/output/s3x_clock.o
                0x0000000000003904                s3x_clkd_get_gate_mask_st
 *fill*         0x000000000000391a        0x2 
 .text.s3x_clkd_set_gate_mask
                0x000000000000391c       0x50 /home/sachin/Documents/Vaman/qorc-sdk/qf_apps/Vaman_UGV_flysky/GCC_Project/output/s3x_clock.o
                0x000000000000391c                s3x_clkd_set_gate_mask
 .text.s3x_clkd_enable_gate
                0x000000000000396c       0x68 /home/sachin/Documents/Vaman/qorc-sdk/qf_apps/Vaman_UGV_flysky/GCC_Project/output/s3x_clock.o
 .text.s3x_clkd_disable_gate
                0x00000000000039d4       0x54 /home/sachin/Documents/Vaman/qorc-sdk/qf_apps/Vaman_UGV_flysky/GCC_Project/output/s3x_clock.o
 .text._S3x_Clk_Enable
                0x0000000000003a28       0xb8 /home/sachin/Documents/Vaman/qorc-sdk/qf_apps/Vaman_UGV_flysky/GCC_Project/output/s3x_clock.o
                0x0000000000003a28                _S3x_Clk_Enable
 .text._S3x_Clk_Disable
                0x0000000000003ae0       0xc8 /home/sachin/Documents/Vaman/qorc-sdk/qf_apps/Vaman_UGV_flysky/GCC_Project/output/s3x_clock.o
                0x0000000000003ae0                _S3x_Clk_Disable
 .text._S3x_Clk_Get_Status
                0x0000000000003ba8       0x2c /home/sachin/Documents/Vaman/qorc-sdk/qf_apps/Vaman_UGV_flysky/GCC_Project/output/s3x_clock.o
                0x0000000000003ba8                _S3x_Clk_Get_Status
 .text._S3x_Clk_Get_Rate
                0x0000000000003bd4       0x28 /home/sachin/Documents/Vaman/qorc-sdk/qf_apps/Vaman_UGV_flysky/GCC_Project/output/s3x_clock.o
                0x0000000000003bd4                _S3x_Clk_Get_Rate
 .text.S3x_Clk_Init
                0x0000000000003bfc      0x15c /home/sachin/Documents/Vaman/qorc-sdk/qf_apps/Vaman_UGV_flysky/GCC_Project/output/s3x_clock.o
                0x0000000000003bfc                S3x_Clk_Init
 .text.S3x_Clk_Enable
                0x0000000000003d58        0x4 /home/sachin/Documents/Vaman/qorc-sdk/qf_apps/Vaman_UGV_flysky/GCC_Project/output/s3x_clock_hal.o
                0x0000000000003d58                S3x_Clk_Enable
 .text.S3x_Clk_Disable
                0x0000000000003d5c        0x4 /home/sachin/Documents/Vaman/qorc-sdk/qf_apps/Vaman_UGV_flysky/GCC_Project/output/s3x_clock_hal.o
                0x0000000000003d5c                S3x_Clk_Disable
 .text.S3x_Clk_Get_Rate
                0x0000000000003d60        0x4 /home/sachin/Documents/Vaman/qorc-sdk/qf_apps/Vaman_UGV_flysky/GCC_Project/output/s3x_clock_hal.o
                0x0000000000003d60                S3x_Clk_Get_Rate
 .text.DFS_cpuload
                0x0000000000003d64       0x4c /home/sachin/Documents/Vaman/qorc-sdk/qf_apps/Vaman_UGV_flysky/GCC_Project/output/s3x_cpuload.o
                0x0000000000003d64                DFS_cpuload
 .text.DFS_resetsleepticks
                0x0000000000003db0        0xc /home/sachin/Documents/Vaman/qorc-sdk/qf_apps/Vaman_UGV_flysky/GCC_Project/output/s3x_cpuload.o
                0x0000000000003db0                DFS_resetsleepticks
 .text.DFS_UpdateTimer
                0x0000000000003dbc       0x5c /home/sachin/Documents/Vaman/qorc-sdk/qf_apps/Vaman_UGV_flysky/GCC_Project/output/s3x_dfs.o
 .text.DFS_StartTimer
                0x0000000000003e18       0x88 /home/sachin/Documents/Vaman/qorc-sdk/qf_apps/Vaman_UGV_flysky/GCC_Project/output/s3x_dfs.o
                0x0000000000003e18                DFS_StartTimer
 .text.S3x_Set_Policy
                0x0000000000003ea0      0x108 /home/sachin/Documents/Vaman/qorc-sdk/qf_apps/Vaman_UGV_flysky/GCC_Project/output/s3x_dfs.o
                0x0000000000003ea0                S3x_Set_Policy
 .text.S3x_get_max_rate_dfs_node
                0x0000000000003fa8       0x28 /home/sachin/Documents/Vaman/qorc-sdk/qf_apps/Vaman_UGV_flysky/GCC_Project/output/s3x_dfs.o
                0x0000000000003fa8                S3x_get_max_rate_dfs_node
 .text.S3x_Stepup_Policy
                0x0000000000003fd0       0x7c /home/sachin/Documents/Vaman/qorc-sdk/qf_apps/Vaman_UGV_flysky/GCC_Project/output/s3x_dfs.o
 .text.DFS_TimerCB
                0x000000000000404c        0xe /home/sachin/Documents/Vaman/qorc-sdk/qf_apps/Vaman_UGV_flysky/GCC_Project/output/s3x_dfs.o
 *fill*         0x000000000000405a        0x2 
 .text.DFS_Get_Curr_Policy
                0x000000000000405c        0xc /home/sachin/Documents/Vaman/qorc-sdk/qf_apps/Vaman_UGV_flysky/GCC_Project/output/s3x_dfs.o
                0x000000000000405c                DFS_Get_Curr_Policy
 .text.DFS_Initialize
                0x0000000000004068       0x14 /home/sachin/Documents/Vaman/qorc-sdk/qf_apps/Vaman_UGV_flysky/GCC_Project/output/s3x_dfs.o
                0x0000000000004068                DFS_Initialize
 .text.S3x_Register_Lpm_Cb
                0x000000000000407c       0x40 /home/sachin/Documents/Vaman/qorc-sdk/qf_apps/Vaman_UGV_flysky/GCC_Project/output/s3x_lpm.o
                0x000000000000407c                S3x_Register_Lpm_Cb
 .text.s3x_setup_systick_interrupt
                0x00000000000040bc       0x54 /home/sachin/Documents/Vaman/qorc-sdk/qf_apps/Vaman_UGV_flysky/GCC_Project/output/s3x_lpm.o
                0x00000000000040bc                s3x_setup_systick_interrupt
 .text.SysTick_Handler
                0x0000000000004110       0x12 /home/sachin/Documents/Vaman/qorc-sdk/qf_apps/Vaman_UGV_flysky/GCC_Project/output/s3x_lpm.o
                0x0000000000004110                SysTick_Handler
 *fill*         0x0000000000004122        0x2 
 .text.s3x_get_pi
                0x0000000000004124       0x20 /home/sachin/Documents/Vaman/qorc-sdk/qf_apps/Vaman_UGV_flysky/GCC_Project/output/s3x_pi.o
                0x0000000000004124                s3x_get_pi
 .text.s3x_get_pi_gindex
                0x0000000000004144       0x14 /home/sachin/Documents/Vaman/qorc-sdk/qf_apps/Vaman_UGV_flysky/GCC_Project/output/s3x_pi.o
                0x0000000000004144                s3x_get_pi_gindex
 .text.s3x_pi_get_st
                0x0000000000004158       0x24 /home/sachin/Documents/Vaman/qorc-sdk/qf_apps/Vaman_UGV_flysky/GCC_Project/output/s3x_pi.o
                0x0000000000004158                s3x_pi_get_st
 .text.s3x_pi_set_cfg_st
                0x000000000000417c       0x94 /home/sachin/Documents/Vaman/qorc-sdk/qf_apps/Vaman_UGV_flysky/GCC_Project/output/s3x_pi.o
                0x000000000000417c                s3x_pi_set_cfg_st
 .text.s3x_pi_set_active_st
                0x0000000000004210       0xa8 /home/sachin/Documents/Vaman/qorc-sdk/qf_apps/Vaman_UGV_flysky/GCC_Project/output/s3x_pi.o
                0x0000000000004210                s3x_pi_set_active_st
 .text.s3x_pi_get_clkg_st
                0x00000000000042b8       0x36 /home/sachin/Documents/Vaman/qorc-sdk/qf_apps/Vaman_UGV_flysky/GCC_Project/output/s3x_pi.o
                0x00000000000042b8                s3x_pi_get_clkg_st
 .text.s3x_pi_set_clkg_st
                0x00000000000042ee       0x26 /home/sachin/Documents/Vaman/qorc-sdk/qf_apps/Vaman_UGV_flysky/GCC_Project/output/s3x_pi.o
                0x00000000000042ee                s3x_pi_set_clkg_st
 .text.s3x_set_pi_state
                0x0000000000004314        0xc /home/sachin/Documents/Vaman/qorc-sdk/qf_apps/Vaman_UGV_flysky/GCC_Project/output/s3x_pi.o
                0x0000000000004314                s3x_set_pi_state
 .text.s3x_get_pi_init_state
                0x0000000000004320       0x18 /home/sachin/Documents/Vaman/qorc-sdk/qf_apps/Vaman_UGV_flysky/GCC_Project/output/s3x_pi.o
                0x0000000000004320                s3x_get_pi_init_state
 .text.S3x_pi_init
                0x0000000000004338       0x20 /home/sachin/Documents/Vaman/qorc-sdk/qf_apps/Vaman_UGV_flysky/GCC_Project/output/s3x_pi.o
                0x0000000000004338                S3x_pi_init
 .text.S3x_pwrcfg_init
                0x0000000000004358       0x2c /home/sachin/Documents/Vaman/qorc-sdk/qf_apps/Vaman_UGV_flysky/GCC_Project/output/s3x_pwrcfg.o
                0x0000000000004358                S3x_pwrcfg_init
 .text.S3x_get_qos_rate
                0x0000000000004384       0x38 /home/sachin/Documents/Vaman/qorc-sdk/qf_apps/Vaman_UGV_flysky/GCC_Project/output/s3x_qos.o
                0x0000000000004384                S3x_get_qos_rate
 .text.save_assert_info
                0x00000000000043bc       0x74 /home/sachin/Documents/Vaman/qorc-sdk/qf_apps/Vaman_UGV_flysky/GCC_Project/output/sec_debug.o
                0x00000000000043bc                save_assert_info
 .text.invoke_soft_fault
                0x0000000000004430       0x20 /home/sachin/Documents/Vaman/qorc-sdk/qf_apps/Vaman_UGV_flysky/GCC_Project/output/sec_debug.o
                0x0000000000004430                invoke_soft_fault
 .text.Reset_Handler
                0x0000000000004450       0x2c /home/sachin/Documents/Vaman/qorc-sdk/qf_apps/Vaman_UGV_flysky/GCC_Project/output/startup_EOSS3B_GCC.o
                0x0000000000004450                Reset_Handler
 .text.__semihost_call
                0x000000000000447c        0x6 /home/sachin/Documents/Vaman/qorc-sdk/qf_apps/Vaman_UGV_flysky/GCC_Project/output/startup_EOSS3B_GCC.o
                0x000000000000447c                __semihost_call
 *fill*         0x0000000000004482        0x2 
 .text.prvResetNextTaskUnblockTime
                0x0000000000004484       0x24 /home/sachin/Documents/Vaman/qorc-sdk/qf_apps/Vaman_UGV_flysky/GCC_Project/output/tasks.o
 .text.prvAddCurrentTaskToDelayedList
                0x00000000000044a8       0x8c /home/sachin/Documents/Vaman/qorc-sdk/qf_apps/Vaman_UGV_flysky/GCC_Project/output/tasks.o
 .text.xTaskCreate
                0x0000000000004534      0x1e0 /home/sachin/Documents/Vaman/qorc-sdk/qf_apps/Vaman_UGV_flysky/GCC_Project/output/tasks.o
                0x0000000000004534                xTaskCreate
 .text.vTaskSuspendAll
                0x0000000000004714       0x10 /home/sachin/Documents/Vaman/qorc-sdk/qf_apps/Vaman_UGV_flysky/GCC_Project/output/tasks.o
                0x0000000000004714                vTaskSuspendAll
 .text.xTaskGetTickCount
                0x0000000000004724        0xc /home/sachin/Documents/Vaman/qorc-sdk/qf_apps/Vaman_UGV_flysky/GCC_Project/output/tasks.o
                0x0000000000004724                xTaskGetTickCount
 .text.xTaskIncrementTick
                0x0000000000004730      0x14c /home/sachin/Documents/Vaman/qorc-sdk/qf_apps/Vaman_UGV_flysky/GCC_Project/output/tasks.o
                0x0000000000004730                xTaskIncrementTick
 .text.xTaskResumeAll
                0x000000000000487c      0x100 /home/sachin/Documents/Vaman/qorc-sdk/qf_apps/Vaman_UGV_flysky/GCC_Project/output/tasks.o
                0x000000000000487c                xTaskResumeAll
 .text.vTaskDelay
                0x000000000000497c       0x60 /home/sachin/Documents/Vaman/qorc-sdk/qf_apps/Vaman_UGV_flysky/GCC_Project/output/tasks.o
                0x000000000000497c                vTaskDelay
 .text.vTaskSwitchContext
                0x00000000000049dc       0xb8 /home/sachin/Documents/Vaman/qorc-sdk/qf_apps/Vaman_UGV_flysky/GCC_Project/output/tasks.o
                0x00000000000049dc                vTaskSwitchContext
 .text.vTaskPlaceOnEventList
                0x0000000000004a94       0x48 /home/sachin/Documents/Vaman/qorc-sdk/qf_apps/Vaman_UGV_flysky/GCC_Project/output/tasks.o
                0x0000000000004a94                vTaskPlaceOnEventList
 .text.xTaskRemoveFromEventList
                0x0000000000004adc       0x9c /home/sachin/Documents/Vaman/qorc-sdk/qf_apps/Vaman_UGV_flysky/GCC_Project/output/tasks.o
                0x0000000000004adc                xTaskRemoveFromEventList
 .text.vTaskInternalSetTimeOutState
                0x0000000000004b78       0x18 /home/sachin/Documents/Vaman/qorc-sdk/qf_apps/Vaman_UGV_flysky/GCC_Project/output/tasks.o
                0x0000000000004b78                vTaskInternalSetTimeOutState
 .text.xTaskCheckForTimeOut
                0x0000000000004b90       0x94 /home/sachin/Documents/Vaman/qorc-sdk/qf_apps/Vaman_UGV_flysky/GCC_Project/output/tasks.o
                0x0000000000004b90                xTaskCheckForTimeOut
 .text.vTaskMissedYield
                0x0000000000004c24        0xc /home/sachin/Documents/Vaman/qorc-sdk/qf_apps/Vaman_UGV_flysky/GCC_Project/output/tasks.o
                0x0000000000004c24                vTaskMissedYield
 .text.uxTaskGetTCBNumber
                0x0000000000004c30       0x14 /home/sachin/Documents/Vaman/qorc-sdk/qf_apps/Vaman_UGV_flysky/GCC_Project/output/tasks.o
                0x0000000000004c30                uxTaskGetTCBNumber
 .text.xTaskGetCurrentTaskHandle
                0x0000000000004c44        0xc /home/sachin/Documents/Vaman/qorc-sdk/qf_apps/Vaman_UGV_flysky/GCC_Project/output/tasks.o
                0x0000000000004c44                xTaskGetCurrentTaskHandle
 .text.xTaskGetSchedulerState
                0x0000000000004c50       0x20 /home/sachin/Documents/Vaman/qorc-sdk/qf_apps/Vaman_UGV_flysky/GCC_Project/output/tasks.o
                0x0000000000004c50                xTaskGetSchedulerState
 .text.xTaskPriorityInherit
                0x0000000000004c70       0xa8 /home/sachin/Documents/Vaman/qorc-sdk/qf_apps/Vaman_UGV_flysky/GCC_Project/output/tasks.o
                0x0000000000004c70                xTaskPriorityInherit
 .text.xTaskPriorityDisinherit
                0x0000000000004d18       0xc4 /home/sachin/Documents/Vaman/qorc-sdk/qf_apps/Vaman_UGV_flysky/GCC_Project/output/tasks.o
                0x0000000000004d18                xTaskPriorityDisinherit
 .text.vTaskPriorityDisinheritAfterTimeout
                0x0000000000004ddc       0xd8 /home/sachin/Documents/Vaman/qorc-sdk/qf_apps/Vaman_UGV_flysky/GCC_Project/output/tasks.o
                0x0000000000004ddc                vTaskPriorityDisinheritAfterTimeout
 .text.pvTaskIncrementMutexHeldCount
                0x0000000000004eb4       0x18 /home/sachin/Documents/Vaman/qorc-sdk/qf_apps/Vaman_UGV_flysky/GCC_Project/output/tasks.o
                0x0000000000004eb4                pvTaskIncrementMutexHeldCount
 .text.prvCheckForValidListAndQueue
                0x0000000000004ecc       0x58 /home/sachin/Documents/Vaman/qorc-sdk/qf_apps/Vaman_UGV_flysky/GCC_Project/output/timers.o
 .text.xTimerCreate
                0x0000000000004f24       0x58 /home/sachin/Documents/Vaman/qorc-sdk/qf_apps/Vaman_UGV_flysky/GCC_Project/output/timers.o
                0x0000000000004f24                xTimerCreate
 .text.xTimerGenericCommand
                0x0000000000004f7c       0x70 /home/sachin/Documents/Vaman/qorc-sdk/qf_apps/Vaman_UGV_flysky/GCC_Project/output/timers.o
                0x0000000000004f7c                xTimerGenericCommand
 .text          0x0000000000004fec       0x30 /usr/lib/gcc/arm-none-eabi/9.2.1/thumb/v7e-m+fp/hard/libgcc.a(_aeabi_uldivmod.o)
                0x0000000000004fec                __aeabi_uldivmod
 .text          0x000000000000501c      0x2c4 /usr/lib/gcc/arm-none-eabi/9.2.1/thumb/v7e-m+fp/hard/libgcc.a(_udivmoddi4.o)
                0x000000000000501c                __udivmoddi4
 .text          0x00000000000052e0        0x4 /usr/lib/gcc/arm-none-eabi/9.2.1/thumb/v7e-m+fp/hard/libgcc.a(_dvmd_tls.o)
                0x00000000000052e0                __aeabi_ldiv0
                0x00000000000052e0                __aeabi_idiv0
 .text          0x00000000000052e4        0xc /usr/lib/gcc/arm-none-eabi/9.2.1/../../../arm-none-eabi/lib/thumb/v7e-m+fp/hard/libg_nano.a(lib_a-atexit.o)
                0x00000000000052e4                atexit
 .text          0x00000000000052f0       0x28 /usr/lib/gcc/arm-none-eabi/9.2.1/../../../arm-none-eabi/lib/thumb/v7e-m+fp/hard/libg_nano.a(lib_a-exit.o)
                0x00000000000052f0                exit
 .text          0x0000000000005318       0x34 /usr/lib/gcc/arm-none-eabi/9.2.1/../../../arm-none-eabi/lib/thumb/v7e-m+fp/hard/libg_nano.a(lib_a-fini.o)
                0x0000000000005318                __libc_fini_array
 .text          0x000000000000534c       0x48 /usr/lib/gcc/arm-none-eabi/9.2.1/../../../arm-none-eabi/lib/thumb/v7e-m+fp/hard/libg_nano.a(lib_a-init.o)
                0x000000000000534c                __libc_init_array
 .text          0x0000000000005394       0x20 /usr/lib/gcc/arm-none-eabi/9.2.1/../../../arm-none-eabi/lib/thumb/v7e-m+fp/hard/libg_nano.a(lib_a-malloc.o)
                0x0000000000005394                malloc
                0x00000000000053a4                free
 .text          0x00000000000053b4      0x134 /usr/lib/gcc/arm-none-eabi/9.2.1/../../../arm-none-eabi/lib/thumb/v7e-m+fp/hard/libg_nano.a(lib_a-memcpy.o)
                0x00000000000053b4                memcpy
 .text          0x00000000000054e8       0xa0 /usr/lib/gcc/arm-none-eabi/9.2.1/../../../arm-none-eabi/lib/thumb/v7e-m+fp/hard/libg_nano.a(lib_a-memset.o)
                0x00000000000054e8                memset
 .text          0x0000000000005588       0xac /usr/lib/gcc/arm-none-eabi/9.2.1/../../../arm-none-eabi/lib/thumb/v7e-m+fp/hard/libg_nano.a(lib_a-nano-freer.o)
                0x0000000000005588                _free_r
 .text          0x0000000000005634       0xc8 /usr/lib/gcc/arm-none-eabi/9.2.1/../../../arm-none-eabi/lib/thumb/v7e-m+fp/hard/libg_nano.a(lib_a-nano-mallocr.o)
                0x0000000000005634                _malloc_r
 .text          0x00000000000056fc       0x68 /usr/lib/gcc/arm-none-eabi/9.2.1/../../../arm-none-eabi/lib/thumb/v7e-m+fp/hard/libg_nano.a(lib_a-printf.o)
                0x00000000000056fc                _printf_r
                0x00000000000056fc                _iprintf_r
                0x000000000000572c                printf
                0x000000000000572c                iprintf
 .text          0x0000000000005764       0xe8 /usr/lib/gcc/arm-none-eabi/9.2.1/../../../arm-none-eabi/lib/thumb/v7e-m+fp/hard/libg_nano.a(lib_a-puts.o)
                0x0000000000005764                _puts_r
                0x000000000000583c                puts
 .text          0x000000000000584c       0x24 /usr/lib/gcc/arm-none-eabi/9.2.1/../../../arm-none-eabi/lib/thumb/v7e-m+fp/hard/libg_nano.a(lib_a-sbrkr.o)
                0x000000000000584c                _sbrk_r
 .text          0x0000000000005870       0x1c /usr/lib/gcc/arm-none-eabi/9.2.1/../../../arm-none-eabi/lib/thumb/v7e-m+fp/hard/libg_nano.a(lib_a-setjmp.o)
                0x0000000000005870                setjmp
                0x000000000000587c                longjmp
 .text          0x000000000000588c      0x110 /usr/lib/gcc/arm-none-eabi/9.2.1/../../../arm-none-eabi/lib/thumb/v7e-m+fp/hard/libg_nano.a(lib_a-snprintf.o)
                0x000000000000588c                _sniprintf_r
                0x000000000000588c                _snprintf_r
                0x0000000000005910                snprintf
                0x0000000000005910                sniprintf
 .text          0x000000000000599c       0x80 /usr/lib/gcc/arm-none-eabi/9.2.1/../../../arm-none-eabi/lib/thumb/v7e-m+fp/hard/libg_nano.a(lib_a-sprintf.o)
                0x000000000000599c                _siprintf_r
                0x000000000000599c                _sprintf_r
                0x00000000000059d8                sprintf
                0x00000000000059d8                siprintf
 .text          0x0000000000005a1c       0xc8 /usr/lib/gcc/arm-none-eabi/9.2.1/../../../arm-none-eabi/lib/thumb/v7e-m+fp/hard/libg_nano.a(lib_a-strchr.o)
                0x0000000000005a1c                strchr
 *fill*         0x0000000000005ae4       0x1c 
 .text          0x0000000000005b00      0x2dc /usr/lib/gcc/arm-none-eabi/9.2.1/../../../arm-none-eabi/lib/thumb/v7e-m+fp/hard/libg_nano.a(lib_a-strcmp.o)
                0x0000000000005b08                strcmp
 .text          0x0000000000005ddc       0xbc /usr/lib/gcc/arm-none-eabi/9.2.1/../../../arm-none-eabi/lib/thumb/v7e-m+fp/hard/libg_nano.a(lib_a-strcpy.o)
                0x0000000000005ddc                strcpy
 *fill*         0x0000000000005e98       0x28 
 .text          0x0000000000005ec0       0xdc /usr/lib/gcc/arm-none-eabi/9.2.1/../../../arm-none-eabi/lib/thumb/v7e-m+fp/hard/libg_nano.a(lib_a-strlen.o)
                0x0000000000005ec0                strlen
 .text          0x0000000000005f9c       0x74 /usr/lib/gcc/arm-none-eabi/9.2.1/../../../arm-none-eabi/lib/thumb/v7e-m+fp/hard/libg_nano.a(lib_a-strncpy.o)
                0x0000000000005f9c                strncpy
 .text          0x0000000000006010       0x24 /usr/lib/gcc/arm-none-eabi/9.2.1/../../../arm-none-eabi/lib/thumb/v7e-m+fp/hard/libg_nano.a(lib_a-strrchr.o)
                0x0000000000006010                strrchr
 .text          0x0000000000006034       0x70 /usr/lib/gcc/arm-none-eabi/9.2.1/../../../arm-none-eabi/lib/thumb/v7e-m+fp/hard/libg_nano.a(lib_a-strtok_r.o)
                0x0000000000006034                __strtok_r
                0x000000000000609c                strtok_r
 .text          0x00000000000060a4      0x1c4 /usr/lib/gcc/arm-none-eabi/9.2.1/../../../arm-none-eabi/lib/thumb/v7e-m+fp/hard/libg_nano.a(lib_a-strtoll.o)
                0x0000000000006234                _strtoll_r
                0x0000000000006238                strtoll_l
                0x0000000000006250                strtoll
 .text          0x0000000000006268      0x1f8 /usr/lib/gcc/arm-none-eabi/9.2.1/../../../arm-none-eabi/lib/thumb/v7e-m+fp/hard/libg_nano.a(lib_a-strtoull.o)
                0x000000000000642c                _strtoull_r
                0x0000000000006430                strtoull_l
                0x0000000000006448                strtoull
 .text          0x0000000000006460       0x88 /usr/lib/gcc/arm-none-eabi/9.2.1/../../../arm-none-eabi/lib/thumb/v7e-m+fp/hard/libg_nano.a(lib_a-vsnprintf.o)
                0x0000000000006460                _vsnprintf_r
                0x0000000000006460                _vsniprintf_r
                0x00000000000064cc                vsnprintf
                0x00000000000064cc                vsniprintf
 .text          0x00000000000064e8       0xc0 /usr/lib/gcc/arm-none-eabi/9.2.1/../../../arm-none-eabi/lib/thumb/v7e-m+fp/hard/libg_nano.a(lib_a-wbuf.o)
                0x00000000000064e8                __swbuf_r
                0x0000000000006598                __swbuf
 .text          0x00000000000065a8      0x100 /usr/lib/gcc/arm-none-eabi/9.2.1/../../../arm-none-eabi/lib/thumb/v7e-m+fp/hard/libg_nano.a(lib_a-wsetup.o)
                0x00000000000065a8                __swsetup_r
 .text          0x00000000000066a8       0xa0 /usr/lib/gcc/arm-none-eabi/9.2.1/../../../arm-none-eabi/lib/thumb/v7e-m+fp/hard/libg_nano.a(lib_a-__atexit.o)
                0x00000000000066a8                __register_exitproc
 .text          0x0000000000006748       0x9c /usr/lib/gcc/arm-none-eabi/9.2.1/../../../arm-none-eabi/lib/thumb/v7e-m+fp/hard/libg_nano.a(lib_a-__call_atexit.o)
                0x0000000000006748                __call_exitprocs
 .text          0x00000000000067e4      0x1b0 /usr/lib/gcc/arm-none-eabi/9.2.1/../../../arm-none-eabi/lib/thumb/v7e-m+fp/hard/libg_nano.a(lib_a-fflush.o)
                0x00000000000067e4                __sflush_r
                0x0000000000006910                _fflush_r
                0x0000000000006970                fflush
 .text          0x0000000000006994      0x210 /usr/lib/gcc/arm-none-eabi/9.2.1/../../../arm-none-eabi/lib/thumb/v7e-m+fp/hard/libg_nano.a(lib_a-findfp.o)
                0x0000000000006998                _cleanup_r
                0x00000000000069a8                __sfmoreglue
                0x00000000000069d8                __sfp
                0x0000000000006b50                _cleanup
                0x0000000000006b64                __sinit
                0x0000000000006b6c                __sfp_lock_acquire
                0x0000000000006b70                __sfp_lock_release
                0x0000000000006b74                __sinit_lock_acquire
                0x0000000000006b78                __sinit_lock_release
                0x0000000000006b7c                __fp_lock_all
                0x0000000000006b90                __fp_unlock_all
 .text          0x0000000000006ba4       0xa0 /usr/lib/gcc/arm-none-eabi/9.2.1/../../../arm-none-eabi/lib/thumb/v7e-m+fp/hard/libg_nano.a(lib_a-fwalk.o)
                0x0000000000006ba4                _fwalk
                0x0000000000006bf0                _fwalk_reent
 .text          0x0000000000006c44       0xf0 /usr/lib/gcc/arm-none-eabi/9.2.1/../../../arm-none-eabi/lib/thumb/v7e-m+fp/hard/libg_nano.a(lib_a-makebuf.o)
                0x0000000000006c44                __swhatbuf_r
                0x0000000000006ca0                __smakebuf_r
 .text          0x0000000000006d34        0x8 /usr/lib/gcc/arm-none-eabi/9.2.1/../../../arm-none-eabi/lib/thumb/v7e-m+fp/hard/libg_nano.a(lib_a-mlock.o)
                0x0000000000006d34                __malloc_lock
                0x0000000000006d38                __malloc_unlock
 .text          0x0000000000006d3c      0x42c /usr/lib/gcc/arm-none-eabi/9.2.1/../../../arm-none-eabi/lib/thumb/v7e-m+fp/hard/libg_nano.a(lib_a-nano-svfprintf.o)
                0x0000000000006d3c                __ssputs_r
                0x0000000000006dfc                __ssprint_r
                0x0000000000006ef4                _svfprintf_r
                0x0000000000006ef4                _svfiprintf_r
 .text          0x0000000000007168      0x364 /usr/lib/gcc/arm-none-eabi/9.2.1/../../../arm-none-eabi/lib/thumb/v7e-m+fp/hard/libg_nano.a(lib_a-nano-vfprintf.o)
                0x00000000000071a4                __sfputs_r
                0x00000000000071d4                __sprint_r
                0x00000000000071f0                _vfiprintf_r
                0x00000000000071f0                _vfprintf_r
                0x00000000000074b4                vfiprintf
                0x00000000000074b4                vfprintf
 .text          0x00000000000074cc      0x3c4 /usr/lib/gcc/arm-none-eabi/9.2.1/../../../arm-none-eabi/lib/thumb/v7e-m+fp/hard/libg_nano.a(lib_a-nano-vfprintf_i.o)
                0x00000000000074cc                _printf_common
                0x00000000000075f8                _printf_i
 .text          0x0000000000007890       0x90 /usr/lib/gcc/arm-none-eabi/9.2.1/../../../arm-none-eabi/lib/thumb/v7e-m+fp/hard/libg_nano.a(lib_a-stdio.o)
                0x0000000000007890                __sread
                0x00000000000078b4                __seofread
                0x00000000000078b8                __swrite
                0x00000000000078f8                __sseek
                0x0000000000007918                __sclose
 .text          0x0000000000007920       0x2c /usr/lib/gcc/arm-none-eabi/9.2.1/../../../arm-none-eabi/lib/thumb/v7e-m+fp/hard/libg_nano.a(lib_a-writer.o)
                0x0000000000007920                _write_r
 .text          0x000000000000794c       0x24 /usr/lib/gcc/arm-none-eabi/9.2.1/../../../arm-none-eabi/lib/thumb/v7e-m+fp/hard/libg_nano.a(lib_a-closer.o)
                0x000000000000794c                _close_r
 .text          0x0000000000007970       0x28 /usr/lib/gcc/arm-none-eabi/9.2.1/../../../arm-none-eabi/lib/thumb/v7e-m+fp/hard/libg_nano.a(lib_a-fstatr.o)
                0x0000000000007970                _fstat_r
 .text          0x0000000000007998      0x308 /usr/lib/gcc/arm-none-eabi/9.2.1/../../../arm-none-eabi/lib/thumb/v7e-m+fp/hard/libg_nano.a(lib_a-fvwrite.o)
                0x0000000000007998                __sfvwrite_r
 .text          0x0000000000007ca0       0x24 /usr/lib/gcc/arm-none-eabi/9.2.1/../../../arm-none-eabi/lib/thumb/v7e-m+fp/hard/libg_nano.a(lib_a-isattyr.o)
                0x0000000000007ca0                _isatty_r
 .text          0x0000000000007cc4       0x2c /usr/lib/gcc/arm-none-eabi/9.2.1/../../../arm-none-eabi/lib/thumb/v7e-m+fp/hard/libg_nano.a(lib_a-lseekr.o)
                0x0000000000007cc4                _lseek_r
 .text          0x0000000000007cf0       0xa0 /usr/lib/gcc/arm-none-eabi/9.2.1/../../../arm-none-eabi/lib/thumb/v7e-m+fp/hard/libg_nano.a(lib_a-memchr.o)
                0x0000000000007cf0                memchr
 .text          0x0000000000007d90       0xd0 /usr/lib/gcc/arm-none-eabi/9.2.1/../../../arm-none-eabi/lib/thumb/v7e-m+fp/hard/libg_nano.a(lib_a-memmove.o)
                0x0000000000007d90                memmove
 .text          0x0000000000007e60       0x4c /usr/lib/gcc/arm-none-eabi/9.2.1/../../../arm-none-eabi/lib/thumb/v7e-m+fp/hard/libg_nano.a(lib_a-nano-reallocr.o)
                0x0000000000007e60                _realloc_r
 .text          0x0000000000007eac       0x2c /usr/lib/gcc/arm-none-eabi/9.2.1/../../../arm-none-eabi/lib/thumb/v7e-m+fp/hard/libg_nano.a(lib_a-readr.o)
                0x0000000000007eac                _read_r
 .text          0x0000000000007ed8       0x10 /usr/lib/gcc/arm-none-eabi/9.2.1/../../../arm-none-eabi/lib/thumb/v7e-m+fp/hard/libg_nano.a(lib_a-nano-msizer.o)
                0x0000000000007ed8                _malloc_usable_size_r
 .text          0x0000000000007ee8       0x10 /usr/lib/gcc/arm-none-eabi/9.2.1/../../../arm-none-eabi/lib/thumb/v7e-m+fp/hard/libnosys.a(fstat.o)
                0x0000000000007ee8                _fstat
 .text          0x0000000000007ef8       0x10 /usr/lib/gcc/arm-none-eabi/9.2.1/../../../arm-none-eabi/lib/thumb/v7e-m+fp/hard/libnosys.a(isatty.o)
                0x0000000000007ef8                _isatty
 .text          0x0000000000007f08       0x1c /usr/lib/gcc/arm-none-eabi/9.2.1/../../../arm-none-eabi/lib/thumb/v7e-m+fp/hard/libnosys.a(sbrk.o)
                0x0000000000007f08                _sbrk
 .text          0x0000000000007f24        0x4 /usr/lib/gcc/arm-none-eabi/9.2.1/../../../arm-none-eabi/lib/thumb/v7e-m+fp/hard/libnosys.a(_exit.o)
                0x0000000000007f24                _exit
 *(.init)
 .init          0x0000000000007f28        0x4 /usr/lib/gcc/arm-none-eabi/9.2.1/thumb/v7e-m+fp/hard/crti.o
                0x0000000000007f28                _init
 .init          0x0000000000007f2c        0x8 /usr/lib/gcc/arm-none-eabi/9.2.1/thumb/v7e-m+fp/hard/crtn.o
 *(.fini)
 .fini          0x0000000000007f34        0x4 /usr/lib/gcc/arm-none-eabi/9.2.1/thumb/v7e-m+fp/hard/crti.o
                0x0000000000007f34                _fini
 .fini          0x0000000000007f38        0x8 /usr/lib/gcc/arm-none-eabi/9.2.1/thumb/v7e-m+fp/hard/crtn.o
 *crtbegin.o(.ctors)
 *crtbegin?.o(.ctors)
 *(EXCLUDE_FILE(*crtend.o *crtend?.o) .ctors)
 *(SORT_BY_NAME(.ctors.*))
 *(.ctors)
 *crtbegin.o(.dtors)
 *crtbegin?.o(.dtors)
 *(EXCLUDE_FILE(*crtend.o *crtend?.o) .dtors)
 *(SORT_BY_NAME(.dtors.*))
 *(.dtors)
 *(.rodata*)
 .rodata.CLI_string_ptr_get_subcmd.str1.1
                0x0000000000007f40        0xc /home/sachin/Documents/Vaman/qorc-sdk/qf_apps/Vaman_UGV_flysky/GCC_Project/output/cli_args.o
 .rodata.CLI_numX_getshow_X.str1.1
                0x0000000000007f4c       0x23 /home/sachin/Documents/Vaman/qorc-sdk/qf_apps/Vaman_UGV_flysky/GCC_Project/output/cli_args.o
 .rodata.handle_help.str1.1
                0x0000000000007f6f       0x2e /home/sachin/Documents/Vaman/qorc-sdk/qf_apps/Vaman_UGV_flysky/GCC_Project/output/cli_loop.o
                                         0x33 (size before relaxing)
 .rodata.CLI_cmd_stack_push.str1.1
                0x0000000000007f9d       0x1a /home/sachin/Documents/Vaman/qorc-sdk/qf_apps/Vaman_UGV_flysky/GCC_Project/output/cli_loop.o
 .rodata.CLI_cmd_stack_pop.str1.1
                0x0000000000007fb7       0x16 /home/sachin/Documents/Vaman/qorc-sdk/qf_apps/Vaman_UGV_flysky/GCC_Project/output/cli_loop.o
 .rodata.handle_exit.str1.1
                0x0000000000007fcd        0xa /home/sachin/Documents/Vaman/qorc-sdk/qf_apps/Vaman_UGV_flysky/GCC_Project/output/cli_loop.o
 .rodata.CLI_print_prompt.str1.1
                0x0000000000007fd7        0xd /home/sachin/Documents/Vaman/qorc-sdk/qf_apps/Vaman_UGV_flysky/GCC_Project/output/cli_loop.o
 .rodata.CLI_dispatch_subcmd.str1.1
                0x0000000000007fe4       0x2a /home/sachin/Documents/Vaman/qorc-sdk/qf_apps/Vaman_UGV_flysky/GCC_Project/output/cli_loop.o
 .rodata.CLI_dispatch.str1.1
                0x000000000000800e       0x21 /home/sachin/Documents/Vaman/qorc-sdk/qf_apps/Vaman_UGV_flysky/GCC_Project/output/cli_loop.o
 .rodata.CLI_verror.str1.1
                0x000000000000802f        0x8 /home/sachin/Documents/Vaman/qorc-sdk/qf_apps/Vaman_UGV_flysky/GCC_Project/output/cli_loop.o
 .rodata.CLI_rx_byte.str1.1
                0x0000000000008037        0x9 /home/sachin/Documents/Vaman/qorc-sdk/qf_apps/Vaman_UGV_flysky/GCC_Project/output/cli_loop.o
 .rodata.str1.1
                0x0000000000008040       0x21 /home/sachin/Documents/Vaman/qorc-sdk/qf_apps/Vaman_UGV_flysky/GCC_Project/output/cli_loop.o
                                         0x26 (size before relaxing)
 .rodata._backspace.7310
                0x0000000000008061        0x4 /home/sachin/Documents/Vaman/qorc-sdk/qf_apps/Vaman_UGV_flysky/GCC_Project/output/cli_loop.o
 *fill*         0x0000000000008065        0x3 
 .rodata.std_cmds
                0x0000000000008068       0x40 /home/sachin/Documents/Vaman/qorc-sdk/qf_apps/Vaman_UGV_flysky/GCC_Project/output/cli_loop.o
 .rodata.CLI_error_missing_parameter.str1.1
                0x00000000000080a8        0xd /home/sachin/Documents/Vaman/qorc-sdk/qf_apps/Vaman_UGV_flysky/GCC_Project/output/cli_misc.o
 .rodata.CLI_error_not_a_number.str1.1
                0x00000000000080b5       0x17 /home/sachin/Documents/Vaman/qorc-sdk/qf_apps/Vaman_UGV_flysky/GCC_Project/output/cli_misc.o
 .rodata.CLI_task.str1.1
                0x00000000000080cc       0x42 /home/sachin/Documents/Vaman/qorc-sdk/qf_apps/Vaman_UGV_flysky/GCC_Project/output/cli_platform.o
 .rodata.CLI_start_task.str1.1
                0x000000000000810e       0x4b /home/sachin/Documents/Vaman/qorc-sdk/qf_apps/Vaman_UGV_flysky/GCC_Project/output/cli_platform.o
 .rodata.dbg_str.str1.1
                0x0000000000008159        0x3 /home/sachin/Documents/Vaman/qorc-sdk/qf_apps/Vaman_UGV_flysky/GCC_Project/output/dbg_uart.o
 .rodata._colon_tt.8565
                0x000000000000815c        0x4 /home/sachin/Documents/Vaman/qorc-sdk/qf_apps/Vaman_UGV_flysky/GCC_Project/output/dbg_uart.o
 .rodata.HAL_PAD_Config.str1.1
                0x0000000000008160       0x45 /home/sachin/Documents/Vaman/qorc-sdk/qf_apps/Vaman_UGV_flysky/GCC_Project/output/eoss3_hal_pad_config.o
 .rodata.IO_INPUT_PAD_SEL
                0x00000000000081a5       0x10 /home/sachin/Documents/Vaman/qorc-sdk/qf_apps/Vaman_UGV_flysky/GCC_Project/output/eoss3_hal_pad_config.o
                0x00000000000081a5                IO_INPUT_PAD_SEL
 .rodata.SEL_EXT_PAD_REGS
                0x00000000000081b5      0x160 /home/sachin/Documents/Vaman/qorc-sdk/qf_apps/Vaman_UGV_flysky/GCC_Project/output/eoss3_hal_pad_config.o
                0x00000000000081b5                SEL_EXT_PAD_REGS
 .rodata.unlock_spi1_bus.str1.1
                0x0000000000008315       0x36 /home/sachin/Documents/Vaman/qorc-sdk/qf_apps/Vaman_UGV_flysky/GCC_Project/output/eoss3_hal_spi.o
 .rodata.SendEventToTimerThread.str1.1
                0x000000000000834b       0x82 /home/sachin/Documents/Vaman/qorc-sdk/qf_apps/Vaman_UGV_flysky/GCC_Project/output/eoss3_hal_timer.o
 .rodata.HAL_Timer_ISR.str1.1
                0x00000000000083cd       0x20 /home/sachin/Documents/Vaman/qorc-sdk/qf_apps/Vaman_UGV_flysky/GCC_Project/output/eoss3_hal_timer.o
 .rodata.__FUNCTION__.9326
                0x00000000000083ed        0xe /home/sachin/Documents/Vaman/qorc-sdk/qf_apps/Vaman_UGV_flysky/GCC_Project/output/eoss3_hal_timer.o
 .rodata.uart_init.str1.1
                0x00000000000083fb        0xc /home/sachin/Documents/Vaman/qorc-sdk/qf_apps/Vaman_UGV_flysky/GCC_Project/output/eoss3_hal_uart.o
 *fill*         0x0000000000008407        0x1 
 .rodata.CSWTCH.25
                0x0000000000008408       0x28 /home/sachin/Documents/Vaman/qorc-sdk/qf_apps/Vaman_UGV_flysky/GCC_Project/output/eoss3_hal_uart.o
 .rodata.WDT_ISR.str1.1
                0x0000000000008430       0x4d /home/sachin/Documents/Vaman/qorc-sdk/qf_apps/Vaman_UGV_flysky/GCC_Project/output/eoss3_hal_wdt.o
 .rodata.__FUNCTION__.8690
                0x000000000000847d        0x8 /home/sachin/Documents/Vaman/qorc-sdk/qf_apps/Vaman_UGV_flysky/GCC_Project/output/eoss3_hal_wdt.o
 .rodata.spurious_interrupt.str1.1
                0x0000000000008485        0xd /home/sachin/Documents/Vaman/qorc-sdk/qf_apps/Vaman_UGV_flysky/GCC_Project/output/exceptions.o
 .rodata.prvGetRegistersFromStack.str1.1
                0x0000000000008492       0x41 /home/sachin/Documents/Vaman/qorc-sdk/qf_apps/Vaman_UGV_flysky/GCC_Project/output/exceptions.o
                                         0x44 (size before relaxing)
 .rodata.vApplicationMallocFailedHook.str1.1
                0x00000000000084d3       0x20 /home/sachin/Documents/Vaman/qorc-sdk/qf_apps/Vaman_UGV_flysky/GCC_Project/output/exceptions.o
 .rodata.vApplicationStackOverflowHook.str1.1
                0x00000000000084f3       0x21 /home/sachin/Documents/Vaman/qorc-sdk/qf_apps/Vaman_UGV_flysky/GCC_Project/output/exceptions.o
 .rodata.pvPortMalloc.str1.1
                0x0000000000008514       0x49 /home/sachin/Documents/Vaman/qorc-sdk/qf_apps/Vaman_UGV_flysky/GCC_Project/output/heap_4.o
 .rodata.vPortFree.str1.1
                0x000000000000855d       0x35 /home/sachin/Documents/Vaman/qorc-sdk/qf_apps/Vaman_UGV_flysky/GCC_Project/output/heap_4.o
 .rodata.main.str1.1
                0x0000000000008592       0xba /home/sachin/Documents/Vaman/qorc-sdk/qf_apps/Vaman_UGV_flysky/GCC_Project/output/main.o
                                         0xbf (size before relaxing)
 .rodata.set_gpio_input.str1.1
                0x000000000000864c        0x3 /home/sachin/Documents/Vaman/qorc-sdk/qf_apps/Vaman_UGV_flysky/GCC_Project/output/main_dbg_cli_menu.o
 .rodata.set_gpio_output.str1.1
                0x000000000000864f        0x3 /home/sachin/Documents/Vaman/qorc-sdk/qf_apps/Vaman_UGV_flysky/GCC_Project/output/main_dbg_cli_menu.o
                                          0x4 (size before relaxing)
 .rodata.get_gpio_value.str1.1
                0x000000000000864f       0x11 /home/sachin/Documents/Vaman/qorc-sdk/qf_apps/Vaman_UGV_flysky/GCC_Project/output/main_dbg_cli_menu.o
 .rodata.str1.1
                0x0000000000008660       0x6e /home/sachin/Documents/Vaman/qorc-sdk/qf_apps/Vaman_UGV_flysky/GCC_Project/output/main_dbg_cli_menu.o
 *fill*         0x00000000000086ce        0x2 
 .rodata.my_main_menu
                0x00000000000086d0       0x20 /home/sachin/Documents/Vaman/qorc-sdk/qf_apps/Vaman_UGV_flysky/GCC_Project/output/main_dbg_cli_menu.o
                0x00000000000086d0                my_main_menu
 .rodata.qorc_gpioctlr
                0x00000000000086f0       0x40 /home/sachin/Documents/Vaman/qorc-sdk/qf_apps/Vaman_UGV_flysky/GCC_Project/output/main_dbg_cli_menu.o
                0x00000000000086f0                qorc_gpioctlr
 .rodata.prvTaskExitError.str1.1
                0x0000000000008730       0x5c /home/sachin/Documents/Vaman/qorc-sdk/qf_apps/Vaman_UGV_flysky/GCC_Project/output/port.o
 .rodata.xQueueGenericReset.str1.1
                0x000000000000878c       0x37 /home/sachin/Documents/Vaman/qorc-sdk/qf_apps/Vaman_UGV_flysky/GCC_Project/output/queue.o
 .rodata.S3x_Clk_Init.str1.1
                0x00000000000087c3       0x4d /home/sachin/Documents/Vaman/qorc-sdk/qf_apps/Vaman_UGV_flysky/GCC_Project/output/s3x_clock.o
 .rodata.DFS_StartTimer.str1.1
                0x0000000000008810       0x4e /home/sachin/Documents/Vaman/qorc-sdk/qf_apps/Vaman_UGV_flysky/GCC_Project/output/s3x_dfs.o
 .rodata.S3x_Set_Policy.str1.1
                0x000000000000885e       0x17 /home/sachin/Documents/Vaman/qorc-sdk/qf_apps/Vaman_UGV_flysky/GCC_Project/output/s3x_dfs.o
 .rodata.s3x_pi_set_active_st.str1.1
                0x0000000000008875       0x2f /home/sachin/Documents/Vaman/qorc-sdk/qf_apps/Vaman_UGV_flysky/GCC_Project/output/s3x_pi.o
 .rodata.__func__.9039